Running main() from C:\Users\natha\vcpkg\buildtrees\gtest\src\v1.17.0-0c449efaff.clean\googletest\src\gtest_main.cc
[==========] Running 11 tests from 3 test suites.
[----------] Global test environment set-up.
[----------] 5 tests from StrategyIcComposition
[ RUN      ] StrategyIcComposition.Actual48DslArtifactRunsWithBoundedLookbackAndCausalMask
[       OK ] StrategyIcComposition.Actual48DslArtifactRunsWithBoundedLookbackAndCausalMask (822 ms)
[ RUN      ] StrategyIcComposition.FixedFamilyBudgetsNeutralMissingAndPlannedExitAccounting
[       OK ] StrategyIcComposition.FixedFamilyBudgetsNeutralMissingAndPlannedExitAccounting (0 ms)
[ RUN      ] StrategyIcComposition.UnorientedAndConstantSignalsCannotInventPositions
[       OK ] StrategyIcComposition.UnorientedAndConstantSignalsCannotInventPositions (0 ms)
[ RUN      ] StrategyIcComposition.FuturePayloadAndMembershipDoNotChangePrefix
[       OK ] StrategyIcComposition.FuturePayloadAndMembershipDoNotChangePrefix (0 ms)
[ RUN      ] StrategyIcComposition.AdmissionPrecedesAllocationAndIncompleteInputRefuses
[       OK ] StrategyIcComposition.AdmissionPrecedesAllocationAndIncompleteInputRefuses (0 ms)
[----------] 5 tests from StrategyIcComposition (822 ms total)

[----------] 3 tests from StrategyIcRunner
[ RUN      ] StrategyIcRunner.FreezesTrainSignsAndReportsCombinedIcWithoutBookReturns
[       OK ] StrategyIcRunner.FreezesTrainSignsAndReportsCombinedIcWithoutBookReturns (208 ms)
[ RUN      ] StrategyIcRunner.PlanOnlyPinsMetadataAndNeverLoadsPayload
[       OK ] StrategyIcRunner.PlanOnlyPinsMetadataAndNeverLoadsPayload (121 ms)
[ RUN      ] StrategyIcRunner.InsufficientHorizonProducesNullRatherThanZeroMean
[       OK ] StrategyIcRunner.InsufficientHorizonProducesNullRatherThanZeroMean (176 ms)
[----------] 3 tests from StrategyIcRunner (506 ms total)

[----------] 3 tests from ResearchIc
[ RUN      ] ResearchIc.LegacyFourHorizonSeriesRemainBitIdentical
[       OK ] ResearchIc.LegacyFourHorizonSeriesRemainBitIdentical (13 ms)
[ RUN      ] ResearchIc.EndpointPresenceAndCandidatePairsAreCountedWithoutFutureMembership
[       OK ] ResearchIc.EndpointPresenceAndCandidatePairsAreCountedWithoutFutureMembership (0 ms)
[ RUN      ] ResearchIc.ShortLongHorizonIsUnavailableAndNeverRejected
[       OK ] ResearchIc.ShortLongHorizonIsUnavailableAndNeverRejected (0 ms)
[----------] 3 tests from ResearchIc (14 ms total)

[----------] Global test environment tear-down
[==========] 11 tests from 3 test suites ran. (1344 ms total)
[  PASSED  ] 11 tests.
