2026-09-22 17:53:55,397 INFO atx_db.fundamentals: companyfacts resume verifying receipts and retained fact/point rows
2026-09-22 17:53:55,471 INFO atx_db._companyfacts_resume: companyfacts resume receipts=8819 lineage_runs=6; inventorying retained issuer counts
2026-09-22 17:53:57,033 INFO atx_db._companyfacts_resume: companyfacts resume aggregating retained fact fingerprints
2026-09-22 17:57:03,796 INFO atx_db._companyfacts_resume: companyfacts resume fact_identity_groups=12476; aggregating retained point fingerprints
2026-09-22 17:59:51,166 INFO atx_db._companyfacts_resume: companyfacts resume point_identity_groups=12476; recovering unresolved issuer summaries
2026-09-22 17:59:53,484 INFO atx_db.fundamentals: companyfacts resume verified targets=8819 rows=37648977
2026-09-22 17:59:53,484 INFO atx_db.fundamentals: companyfacts processed=0 total=20390 loaded=0 empty=0 unavailable=0 failed=0 rows=0
2026-09-22 17:59:54,972 INFO atx_db.fundamentals: companyfacts CIK inventory issuers=12476 spellings=12476 elapsed_seconds=1.366
2026-09-22 17:59:55,306 INFO atx_db.fundamentals: companyfacts processed=25 total=20390 loaded=19 empty=5 unavailable=1 failed=0 rows=0
2026-09-22 17:59:55,739 INFO atx_db.fundamentals: companyfacts processed=50 total=20390 loaded=40 empty=9 unavailable=1 failed=0 rows=0
2026-09-22 17:59:56,989 INFO atx_db.fundamentals: companyfacts processed=75 total=20390 loaded=64 empty=10 unavailable=1 failed=0 rows=0
2026-09-22 17:59:57,456 INFO atx_db.fundamentals: companyfacts processed=100 total=20390 loaded=87 empty=12 unavailable=1 failed=0 rows=0
2026-09-22 17:59:57,874 INFO atx_db.fundamentals: companyfacts processed=125 total=20390 loaded=107 empty=17 unavailable=1 failed=0 rows=0
2026-09-22 17:59:58,392 INFO atx_db.fundamentals: companyfacts processed=150 total=20390 loaded=130 empty=19 unavailable=1 failed=0 rows=0
2026-09-22 17:59:59,691 INFO atx_db.fundamentals: companyfacts processed=175 total=20390 loaded=154 empty=20 unavailable=1 failed=0 rows=0
2026-09-22 18:00:00,155 INFO atx_db.fundamentals: companyfacts processed=200 total=20390 loaded=178 empty=21 unavailable=1 failed=0 rows=0
2026-09-22 18:00:00,583 INFO atx_db.fundamentals: companyfacts processed=225 total=20390 loaded=202 empty=21 unavailable=2 failed=0 rows=0
2026-09-22 18:00:01,014 INFO atx_db.fundamentals: companyfacts processed=250 total=20390 loaded=224 empty=24 unavailable=2 failed=0 rows=0
2026-09-22 18:00:01,475 INFO atx_db.fundamentals: companyfacts processed=275 total=20390 loaded=245 empty=28 unavailable=2 failed=0 rows=0
2026-09-22 18:00:02,762 INFO atx_db.fundamentals: companyfacts processed=300 total=20390 loaded=266 empty=32 unavailable=2 failed=0 rows=0
2026-09-22 18:00:03,215 INFO atx_db.fundamentals: companyfacts processed=325 total=20390 loaded=289 empty=34 unavailable=2 failed=0 rows=0
2026-09-22 18:00:03,629 INFO atx_db.fundamentals: companyfacts processed=350 total=20390 loaded=309 empty=39 unavailable=2 failed=0 rows=0
2026-09-22 18:00:04,863 INFO atx_db.fundamentals: companyfacts processed=375 total=20390 loaded=331 empty=42 unavailable=2 failed=0 rows=0
2026-09-22 18:00:05,290 INFO atx_db.fundamentals: companyfacts processed=400 total=20390 loaded=353 empty=45 unavailable=2 failed=0 rows=0
2026-09-22 18:00:05,704 INFO atx_db.fundamentals: companyfacts processed=425 total=20390 loaded=374 empty=48 unavailable=3 failed=0 rows=0
2026-09-22 18:00:06,970 INFO atx_db.fundamentals: companyfacts processed=450 total=20390 loaded=397 empty=50 unavailable=3 failed=0 rows=0
2026-09-22 18:00:07,432 INFO atx_db.fundamentals: companyfacts processed=475 total=20390 loaded=419 empty=53 unavailable=3 failed=0 rows=0
2026-09-22 18:00:07,887 INFO atx_db.fundamentals: companyfacts processed=500 total=20390 loaded=444 empty=53 unavailable=3 failed=0 rows=0
2026-09-22 18:00:08,316 INFO atx_db.fundamentals: companyfacts processed=525 total=20390 loaded=467 empty=55 unavailable=3 failed=0 rows=0
2026-09-22 18:00:08,755 INFO atx_db.fundamentals: companyfacts processed=550 total=20390 loaded=490 empty=57 unavailable=3 failed=0 rows=0
2026-09-22 18:00:10,001 INFO atx_db.fundamentals: companyfacts processed=575 total=20390 loaded=512 empty=60 unavailable=3 failed=0 rows=0
2026-09-22 18:00:10,451 INFO atx_db.fundamentals: companyfacts processed=600 total=20390 loaded=537 empty=60 unavailable=3 failed=0 rows=0
2026-09-22 18:00:10,868 INFO atx_db.fundamentals: companyfacts processed=625 total=20390 loaded=559 empty=63 unavailable=3 failed=0 rows=0
2026-09-22 18:00:11,302 INFO atx_db.fundamentals: companyfacts processed=650 total=20390 loaded=581 empty=66 unavailable=3 failed=0 rows=0
2026-09-22 18:00:12,586 INFO atx_db.fundamentals: companyfacts processed=675 total=20390 loaded=604 empty=68 unavailable=3 failed=0 rows=0
2026-09-22 18:00:13,048 INFO atx_db.fundamentals: companyfacts processed=700 total=20390 loaded=625 empty=71 unavailable=4 failed=0 rows=0
2026-09-22 18:00:14,271 INFO atx_db.fundamentals: companyfacts processed=725 total=20390 loaded=638 empty=83 unavailable=4 failed=0 rows=0
2026-09-22 18:00:14,728 INFO atx_db.fundamentals: companyfacts processed=750 total=20390 loaded=662 empty=84 unavailable=4 failed=0 rows=0
2026-09-22 18:00:15,908 INFO atx_db.fundamentals: companyfacts processed=775 total=20390 loaded=681 empty=90 unavailable=4 failed=0 rows=0
2026-09-22 18:00:16,358 INFO atx_db.fundamentals: companyfacts processed=800 total=20390 loaded=703 empty=93 unavailable=4 failed=0 rows=0
2026-09-22 18:00:16,819 INFO atx_db.fundamentals: companyfacts processed=825 total=20390 loaded=728 empty=93 unavailable=4 failed=0 rows=0
2026-09-22 18:00:17,273 INFO atx_db.fundamentals: companyfacts processed=850 total=20390 loaded=752 empty=94 unavailable=4 failed=0 rows=0
2026-09-22 18:00:18,591 INFO atx_db.fundamentals: companyfacts processed=875 total=20390 loaded=774 empty=97 unavailable=4 failed=0 rows=0
2026-09-22 18:00:19,025 INFO atx_db.fundamentals: companyfacts processed=900 total=20390 loaded=796 empty=100 unavailable=4 failed=0 rows=0
2026-09-22 18:00:20,210 INFO atx_db.fundamentals: companyfacts processed=925 total=20390 loaded=814 empty=106 unavailable=5 failed=0 rows=0
2026-09-22 18:00:20,662 INFO atx_db.fundamentals: companyfacts processed=950 total=20390 loaded=837 empty=107 unavailable=6 failed=0 rows=0
2026-09-22 18:00:21,094 INFO atx_db.fundamentals: companyfacts processed=975 total=20390 loaded=860 empty=109 unavailable=6 failed=0 rows=0
2026-09-22 18:00:22,311 INFO atx_db.fundamentals: companyfacts processed=1000 total=20390 loaded=877 empty=116 unavailable=7 failed=0 rows=0
2026-09-22 18:00:22,727 INFO atx_db.fundamentals: companyfacts processed=1025 total=20390 loaded=894 empty=123 unavailable=8 failed=0 rows=0
2026-09-22 18:00:23,962 INFO atx_db.fundamentals: companyfacts processed=1050 total=20390 loaded=914 empty=128 unavailable=8 failed=0 rows=0
2026-09-22 18:00:24,379 INFO atx_db.fundamentals: companyfacts processed=1075 total=20390 loaded=934 empty=133 unavailable=8 failed=0 rows=0
2026-09-22 18:00:25,697 INFO atx_db.fundamentals: companyfacts processed=1100 total=20390 loaded=954 empty=138 unavailable=8 failed=0 rows=0
2026-09-22 18:00:26,116 INFO atx_db.fundamentals: companyfacts processed=1125 total=20390 loaded=973 empty=143 unavailable=9 failed=0 rows=0
2026-09-22 18:00:27,314 INFO atx_db.fundamentals: companyfacts processed=1150 total=20390 loaded=994 empty=147 unavailable=9 failed=0 rows=0
2026-09-22 18:00:27,748 INFO atx_db.fundamentals: companyfacts processed=1175 total=20390 loaded=1016 empty=150 unavailable=9 failed=0 rows=0
2026-09-22 18:00:28,182 INFO atx_db.fundamentals: companyfacts processed=1200 total=20390 loaded=1038 empty=153 unavailable=9 failed=0 rows=0
2026-09-22 18:00:30,086 INFO atx_db.fundamentals: companyfacts processed=1225 total=20390 loaded=1060 empty=156 unavailable=9 failed=0 rows=0
2026-09-22 18:00:30,533 INFO atx_db.fundamentals: companyfacts processed=1250 total=20390 loaded=1082 empty=158 unavailable=10 failed=0 rows=0
2026-09-22 18:00:31,800 INFO atx_db.fundamentals: companyfacts processed=1275 total=20390 loaded=1098 empty=167 unavailable=10 failed=0 rows=0
2026-09-22 18:00:32,253 INFO atx_db.fundamentals: companyfacts processed=1300 total=20390 loaded=1115 empty=175 unavailable=10 failed=0 rows=0
2026-09-22 18:00:33,587 INFO atx_db.fundamentals: companyfacts processed=1325 total=20390 loaded=1134 empty=181 unavailable=10 failed=0 rows=0
2026-09-22 18:00:34,021 INFO atx_db.fundamentals: companyfacts processed=1350 total=20390 loaded=1154 empty=185 unavailable=11 failed=0 rows=0
2026-09-22 18:00:35,303 INFO atx_db.fundamentals: companyfacts processed=1375 total=20390 loaded=1176 empty=188 unavailable=11 failed=0 rows=0
2026-09-22 18:00:35,722 INFO atx_db.fundamentals: companyfacts processed=1400 total=20390 loaded=1195 empty=194 unavailable=11 failed=0 rows=0
2026-09-22 18:00:36,206 INFO atx_db.fundamentals: companyfacts processed=1425 total=20390 loaded=1219 empty=195 unavailable=11 failed=0 rows=0
2026-09-22 18:00:37,458 INFO atx_db.fundamentals: companyfacts processed=1450 total=20390 loaded=1243 empty=196 unavailable=11 failed=0 rows=0
2026-09-22 18:00:37,924 INFO atx_db.fundamentals: companyfacts processed=1475 total=20390 loaded=1267 empty=197 unavailable=11 failed=0 rows=0
2026-09-22 18:00:38,339 INFO atx_db.fundamentals: companyfacts processed=1500 total=20390 loaded=1286 empty=202 unavailable=12 failed=0 rows=0
2026-09-22 18:00:38,791 INFO atx_db.fundamentals: companyfacts processed=1525 total=20390 loaded=1309 empty=204 unavailable=12 failed=0 rows=0
2026-09-22 18:00:40,076 INFO atx_db.fundamentals: companyfacts processed=1550 total=20390 loaded=1330 empty=208 unavailable=12 failed=0 rows=0
2026-09-22 18:00:40,523 INFO atx_db.fundamentals: companyfacts processed=1575 total=20390 loaded=1353 empty=210 unavailable=12 failed=0 rows=0
2026-09-22 18:00:40,960 INFO atx_db.fundamentals: companyfacts processed=1600 total=20390 loaded=1375 empty=213 unavailable=12 failed=0 rows=0
2026-09-22 18:00:42,344 INFO atx_db.fundamentals: companyfacts processed=1625 total=20390 loaded=1393 empty=220 unavailable=12 failed=0 rows=0
2026-09-22 18:00:43,595 INFO atx_db.fundamentals: companyfacts processed=1650 total=20390 loaded=1412 empty=226 unavailable=12 failed=0 rows=0
2026-09-22 18:00:44,045 INFO atx_db.fundamentals: companyfacts processed=1675 total=20390 loaded=1432 empty=230 unavailable=13 failed=0 rows=0
2026-09-22 18:00:44,463 INFO atx_db.fundamentals: companyfacts processed=1700 total=20390 loaded=1452 empty=234 unavailable=14 failed=0 rows=0
2026-09-22 18:00:45,764 INFO atx_db.fundamentals: companyfacts processed=1725 total=20390 loaded=1473 empty=237 unavailable=15 failed=0 rows=0
2026-09-22 18:00:46,198 INFO atx_db.fundamentals: companyfacts processed=1750 total=20390 loaded=1493 empty=242 unavailable=15 failed=0 rows=0
2026-09-22 18:00:47,448 INFO atx_db.fundamentals: companyfacts processed=1775 total=20390 loaded=1514 empty=246 unavailable=15 failed=0 rows=0
2026-09-22 18:00:47,899 INFO atx_db.fundamentals: companyfacts processed=1800 total=20390 loaded=1533 empty=250 unavailable=17 failed=0 rows=0
2026-09-22 18:00:49,120 INFO atx_db.fundamentals: companyfacts processed=1825 total=20390 loaded=1552 empty=256 unavailable=17 failed=0 rows=0
2026-09-22 18:00:49,582 INFO atx_db.fundamentals: companyfacts processed=1850 total=20390 loaded=1573 empty=260 unavailable=17 failed=0 rows=0
2026-09-22 18:00:51,324 INFO atx_db.fundamentals: companyfacts processed=1875 total=20390 loaded=1591 empty=267 unavailable=17 failed=0 rows=0
2026-09-22 18:00:51,819 INFO atx_db.fundamentals: companyfacts processed=1900 total=20390 loaded=1613 empty=270 unavailable=17 failed=0 rows=0
2026-09-22 18:00:53,080 INFO atx_db.fundamentals: companyfacts processed=1925 total=20390 loaded=1631 empty=276 unavailable=18 failed=0 rows=0
2026-09-22 18:00:53,553 INFO atx_db.fundamentals: companyfacts processed=1950 total=20390 loaded=1652 empty=280 unavailable=18 failed=0 rows=0
2026-09-22 18:00:54,036 INFO atx_db.fundamentals: companyfacts processed=1975 total=20390 loaded=1672 empty=285 unavailable=18 failed=0 rows=0
2026-09-22 18:00:55,321 INFO atx_db.fundamentals: companyfacts processed=2000 total=20390 loaded=1694 empty=288 unavailable=18 failed=0 rows=0
2026-09-22 18:00:55,772 INFO atx_db.fundamentals: companyfacts processed=2025 total=20390 loaded=1716 empty=291 unavailable=18 failed=0 rows=0
2026-09-22 18:00:56,956 INFO atx_db.fundamentals: companyfacts processed=2050 total=20390 loaded=1731 empty=301 unavailable=18 failed=0 rows=0
2026-09-22 18:00:58,229 INFO atx_db.fundamentals: companyfacts processed=2075 total=20390 loaded=1749 empty=308 unavailable=18 failed=0 rows=0
2026-09-22 18:00:58,808 INFO atx_db.fundamentals: companyfacts processed=2100 total=20390 loaded=1769 empty=312 unavailable=19 failed=0 rows=0
2026-09-22 18:00:59,341 INFO atx_db.fundamentals: companyfacts processed=2125 total=20390 loaded=1791 empty=315 unavailable=19 failed=0 rows=0
2026-09-22 18:01:01,265 INFO atx_db.fundamentals: companyfacts processed=2150 total=20390 loaded=1810 empty=319 unavailable=21 failed=0 rows=0
2026-09-22 18:01:02,261 INFO atx_db.fundamentals: companyfacts processed=2175 total=20390 loaded=1830 empty=324 unavailable=21 failed=0 rows=0
2026-09-22 18:01:04,211 INFO atx_db.fundamentals: companyfacts processed=2200 total=20390 loaded=1848 empty=329 unavailable=23 failed=0 rows=0
2026-09-22 18:01:05,886 INFO atx_db.fundamentals: companyfacts processed=2225 total=20390 loaded=1864 empty=338 unavailable=23 failed=0 rows=0
2026-09-22 18:01:06,438 INFO atx_db.fundamentals: companyfacts processed=2250 total=20390 loaded=1885 empty=342 unavailable=23 failed=0 rows=0
2026-09-22 18:01:07,037 INFO atx_db.fundamentals: companyfacts processed=2275 total=20390 loaded=1907 empty=345 unavailable=23 failed=0 rows=0
2026-09-22 18:01:08,534 INFO atx_db.fundamentals: companyfacts processed=2300 total=20390 loaded=1926 empty=351 unavailable=23 failed=0 rows=0
2026-09-22 18:01:09,017 INFO atx_db.fundamentals: companyfacts processed=2325 total=20390 loaded=1947 empty=355 unavailable=23 failed=0 rows=0
2026-09-22 18:01:10,520 INFO atx_db.fundamentals: companyfacts processed=2350 total=20390 loaded=1970 empty=357 unavailable=23 failed=0 rows=0
2026-09-22 18:01:11,235 INFO atx_db.fundamentals: companyfacts processed=2375 total=20390 loaded=1987 empty=364 unavailable=24 failed=0 rows=0
2026-09-22 18:01:13,002 INFO atx_db.fundamentals: companyfacts processed=2400 total=20390 loaded=2003 empty=372 unavailable=25 failed=0 rows=0
2026-09-22 18:01:13,920 INFO atx_db.fundamentals: companyfacts processed=2425 total=20390 loaded=2026 empty=374 unavailable=25 failed=0 rows=0
2026-09-22 18:01:16,392 INFO atx_db.fundamentals: companyfacts processed=2450 total=20390 loaded=2047 empty=378 unavailable=25 failed=0 rows=0
2026-09-22 18:01:16,836 INFO atx_db.fundamentals: companyfacts processed=2475 total=20390 loaded=2065 empty=385 unavailable=25 failed=0 rows=0
2026-09-22 18:01:18,124 INFO atx_db.fundamentals: companyfacts processed=2500 total=20390 loaded=2080 empty=395 unavailable=25 failed=0 rows=0
2026-09-22 18:01:19,458 INFO atx_db.fundamentals: companyfacts processed=2525 total=20390 loaded=2099 empty=401 unavailable=25 failed=0 rows=0
2026-09-22 18:01:19,941 INFO atx_db.fundamentals: companyfacts processed=2550 total=20390 loaded=2122 empty=403 unavailable=25 failed=0 rows=0
2026-09-22 18:01:21,400 INFO atx_db.fundamentals: companyfacts processed=2575 total=20390 loaded=2142 empty=408 unavailable=25 failed=0 rows=0
2026-09-22 18:01:21,877 INFO atx_db.fundamentals: companyfacts processed=2600 total=20390 loaded=2162 empty=413 unavailable=25 failed=0 rows=0
2026-09-22 18:01:22,394 INFO atx_db.fundamentals: companyfacts processed=2625 total=20390 loaded=2185 empty=415 unavailable=25 failed=0 rows=0
2026-09-22 18:01:23,687 INFO atx_db.fundamentals: companyfacts processed=2650 total=20390 loaded=2202 empty=423 unavailable=25 failed=0 rows=0
2026-09-22 18:01:25,046 INFO atx_db.fundamentals: companyfacts processed=2675 total=20390 loaded=2221 empty=429 unavailable=25 failed=0 rows=0
2026-09-22 18:01:25,497 INFO atx_db.fundamentals: companyfacts processed=2700 total=20390 loaded=2241 empty=434 unavailable=25 failed=0 rows=0
2026-09-22 18:01:26,962 INFO atx_db.fundamentals: companyfacts processed=2725 total=20390 loaded=2262 empty=438 unavailable=25 failed=0 rows=0
2026-09-22 18:01:27,631 INFO atx_db.fundamentals: companyfacts processed=2750 total=20390 loaded=2285 empty=440 unavailable=25 failed=0 rows=0
2026-09-22 18:01:28,294 INFO atx_db.fundamentals: companyfacts processed=2775 total=20390 loaded=2305 empty=445 unavailable=25 failed=0 rows=0
