2026-09-25 07:09:28,123 INFO atx_db.fundamentals: companyfacts resume verifying receipts and retained fact/point rows
2026-09-25 07:09:28,327 INFO atx_db._companyfacts_resume: companyfacts resume receipts=9462 lineage_runs=17; inventorying retained issuer counts
2026-09-25 07:09:36,351 INFO atx_db._companyfacts_resume: companyfacts resume aggregating retained fact fingerprints
2026-09-25 07:13:35,865 INFO atx_db._companyfacts_resume: companyfacts resume fact_identity_groups=12959; aggregating retained point fingerprints
2026-09-25 07:17:42,876 INFO atx_db._companyfacts_resume: companyfacts resume point_identity_groups=12959; recovering unresolved issuer summaries
2026-09-25 07:17:49,732 INFO atx_db.fundamentals: companyfacts resume verified targets=9462 rows=39457715
2026-09-25 07:17:49,733 INFO atx_db.fundamentals: companyfacts processed=0 total=20390 loaded=0 empty=0 unavailable=0 failed=0 rows=0
2026-09-25 07:17:53,464 INFO atx_db.fundamentals: companyfacts CIK inventory issuers=12959 spellings=12959 elapsed_seconds=3.316
2026-09-25 07:17:54,282 INFO atx_db.fundamentals: companyfacts processed=25 total=20390 loaded=19 empty=5 unavailable=1 failed=0 rows=0
2026-09-25 07:17:55,141 INFO atx_db.fundamentals: companyfacts processed=50 total=20390 loaded=40 empty=9 unavailable=1 failed=0 rows=0
2026-09-25 07:18:02,719 INFO atx_db.fundamentals: companyfacts processed=75 total=20390 loaded=64 empty=10 unavailable=1 failed=0 rows=0
2026-09-25 07:18:03,976 INFO atx_db.fundamentals: companyfacts processed=100 total=20390 loaded=87 empty=12 unavailable=1 failed=0 rows=0
2026-09-25 07:18:05,068 INFO atx_db.fundamentals: companyfacts processed=125 total=20390 loaded=107 empty=17 unavailable=1 failed=0 rows=0
2026-09-25 07:18:06,125 INFO atx_db.fundamentals: companyfacts processed=150 total=20390 loaded=130 empty=19 unavailable=1 failed=0 rows=0
2026-09-25 07:18:14,286 INFO atx_db.fundamentals: companyfacts processed=175 total=20390 loaded=154 empty=20 unavailable=1 failed=0 rows=0
2026-09-25 07:18:16,066 INFO atx_db.fundamentals: companyfacts processed=200 total=20390 loaded=178 empty=21 unavailable=1 failed=0 rows=0
2026-09-25 07:18:17,233 INFO atx_db.fundamentals: companyfacts processed=225 total=20390 loaded=202 empty=21 unavailable=2 failed=0 rows=0
2026-09-25 07:18:18,365 INFO atx_db.fundamentals: companyfacts processed=250 total=20390 loaded=224 empty=24 unavailable=2 failed=0 rows=0
2026-09-25 07:18:19,667 INFO atx_db.fundamentals: companyfacts processed=275 total=20390 loaded=245 empty=28 unavailable=2 failed=0 rows=0
2026-09-25 07:18:26,446 INFO atx_db.fundamentals: companyfacts processed=300 total=20390 loaded=266 empty=32 unavailable=2 failed=0 rows=0
2026-09-25 07:18:27,288 INFO atx_db.fundamentals: companyfacts processed=325 total=20390 loaded=289 empty=34 unavailable=2 failed=0 rows=0
2026-09-25 07:18:28,138 INFO atx_db.fundamentals: companyfacts processed=350 total=20390 loaded=309 empty=39 unavailable=2 failed=0 rows=0
2026-09-25 07:18:35,693 INFO atx_db.fundamentals: companyfacts processed=375 total=20390 loaded=331 empty=42 unavailable=2 failed=0 rows=0
2026-09-25 07:18:36,966 INFO atx_db.fundamentals: companyfacts processed=400 total=20390 loaded=353 empty=45 unavailable=2 failed=0 rows=0
2026-09-25 07:18:38,155 INFO atx_db.fundamentals: companyfacts processed=425 total=20390 loaded=374 empty=48 unavailable=3 failed=0 rows=0
2026-09-25 07:18:45,402 INFO atx_db.fundamentals: companyfacts processed=450 total=20390 loaded=397 empty=50 unavailable=3 failed=0 rows=0
2026-09-25 07:18:46,414 INFO atx_db.fundamentals: companyfacts processed=475 total=20390 loaded=419 empty=53 unavailable=3 failed=0 rows=0
2026-09-25 07:18:47,433 INFO atx_db.fundamentals: companyfacts processed=500 total=20390 loaded=444 empty=53 unavailable=3 failed=0 rows=0
2026-09-25 07:18:48,439 INFO atx_db.fundamentals: companyfacts processed=525 total=20390 loaded=467 empty=55 unavailable=3 failed=0 rows=0
2026-09-25 07:18:49,538 INFO atx_db.fundamentals: companyfacts processed=550 total=20390 loaded=490 empty=57 unavailable=3 failed=0 rows=0
2026-09-25 07:18:57,674 INFO atx_db.fundamentals: companyfacts processed=575 total=20390 loaded=512 empty=60 unavailable=3 failed=0 rows=0
2026-09-25 07:18:58,990 INFO atx_db.fundamentals: companyfacts processed=600 total=20390 loaded=537 empty=60 unavailable=3 failed=0 rows=0
2026-09-25 07:19:00,099 INFO atx_db.fundamentals: companyfacts processed=625 total=20390 loaded=559 empty=63 unavailable=3 failed=0 rows=0
2026-09-25 07:19:01,358 INFO atx_db.fundamentals: companyfacts processed=650 total=20390 loaded=581 empty=66 unavailable=3 failed=0 rows=0
2026-09-25 07:19:08,705 INFO atx_db.fundamentals: companyfacts processed=675 total=20390 loaded=604 empty=68 unavailable=3 failed=0 rows=0
2026-09-25 07:19:09,700 INFO atx_db.fundamentals: companyfacts processed=700 total=20390 loaded=625 empty=71 unavailable=4 failed=0 rows=0
2026-09-25 07:19:18,635 INFO atx_db.fundamentals: companyfacts processed=725 total=20390 loaded=638 empty=83 unavailable=4 failed=0 rows=0
2026-09-25 07:19:19,575 INFO atx_db.fundamentals: companyfacts processed=750 total=20390 loaded=662 empty=84 unavailable=4 failed=0 rows=0
2026-09-25 07:19:27,868 INFO atx_db.fundamentals: companyfacts processed=775 total=20390 loaded=681 empty=90 unavailable=4 failed=0 rows=0
2026-09-25 07:19:28,896 INFO atx_db.fundamentals: companyfacts processed=800 total=20390 loaded=703 empty=93 unavailable=4 failed=0 rows=0
2026-09-25 07:19:29,939 INFO atx_db.fundamentals: companyfacts processed=825 total=20390 loaded=728 empty=93 unavailable=4 failed=0 rows=0
2026-09-25 07:19:30,968 INFO atx_db.fundamentals: companyfacts processed=850 total=20390 loaded=752 empty=94 unavailable=4 failed=0 rows=0
2026-09-25 07:19:37,574 INFO atx_db.fundamentals: companyfacts processed=875 total=20390 loaded=774 empty=97 unavailable=4 failed=0 rows=0
2026-09-25 07:19:38,658 INFO atx_db.fundamentals: companyfacts processed=900 total=20390 loaded=796 empty=100 unavailable=4 failed=0 rows=0
2026-09-25 07:19:46,459 INFO atx_db.fundamentals: companyfacts processed=925 total=20390 loaded=814 empty=106 unavailable=5 failed=0 rows=0
2026-09-25 07:19:47,532 INFO atx_db.fundamentals: companyfacts processed=950 total=20390 loaded=837 empty=107 unavailable=6 failed=0 rows=0
2026-09-25 07:19:48,343 INFO atx_db.fundamentals: companyfacts processed=975 total=20390 loaded=860 empty=109 unavailable=6 failed=0 rows=0
2026-09-25 07:19:54,751 INFO atx_db.fundamentals: companyfacts processed=1000 total=20390 loaded=877 empty=116 unavailable=7 failed=0 rows=0
2026-09-25 07:19:55,722 INFO atx_db.fundamentals: companyfacts processed=1025 total=20390 loaded=894 empty=123 unavailable=8 failed=0 rows=0
2026-09-25 07:20:02,757 INFO atx_db.fundamentals: companyfacts processed=1050 total=20390 loaded=914 empty=128 unavailable=8 failed=0 rows=0
2026-09-25 07:20:03,756 INFO atx_db.fundamentals: companyfacts processed=1075 total=20390 loaded=934 empty=133 unavailable=8 failed=0 rows=0
2026-09-25 07:20:11,132 INFO atx_db.fundamentals: companyfacts processed=1100 total=20390 loaded=954 empty=138 unavailable=8 failed=0 rows=0
2026-09-25 07:20:12,325 INFO atx_db.fundamentals: companyfacts processed=1125 total=20390 loaded=973 empty=143 unavailable=9 failed=0 rows=0
2026-09-25 07:20:19,896 INFO atx_db.fundamentals: companyfacts processed=1150 total=20390 loaded=994 empty=147 unavailable=9 failed=0 rows=0
2026-09-25 07:20:21,136 INFO atx_db.fundamentals: companyfacts processed=1175 total=20390 loaded=1016 empty=150 unavailable=9 failed=0 rows=0
2026-09-25 07:20:22,048 INFO atx_db.fundamentals: companyfacts processed=1200 total=20390 loaded=1038 empty=153 unavailable=9 failed=0 rows=0
2026-09-25 07:20:29,491 INFO atx_db.fundamentals: companyfacts processed=1225 total=20390 loaded=1060 empty=156 unavailable=9 failed=0 rows=0
2026-09-25 07:20:31,110 INFO atx_db.fundamentals: companyfacts processed=1250 total=20390 loaded=1082 empty=158 unavailable=10 failed=0 rows=0
2026-09-25 07:20:39,039 INFO atx_db.fundamentals: companyfacts processed=1275 total=20390 loaded=1098 empty=167 unavailable=10 failed=0 rows=0
2026-09-25 07:20:40,488 INFO atx_db.fundamentals: companyfacts processed=1300 total=20390 loaded=1115 empty=175 unavailable=10 failed=0 rows=0
2026-09-25 07:20:48,796 INFO atx_db.fundamentals: companyfacts processed=1325 total=20390 loaded=1134 empty=181 unavailable=10 failed=0 rows=0
2026-09-25 07:20:49,874 INFO atx_db.fundamentals: companyfacts processed=1350 total=20390 loaded=1154 empty=185 unavailable=11 failed=0 rows=0
2026-09-25 07:20:57,154 INFO atx_db.fundamentals: companyfacts processed=1375 total=20390 loaded=1176 empty=188 unavailable=11 failed=0 rows=0
2026-09-25 07:20:58,207 INFO atx_db.fundamentals: companyfacts processed=1400 total=20390 loaded=1195 empty=194 unavailable=11 failed=0 rows=0
2026-09-25 07:20:59,568 INFO atx_db.fundamentals: companyfacts processed=1425 total=20390 loaded=1219 empty=195 unavailable=11 failed=0 rows=0
2026-09-25 07:21:06,760 INFO atx_db.fundamentals: companyfacts processed=1450 total=20390 loaded=1243 empty=196 unavailable=11 failed=0 rows=0
2026-09-25 07:21:07,974 INFO atx_db.fundamentals: companyfacts processed=1475 total=20390 loaded=1267 empty=197 unavailable=11 failed=0 rows=0
2026-09-25 07:21:09,084 INFO atx_db.fundamentals: companyfacts processed=1500 total=20390 loaded=1286 empty=202 unavailable=12 failed=0 rows=0
2026-09-25 07:21:10,566 INFO atx_db.fundamentals: companyfacts processed=1525 total=20390 loaded=1309 empty=204 unavailable=12 failed=0 rows=0
2026-09-25 07:21:19,225 INFO atx_db.fundamentals: companyfacts processed=1550 total=20390 loaded=1330 empty=208 unavailable=12 failed=0 rows=0
2026-09-25 07:21:20,390 INFO atx_db.fundamentals: companyfacts processed=1575 total=20390 loaded=1353 empty=210 unavailable=12 failed=0 rows=0
2026-09-25 07:21:21,575 INFO atx_db.fundamentals: companyfacts processed=1600 total=20390 loaded=1375 empty=213 unavailable=12 failed=0 rows=0
2026-09-25 07:21:30,517 INFO atx_db.fundamentals: companyfacts processed=1625 total=20390 loaded=1393 empty=220 unavailable=12 failed=0 rows=0
2026-09-25 07:21:39,246 INFO atx_db.fundamentals: companyfacts processed=1650 total=20390 loaded=1412 empty=226 unavailable=12 failed=0 rows=0
2026-09-25 07:21:40,470 INFO atx_db.fundamentals: companyfacts processed=1675 total=20390 loaded=1432 empty=230 unavailable=13 failed=0 rows=0
2026-09-25 07:21:41,757 INFO atx_db.fundamentals: companyfacts processed=1700 total=20390 loaded=1452 empty=234 unavailable=14 failed=0 rows=0
2026-09-25 07:21:49,962 INFO atx_db.fundamentals: companyfacts processed=1725 total=20390 loaded=1473 empty=237 unavailable=15 failed=0 rows=0
2026-09-25 07:21:50,978 INFO atx_db.fundamentals: companyfacts processed=1750 total=20390 loaded=1493 empty=242 unavailable=15 failed=0 rows=0
2026-09-25 07:21:58,433 INFO atx_db.fundamentals: companyfacts processed=1775 total=20390 loaded=1514 empty=246 unavailable=15 failed=0 rows=0
2026-09-25 07:21:59,694 INFO atx_db.fundamentals: companyfacts processed=1800 total=20390 loaded=1533 empty=250 unavailable=17 failed=0 rows=0
2026-09-25 07:22:07,301 INFO atx_db.fundamentals: companyfacts processed=1825 total=20390 loaded=1552 empty=256 unavailable=17 failed=0 rows=0
2026-09-25 07:22:08,629 INFO atx_db.fundamentals: companyfacts processed=1850 total=20390 loaded=1573 empty=260 unavailable=17 failed=0 rows=0
2026-09-25 07:22:15,753 INFO atx_db.fundamentals: companyfacts processed=1875 total=20390 loaded=1591 empty=267 unavailable=17 failed=0 rows=0
2026-09-25 07:22:16,798 INFO atx_db.fundamentals: companyfacts processed=1900 total=20390 loaded=1613 empty=270 unavailable=17 failed=0 rows=0
2026-09-25 07:22:23,646 INFO atx_db.fundamentals: companyfacts processed=1925 total=20390 loaded=1631 empty=276 unavailable=18 failed=0 rows=0
2026-09-25 07:22:24,932 INFO atx_db.fundamentals: companyfacts processed=1950 total=20390 loaded=1652 empty=280 unavailable=18 failed=0 rows=0
2026-09-25 07:22:26,093 INFO atx_db.fundamentals: companyfacts processed=1975 total=20390 loaded=1672 empty=285 unavailable=18 failed=0 rows=0
2026-09-25 07:22:32,909 INFO atx_db.fundamentals: companyfacts processed=2000 total=20390 loaded=1694 empty=288 unavailable=18 failed=0 rows=0
2026-09-25 07:22:34,202 INFO atx_db.fundamentals: companyfacts processed=2025 total=20390 loaded=1716 empty=291 unavailable=18 failed=0 rows=0
2026-09-25 07:22:41,132 INFO atx_db.fundamentals: companyfacts processed=2050 total=20390 loaded=1731 empty=301 unavailable=18 failed=0 rows=0
2026-09-25 07:22:47,917 INFO atx_db.fundamentals: companyfacts processed=2075 total=20390 loaded=1749 empty=308 unavailable=18 failed=0 rows=0
2026-09-25 07:22:48,897 INFO atx_db.fundamentals: companyfacts processed=2100 total=20390 loaded=1769 empty=312 unavailable=19 failed=0 rows=0
2026-09-25 07:22:49,962 INFO atx_db.fundamentals: companyfacts processed=2125 total=20390 loaded=1791 empty=315 unavailable=19 failed=0 rows=0
2026-09-25 07:22:56,643 INFO atx_db.fundamentals: companyfacts processed=2150 total=20390 loaded=1810 empty=319 unavailable=21 failed=0 rows=0
2026-09-25 07:22:57,669 INFO atx_db.fundamentals: companyfacts processed=2175 total=20390 loaded=1830 empty=324 unavailable=21 failed=0 rows=0
2026-09-25 07:23:04,515 INFO atx_db.fundamentals: companyfacts processed=2200 total=20390 loaded=1848 empty=329 unavailable=23 failed=0 rows=0
2026-09-25 07:23:14,740 INFO atx_db.fundamentals: companyfacts processed=2225 total=20390 loaded=1864 empty=338 unavailable=23 failed=0 rows=0
2026-09-25 07:23:15,948 INFO atx_db.fundamentals: companyfacts processed=2250 total=20390 loaded=1885 empty=342 unavailable=23 failed=0 rows=0
2026-09-25 07:23:17,176 INFO atx_db.fundamentals: companyfacts processed=2275 total=20390 loaded=1907 empty=345 unavailable=23 failed=0 rows=0
