2026-09-21 18:27:55,787 INFO atx_db.fundamentals: companyfacts resume verifying receipts and retained fact/point rows
2026-09-21 18:27:55,880 INFO atx_db._companyfacts_resume: companyfacts resume receipts=6805 lineage_runs=4; inventorying retained issuer counts
2026-09-21 18:27:58,405 INFO atx_db._companyfacts_resume: companyfacts resume aggregating retained fact fingerprints
2026-09-21 18:31:47,646 INFO atx_db._companyfacts_resume: companyfacts resume fact_identity_groups=10914; aggregating retained point fingerprints
2026-09-21 18:36:33,808 INFO atx_db._companyfacts_resume: companyfacts resume point_identity_groups=10914; recovering unresolved issuer summaries
2026-09-21 18:36:37,119 INFO atx_db.fundamentals: companyfacts resume verified targets=6805 rows=31707754
2026-09-21 18:36:37,120 INFO atx_db.fundamentals: companyfacts processed=0 total=20390 loaded=0 empty=0 unavailable=0 failed=0 rows=0
2026-09-21 18:36:39,312 INFO atx_db.fundamentals: companyfacts CIK inventory issuers=10914 spellings=10914 elapsed_seconds=1.943
2026-09-21 18:36:42,519 INFO atx_db.fundamentals: companyfacts processed=25 total=20390 loaded=19 empty=5 unavailable=1 failed=0 rows=0
2026-09-21 18:36:45,547 INFO atx_db.fundamentals: companyfacts processed=50 total=20390 loaded=40 empty=9 unavailable=1 failed=0 rows=0
2026-09-21 18:36:49,696 INFO atx_db.fundamentals: companyfacts processed=75 total=20390 loaded=64 empty=10 unavailable=1 failed=0 rows=0
2026-09-21 18:36:52,545 INFO atx_db.fundamentals: companyfacts processed=100 total=20390 loaded=87 empty=12 unavailable=1 failed=0 rows=0
2026-09-21 18:36:56,481 INFO atx_db.fundamentals: companyfacts processed=125 total=20390 loaded=107 empty=17 unavailable=1 failed=0 rows=0
2026-09-21 18:36:59,170 INFO atx_db.fundamentals: companyfacts processed=150 total=20390 loaded=130 empty=19 unavailable=1 failed=0 rows=0
2026-09-21 18:37:03,881 INFO atx_db.fundamentals: companyfacts processed=175 total=20390 loaded=154 empty=20 unavailable=1 failed=0 rows=0
2026-09-21 18:37:06,935 INFO atx_db.fundamentals: companyfacts processed=200 total=20390 loaded=178 empty=21 unavailable=1 failed=0 rows=0
2026-09-21 18:37:10,863 INFO atx_db.fundamentals: companyfacts processed=225 total=20390 loaded=202 empty=21 unavailable=2 failed=0 rows=0
2026-09-21 18:37:13,607 INFO atx_db.fundamentals: companyfacts processed=250 total=20390 loaded=224 empty=24 unavailable=2 failed=0 rows=0
2026-09-21 18:37:17,573 INFO atx_db.fundamentals: companyfacts processed=275 total=20390 loaded=245 empty=28 unavailable=2 failed=0 rows=0
2026-09-21 18:37:20,710 INFO atx_db.fundamentals: companyfacts processed=300 total=20390 loaded=266 empty=32 unavailable=2 failed=0 rows=0
2026-09-21 18:37:24,819 INFO atx_db.fundamentals: companyfacts processed=325 total=20390 loaded=289 empty=34 unavailable=2 failed=0 rows=0
2026-09-21 18:37:27,730 INFO atx_db.fundamentals: companyfacts processed=350 total=20390 loaded=309 empty=39 unavailable=2 failed=0 rows=0
2026-09-21 18:37:32,302 INFO atx_db.fundamentals: companyfacts processed=375 total=20390 loaded=331 empty=42 unavailable=2 failed=0 rows=0
2026-09-21 18:37:35,981 INFO atx_db.fundamentals: companyfacts processed=400 total=20390 loaded=353 empty=45 unavailable=2 failed=0 rows=0
2026-09-21 18:37:40,249 INFO atx_db.fundamentals: companyfacts processed=425 total=20390 loaded=374 empty=48 unavailable=3 failed=0 rows=0
2026-09-21 18:37:43,221 INFO atx_db.fundamentals: companyfacts processed=450 total=20390 loaded=397 empty=50 unavailable=3 failed=0 rows=0
2026-09-21 18:37:47,615 INFO atx_db.fundamentals: companyfacts processed=475 total=20390 loaded=419 empty=53 unavailable=3 failed=0 rows=0
2026-09-21 18:37:50,447 INFO atx_db.fundamentals: companyfacts processed=500 total=20390 loaded=444 empty=53 unavailable=3 failed=0 rows=0
2026-09-21 18:37:54,331 INFO atx_db.fundamentals: companyfacts processed=525 total=20390 loaded=467 empty=55 unavailable=3 failed=0 rows=0
2026-09-21 18:37:57,163 INFO atx_db.fundamentals: companyfacts processed=550 total=20390 loaded=490 empty=57 unavailable=3 failed=0 rows=0
2026-09-21 18:38:01,097 INFO atx_db.fundamentals: companyfacts processed=575 total=20390 loaded=512 empty=60 unavailable=3 failed=0 rows=0
2026-09-21 18:38:03,993 INFO atx_db.fundamentals: companyfacts processed=600 total=20390 loaded=537 empty=60 unavailable=3 failed=0 rows=0
2026-09-21 18:38:07,999 INFO atx_db.fundamentals: companyfacts processed=625 total=20390 loaded=559 empty=63 unavailable=3 failed=0 rows=0
2026-09-21 18:38:11,665 INFO atx_db.fundamentals: companyfacts processed=650 total=20390 loaded=581 empty=66 unavailable=3 failed=0 rows=0
2026-09-21 18:38:15,822 INFO atx_db.fundamentals: companyfacts processed=675 total=20390 loaded=604 empty=68 unavailable=3 failed=0 rows=0
2026-09-21 18:38:18,661 INFO atx_db.fundamentals: companyfacts processed=700 total=20390 loaded=625 empty=71 unavailable=4 failed=0 rows=0
2026-09-21 18:38:22,627 INFO atx_db.fundamentals: companyfacts processed=725 total=20390 loaded=638 empty=83 unavailable=4 failed=0 rows=0
2026-09-21 18:38:25,682 INFO atx_db.fundamentals: companyfacts processed=750 total=20390 loaded=662 empty=84 unavailable=4 failed=0 rows=0
2026-09-21 18:38:30,528 INFO atx_db.fundamentals: companyfacts processed=775 total=20390 loaded=681 empty=90 unavailable=4 failed=0 rows=0
2026-09-21 18:38:33,542 INFO atx_db.fundamentals: companyfacts processed=800 total=20390 loaded=703 empty=93 unavailable=4 failed=0 rows=0
2026-09-21 18:38:37,924 INFO atx_db.fundamentals: companyfacts processed=825 total=20390 loaded=728 empty=93 unavailable=4 failed=0 rows=0
2026-09-21 18:38:41,120 INFO atx_db.fundamentals: companyfacts processed=850 total=20390 loaded=752 empty=94 unavailable=4 failed=0 rows=0
2026-09-21 18:38:45,849 INFO atx_db.fundamentals: companyfacts processed=875 total=20390 loaded=774 empty=97 unavailable=4 failed=0 rows=0
2026-09-21 18:38:49,599 INFO atx_db.fundamentals: companyfacts processed=900 total=20390 loaded=796 empty=100 unavailable=4 failed=0 rows=0
2026-09-21 18:38:54,109 INFO atx_db.fundamentals: companyfacts processed=925 total=20390 loaded=814 empty=106 unavailable=5 failed=0 rows=0
2026-09-21 18:38:58,340 INFO atx_db.fundamentals: companyfacts processed=950 total=20390 loaded=837 empty=107 unavailable=6 failed=0 rows=0
2026-09-21 18:39:01,924 INFO atx_db.fundamentals: companyfacts processed=975 total=20390 loaded=860 empty=109 unavailable=6 failed=0 rows=0
2026-09-21 18:39:06,968 INFO atx_db.fundamentals: companyfacts processed=1000 total=20390 loaded=877 empty=116 unavailable=7 failed=0 rows=0
2026-09-21 18:39:10,811 INFO atx_db.fundamentals: companyfacts processed=1025 total=20390 loaded=894 empty=123 unavailable=8 failed=0 rows=0
2026-09-21 18:39:15,487 INFO atx_db.fundamentals: companyfacts processed=1050 total=20390 loaded=914 empty=128 unavailable=8 failed=0 rows=0
2026-09-21 18:39:19,045 INFO atx_db.fundamentals: companyfacts processed=1075 total=20390 loaded=934 empty=133 unavailable=8 failed=0 rows=0
2026-09-21 18:39:24,108 INFO atx_db.fundamentals: companyfacts processed=1100 total=20390 loaded=954 empty=138 unavailable=8 failed=0 rows=0
2026-09-21 18:39:27,168 INFO atx_db.fundamentals: companyfacts processed=1125 total=20390 loaded=973 empty=143 unavailable=9 failed=0 rows=0
2026-09-21 18:39:32,626 INFO atx_db.fundamentals: companyfacts processed=1150 total=20390 loaded=994 empty=147 unavailable=9 failed=0 rows=0
2026-09-21 18:39:36,195 INFO atx_db.fundamentals: companyfacts processed=1175 total=20390 loaded=1016 empty=150 unavailable=9 failed=0 rows=0
2026-09-21 18:39:40,613 INFO atx_db.fundamentals: companyfacts processed=1200 total=20390 loaded=1038 empty=153 unavailable=9 failed=0 rows=0
2026-09-21 18:39:43,882 INFO atx_db.fundamentals: companyfacts processed=1225 total=20390 loaded=1060 empty=156 unavailable=9 failed=0 rows=0
2026-09-21 18:39:48,430 INFO atx_db.fundamentals: companyfacts processed=1250 total=20390 loaded=1082 empty=158 unavailable=10 failed=0 rows=0
2026-09-21 18:39:51,647 INFO atx_db.fundamentals: companyfacts processed=1275 total=20390 loaded=1098 empty=167 unavailable=10 failed=0 rows=0
2026-09-21 18:39:55,960 INFO atx_db.fundamentals: companyfacts processed=1300 total=20390 loaded=1115 empty=175 unavailable=10 failed=0 rows=0
2026-09-21 18:39:59,385 INFO atx_db.fundamentals: companyfacts processed=1325 total=20390 loaded=1134 empty=181 unavailable=10 failed=0 rows=0
2026-09-21 18:40:03,207 INFO atx_db.fundamentals: companyfacts processed=1350 total=20390 loaded=1154 empty=185 unavailable=11 failed=0 rows=0
2026-09-21 18:40:07,528 INFO atx_db.fundamentals: companyfacts processed=1375 total=20390 loaded=1176 empty=188 unavailable=11 failed=0 rows=0
2026-09-21 18:40:10,450 INFO atx_db.fundamentals: companyfacts processed=1400 total=20390 loaded=1195 empty=194 unavailable=11 failed=0 rows=0
2026-09-21 18:40:14,287 INFO atx_db.fundamentals: companyfacts processed=1425 total=20390 loaded=1219 empty=195 unavailable=11 failed=0 rows=0
2026-09-21 18:40:17,503 INFO atx_db.fundamentals: companyfacts processed=1450 total=20390 loaded=1243 empty=196 unavailable=11 failed=0 rows=0
2026-09-21 18:40:21,330 INFO atx_db.fundamentals: companyfacts processed=1475 total=20390 loaded=1267 empty=197 unavailable=11 failed=0 rows=0
2026-09-21 18:40:24,489 INFO atx_db.fundamentals: companyfacts processed=1500 total=20390 loaded=1286 empty=202 unavailable=12 failed=0 rows=0
2026-09-21 18:40:28,725 INFO atx_db.fundamentals: companyfacts processed=1525 total=20390 loaded=1309 empty=204 unavailable=12 failed=0 rows=0
2026-09-21 18:40:31,543 INFO atx_db.fundamentals: companyfacts processed=1550 total=20390 loaded=1330 empty=208 unavailable=12 failed=0 rows=0
2026-09-21 18:40:35,303 INFO atx_db.fundamentals: companyfacts processed=1575 total=20390 loaded=1353 empty=210 unavailable=12 failed=0 rows=0
2026-09-21 18:40:38,011 INFO atx_db.fundamentals: companyfacts processed=1600 total=20390 loaded=1375 empty=213 unavailable=12 failed=0 rows=0
2026-09-21 18:40:41,642 INFO atx_db.fundamentals: companyfacts processed=1625 total=20390 loaded=1393 empty=220 unavailable=12 failed=0 rows=0
2026-09-21 18:40:44,254 INFO atx_db.fundamentals: companyfacts processed=1650 total=20390 loaded=1412 empty=226 unavailable=12 failed=0 rows=0
2026-09-21 18:40:49,013 INFO atx_db.fundamentals: companyfacts processed=1675 total=20390 loaded=1432 empty=230 unavailable=13 failed=0 rows=0
2026-09-21 18:40:51,467 INFO atx_db.fundamentals: companyfacts processed=1700 total=20390 loaded=1452 empty=234 unavailable=14 failed=0 rows=0
2026-09-21 18:40:54,795 INFO atx_db.fundamentals: companyfacts processed=1725 total=20390 loaded=1473 empty=237 unavailable=15 failed=0 rows=0
2026-09-21 18:40:57,268 INFO atx_db.fundamentals: companyfacts processed=1750 total=20390 loaded=1493 empty=242 unavailable=15 failed=0 rows=0
2026-09-21 18:41:00,855 INFO atx_db.fundamentals: companyfacts processed=1775 total=20390 loaded=1514 empty=246 unavailable=15 failed=0 rows=0
2026-09-21 18:41:03,155 INFO atx_db.fundamentals: companyfacts processed=1800 total=20390 loaded=1533 empty=250 unavailable=17 failed=0 rows=0
2026-09-21 18:41:05,606 INFO atx_db.fundamentals: companyfacts processed=1825 total=20390 loaded=1552 empty=256 unavailable=17 failed=0 rows=0
2026-09-21 18:41:09,843 INFO atx_db.fundamentals: companyfacts processed=1850 total=20390 loaded=1573 empty=260 unavailable=17 failed=0 rows=0
2026-09-21 18:41:12,061 INFO atx_db.fundamentals: companyfacts processed=1875 total=20390 loaded=1591 empty=267 unavailable=17 failed=0 rows=0
2026-09-21 18:41:15,304 INFO atx_db.fundamentals: companyfacts processed=1900 total=20390 loaded=1613 empty=270 unavailable=17 failed=0 rows=0
2026-09-21 18:41:17,660 INFO atx_db.fundamentals: companyfacts processed=1925 total=20390 loaded=1631 empty=276 unavailable=18 failed=0 rows=0
2026-09-21 18:41:21,070 INFO atx_db.fundamentals: companyfacts processed=1950 total=20390 loaded=1652 empty=280 unavailable=18 failed=0 rows=0
2026-09-21 18:41:24,837 INFO atx_db.fundamentals: companyfacts processed=1975 total=20390 loaded=1672 empty=285 unavailable=18 failed=0 rows=0
2026-09-21 18:41:28,560 INFO atx_db.fundamentals: companyfacts processed=2000 total=20390 loaded=1694 empty=288 unavailable=18 failed=0 rows=0
2026-09-21 18:41:31,195 INFO atx_db.fundamentals: companyfacts processed=2025 total=20390 loaded=1716 empty=291 unavailable=18 failed=0 rows=0
2026-09-21 18:41:35,349 INFO atx_db.fundamentals: companyfacts processed=2050 total=20390 loaded=1731 empty=301 unavailable=18 failed=0 rows=0
2026-09-21 18:41:38,129 INFO atx_db.fundamentals: companyfacts processed=2075 total=20390 loaded=1749 empty=308 unavailable=18 failed=0 rows=0
2026-09-21 18:41:42,018 INFO atx_db.fundamentals: companyfacts processed=2100 total=20390 loaded=1769 empty=312 unavailable=19 failed=0 rows=0
2026-09-21 18:41:45,163 INFO atx_db.fundamentals: companyfacts processed=2125 total=20390 loaded=1791 empty=315 unavailable=19 failed=0 rows=0
2026-09-21 18:41:48,353 INFO atx_db.fundamentals: companyfacts processed=2150 total=20390 loaded=1810 empty=319 unavailable=21 failed=0 rows=0
2026-09-21 18:41:51,985 INFO atx_db.fundamentals: companyfacts processed=2175 total=20390 loaded=1830 empty=324 unavailable=21 failed=0 rows=0
2026-09-21 18:41:54,643 INFO atx_db.fundamentals: companyfacts processed=2200 total=20390 loaded=1848 empty=329 unavailable=23 failed=0 rows=0
2026-09-21 18:41:58,613 INFO atx_db.fundamentals: companyfacts processed=2225 total=20390 loaded=1864 empty=338 unavailable=23 failed=0 rows=0
2026-09-21 18:42:01,052 INFO atx_db.fundamentals: companyfacts processed=2250 total=20390 loaded=1885 empty=342 unavailable=23 failed=0 rows=0
2026-09-21 18:42:04,453 INFO atx_db.fundamentals: companyfacts processed=2275 total=20390 loaded=1907 empty=345 unavailable=23 failed=0 rows=0
2026-09-21 18:42:07,042 INFO atx_db.fundamentals: companyfacts processed=2300 total=20390 loaded=1926 empty=351 unavailable=23 failed=0 rows=0
2026-09-21 18:42:10,545 INFO atx_db.fundamentals: companyfacts processed=2325 total=20390 loaded=1947 empty=355 unavailable=23 failed=0 rows=0
2026-09-21 18:42:12,945 INFO atx_db.fundamentals: companyfacts processed=2350 total=20390 loaded=1970 empty=357 unavailable=23 failed=0 rows=0
2026-09-21 18:42:16,453 INFO atx_db.fundamentals: companyfacts processed=2375 total=20390 loaded=1987 empty=364 unavailable=24 failed=0 rows=0
2026-09-21 18:42:19,055 INFO atx_db.fundamentals: companyfacts processed=2400 total=20390 loaded=2003 empty=372 unavailable=25 failed=0 rows=0
2026-09-21 18:42:22,637 INFO atx_db.fundamentals: companyfacts processed=2425 total=20390 loaded=2026 empty=374 unavailable=25 failed=0 rows=0
2026-09-21 18:42:25,750 INFO atx_db.fundamentals: companyfacts processed=2450 total=20390 loaded=2047 empty=378 unavailable=25 failed=0 rows=0
2026-09-21 18:42:29,696 INFO atx_db.fundamentals: companyfacts processed=2475 total=20390 loaded=2065 empty=385 unavailable=25 failed=0 rows=0
2026-09-21 18:42:32,442 INFO atx_db.fundamentals: companyfacts processed=2500 total=20390 loaded=2080 empty=395 unavailable=25 failed=0 rows=0
2026-09-21 18:42:35,736 INFO atx_db.fundamentals: companyfacts processed=2525 total=20390 loaded=2099 empty=401 unavailable=25 failed=0 rows=0
2026-09-21 18:42:38,309 INFO atx_db.fundamentals: companyfacts processed=2550 total=20390 loaded=2122 empty=403 unavailable=25 failed=0 rows=0
2026-09-21 18:42:42,421 INFO atx_db.fundamentals: companyfacts processed=2575 total=20390 loaded=2142 empty=408 unavailable=25 failed=0 rows=0
2026-09-21 18:42:45,082 INFO atx_db.fundamentals: companyfacts processed=2600 total=20390 loaded=2162 empty=413 unavailable=25 failed=0 rows=0
2026-09-21 18:42:48,658 INFO atx_db.fundamentals: companyfacts processed=2625 total=20390 loaded=2185 empty=415 unavailable=25 failed=0 rows=0
2026-09-21 18:42:52,250 INFO atx_db.fundamentals: companyfacts processed=2650 total=20390 loaded=2202 empty=423 unavailable=25 failed=0 rows=0
2026-09-21 18:42:55,739 INFO atx_db.fundamentals: companyfacts processed=2675 total=20390 loaded=2221 empty=429 unavailable=25 failed=0 rows=0
2026-09-21 18:42:58,365 INFO atx_db.fundamentals: companyfacts processed=2700 total=20390 loaded=2241 empty=434 unavailable=25 failed=0 rows=0
2026-09-21 18:43:01,894 INFO atx_db.fundamentals: companyfacts processed=2725 total=20390 loaded=2262 empty=438 unavailable=25 failed=0 rows=0
2026-09-21 18:43:04,290 INFO atx_db.fundamentals: companyfacts processed=2750 total=20390 loaded=2285 empty=440 unavailable=25 failed=0 rows=0
2026-09-21 18:43:07,859 INFO atx_db.fundamentals: companyfacts processed=2775 total=20390 loaded=2305 empty=445 unavailable=25 failed=0 rows=0
2026-09-21 18:43:10,668 INFO atx_db.fundamentals: companyfacts processed=2800 total=20390 loaded=2328 empty=447 unavailable=25 failed=0 rows=0
2026-09-21 18:43:14,781 INFO atx_db.fundamentals: companyfacts processed=2825 total=20390 loaded=2350 empty=450 unavailable=25 failed=0 rows=0
2026-09-21 18:43:17,451 INFO atx_db.fundamentals: companyfacts processed=2850 total=20390 loaded=2372 empty=453 unavailable=25 failed=0 rows=0
2026-09-21 18:43:21,111 INFO atx_db.fundamentals: companyfacts processed=2875 total=20390 loaded=2396 empty=454 unavailable=25 failed=0 rows=0
2026-09-21 18:43:23,521 INFO atx_db.fundamentals: companyfacts processed=2900 total=20390 loaded=2417 empty=458 unavailable=25 failed=0 rows=0
2026-09-21 18:43:26,960 INFO atx_db.fundamentals: companyfacts processed=2925 total=20390 loaded=2432 empty=468 unavailable=25 failed=0 rows=0
2026-09-21 18:43:29,467 INFO atx_db.fundamentals: companyfacts processed=2950 total=20390 loaded=2453 empty=472 unavailable=25 failed=0 rows=0
2026-09-21 18:43:32,752 INFO atx_db.fundamentals: companyfacts processed=2975 total=20390 loaded=2474 empty=476 unavailable=25 failed=0 rows=0
2026-09-21 18:43:35,302 INFO atx_db.fundamentals: companyfacts processed=3000 total=20390 loaded=2491 empty=484 unavailable=25 failed=0 rows=0
2026-09-21 18:43:38,817 INFO atx_db.fundamentals: companyfacts processed=3025 total=20390 loaded=2510 empty=490 unavailable=25 failed=0 rows=0
2026-09-21 18:43:41,361 INFO atx_db.fundamentals: companyfacts processed=3050 total=20390 loaded=2533 empty=492 unavailable=25 failed=0 rows=0
2026-09-21 18:43:44,704 INFO atx_db.fundamentals: companyfacts processed=3075 total=20390 loaded=2554 empty=496 unavailable=25 failed=0 rows=0
2026-09-21 18:43:47,239 INFO atx_db.fundamentals: companyfacts processed=3100 total=20390 loaded=2576 empty=499 unavailable=25 failed=0 rows=0
2026-09-21 18:43:50,783 INFO atx_db.fundamentals: companyfacts processed=3125 total=20390 loaded=2597 empty=503 unavailable=25 failed=0 rows=0
2026-09-21 18:43:53,541 INFO atx_db.fundamentals: companyfacts processed=3150 total=20390 loaded=2616 empty=509 unavailable=25 failed=0 rows=0
2026-09-21 18:43:57,807 INFO atx_db.fundamentals: companyfacts processed=3175 total=20390 loaded=2634 empty=516 unavailable=25 failed=0 rows=0
2026-09-21 18:44:00,814 INFO atx_db.fundamentals: companyfacts processed=3200 total=20390 loaded=2655 empty=520 unavailable=25 failed=0 rows=0
2026-09-21 18:44:04,513 INFO atx_db.fundamentals: companyfacts processed=3225 total=20390 loaded=2673 empty=527 unavailable=25 failed=0 rows=0
2026-09-21 18:44:07,013 INFO atx_db.fundamentals: companyfacts processed=3250 total=20390 loaded=2696 empty=529 unavailable=25 failed=0 rows=0
2026-09-21 18:44:10,509 INFO atx_db.fundamentals: companyfacts processed=3275 total=20390 loaded=2714 empty=536 unavailable=25 failed=0 rows=0
2026-09-21 18:44:13,157 INFO atx_db.fundamentals: companyfacts processed=3300 total=20390 loaded=2734 empty=541 unavailable=25 failed=0 rows=0
2026-09-21 18:44:16,863 INFO atx_db.fundamentals: companyfacts processed=3325 total=20390 loaded=2749 empty=551 unavailable=25 failed=0 rows=0
2026-09-21 18:44:19,510 INFO atx_db.fundamentals: companyfacts processed=3350 total=20390 loaded=2771 empty=554 unavailable=25 failed=0 rows=0
2026-09-21 18:44:22,679 INFO atx_db.fundamentals: companyfacts processed=3375 total=20390 loaded=2789 empty=561 unavailable=25 failed=0 rows=0
2026-09-21 18:44:25,175 INFO atx_db.fundamentals: companyfacts processed=3400 total=20390 loaded=2808 empty=567 unavailable=25 failed=0 rows=0
2026-09-21 18:44:28,883 INFO atx_db.fundamentals: companyfacts processed=3425 total=20390 loaded=2826 empty=574 unavailable=25 failed=0 rows=0
2026-09-21 18:44:31,431 INFO atx_db.fundamentals: companyfacts processed=3450 total=20390 loaded=2848 empty=577 unavailable=25 failed=0 rows=0
2026-09-21 18:44:35,622 INFO atx_db.fundamentals: companyfacts processed=3475 total=20390 loaded=2871 empty=579 unavailable=25 failed=0 rows=0
2026-09-21 18:44:38,347 INFO atx_db.fundamentals: companyfacts processed=3500 total=20390 loaded=2892 empty=583 unavailable=25 failed=0 rows=0
2026-09-21 18:44:42,099 INFO atx_db.fundamentals: companyfacts processed=3525 total=20390 loaded=2912 empty=588 unavailable=25 failed=0 rows=0
2026-09-21 18:44:44,826 INFO atx_db.fundamentals: companyfacts processed=3550 total=20390 loaded=2931 empty=594 unavailable=25 failed=0 rows=0
2026-09-21 18:44:48,583 INFO atx_db.fundamentals: companyfacts processed=3575 total=20390 loaded=2947 empty=603 unavailable=25 failed=0 rows=0
2026-09-21 18:44:51,238 INFO atx_db.fundamentals: companyfacts processed=3600 total=20390 loaded=2967 empty=608 unavailable=25 failed=0 rows=0
2026-09-21 18:44:54,981 INFO atx_db.fundamentals: companyfacts processed=3625 total=20390 loaded=2990 empty=610 unavailable=25 failed=0 rows=0
2026-09-21 18:44:57,421 INFO atx_db.fundamentals: companyfacts processed=3650 total=20390 loaded=3012 empty=613 unavailable=25 failed=0 rows=0
2026-09-21 18:45:01,027 INFO atx_db.fundamentals: companyfacts processed=3675 total=20390 loaded=3035 empty=615 unavailable=25 failed=0 rows=0
2026-09-21 18:45:03,508 INFO atx_db.fundamentals: companyfacts processed=3700 total=20390 loaded=3056 empty=619 unavailable=25 failed=0 rows=0
2026-09-21 18:45:08,594 INFO atx_db.fundamentals: companyfacts processed=3725 total=20390 loaded=3077 empty=623 unavailable=25 failed=0 rows=0
2026-09-21 18:45:11,134 INFO atx_db.fundamentals: companyfacts processed=3750 total=20390 loaded=3096 empty=629 unavailable=25 failed=0 rows=0
2026-09-21 18:45:14,598 INFO atx_db.fundamentals: companyfacts processed=3775 total=20390 loaded=3117 empty=633 unavailable=25 failed=0 rows=0
2026-09-21 18:45:17,422 INFO atx_db.fundamentals: companyfacts processed=3800 total=20390 loaded=3135 empty=640 unavailable=25 failed=0 rows=0
2026-09-21 18:45:21,452 INFO atx_db.fundamentals: companyfacts processed=3825 total=20390 loaded=3156 empty=644 unavailable=25 failed=0 rows=0
2026-09-21 18:45:23,983 INFO atx_db.fundamentals: companyfacts processed=3850 total=20390 loaded=3176 empty=649 unavailable=25 failed=0 rows=0
2026-09-21 18:45:27,537 INFO atx_db.fundamentals: companyfacts processed=3875 total=20390 loaded=3197 empty=653 unavailable=25 failed=0 rows=0
2026-09-21 18:45:30,379 INFO atx_db.fundamentals: companyfacts processed=3900 total=20390 loaded=3218 empty=656 unavailable=26 failed=0 rows=0
2026-09-21 18:45:33,147 INFO atx_db.fundamentals: companyfacts processed=3925 total=20390 loaded=3238 empty=661 unavailable=26 failed=0 rows=0
2026-09-21 18:45:36,389 INFO atx_db.fundamentals: companyfacts processed=3950 total=20390 loaded=3263 empty=661 unavailable=26 failed=0 rows=0
2026-09-21 18:45:38,869 INFO atx_db.fundamentals: companyfacts processed=3975 total=20390 loaded=3286 empty=663 unavailable=26 failed=0 rows=0
2026-09-21 18:45:42,299 INFO atx_db.fundamentals: companyfacts processed=4000 total=20390 loaded=3308 empty=666 unavailable=26 failed=0 rows=0
2026-09-21 18:45:44,647 INFO atx_db.fundamentals: companyfacts processed=4025 total=20390 loaded=3332 empty=667 unavailable=26 failed=0 rows=0
2026-09-21 18:45:48,169 INFO atx_db.fundamentals: companyfacts processed=4050 total=20390 loaded=3355 empty=669 unavailable=26 failed=0 rows=0
2026-09-21 18:45:50,562 INFO atx_db.fundamentals: companyfacts processed=4075 total=20390 loaded=3378 empty=671 unavailable=26 failed=0 rows=0
2026-09-21 18:45:53,910 INFO atx_db.fundamentals: companyfacts processed=4100 total=20390 loaded=3401 empty=673 unavailable=26 failed=0 rows=0
2026-09-21 18:45:56,294 INFO atx_db.fundamentals: companyfacts processed=4125 total=20390 loaded=3424 empty=675 unavailable=26 failed=0 rows=0
2026-09-21 18:46:00,058 INFO atx_db.fundamentals: companyfacts processed=4150 total=20390 loaded=3446 empty=678 unavailable=26 failed=0 rows=0
2026-09-21 18:46:02,617 INFO atx_db.fundamentals: companyfacts processed=4175 total=20390 loaded=3470 empty=679 unavailable=26 failed=0 rows=0
2026-09-21 18:46:05,835 INFO atx_db.fundamentals: companyfacts processed=4200 total=20390 loaded=3494 empty=680 unavailable=26 failed=0 rows=0
2026-09-21 18:46:08,464 INFO atx_db.fundamentals: companyfacts processed=4225 total=20390 loaded=3516 empty=683 unavailable=26 failed=0 rows=0
2026-09-21 18:46:12,367 INFO atx_db.fundamentals: companyfacts processed=4250 total=20390 loaded=3535 empty=689 unavailable=26 failed=0 rows=0
2026-09-21 18:46:15,007 INFO atx_db.fundamentals: companyfacts processed=4275 total=20390 loaded=3559 empty=690 unavailable=26 failed=0 rows=0
2026-09-21 18:46:18,384 INFO atx_db.fundamentals: companyfacts processed=4300 total=20390 loaded=3583 empty=691 unavailable=26 failed=0 rows=0
2026-09-21 18:46:20,874 INFO atx_db.fundamentals: companyfacts processed=4325 total=20390 loaded=3604 empty=695 unavailable=26 failed=0 rows=0
2026-09-21 18:46:24,213 INFO atx_db.fundamentals: companyfacts processed=4350 total=20390 loaded=3629 empty=695 unavailable=26 failed=0 rows=0
2026-09-21 18:46:26,717 INFO atx_db.fundamentals: companyfacts processed=4375 total=20390 loaded=3652 empty=697 unavailable=26 failed=0 rows=0
2026-09-21 18:46:29,797 INFO atx_db.fundamentals: companyfacts processed=4400 total=20390 loaded=3675 empty=699 unavailable=26 failed=0 rows=0
2026-09-21 18:46:32,264 INFO atx_db.fundamentals: companyfacts processed=4425 total=20390 loaded=3694 empty=705 unavailable=26 failed=0 rows=0
2026-09-21 18:46:35,749 INFO atx_db.fundamentals: companyfacts processed=4450 total=20390 loaded=3716 empty=708 unavailable=26 failed=0 rows=0
2026-09-21 18:46:38,308 INFO atx_db.fundamentals: companyfacts processed=4475 total=20390 loaded=3738 empty=711 unavailable=26 failed=0 rows=0
2026-09-21 18:46:41,851 INFO atx_db.fundamentals: companyfacts processed=4500 total=20390 loaded=3758 empty=716 unavailable=26 failed=0 rows=0
2026-09-21 18:46:44,494 INFO atx_db.fundamentals: companyfacts processed=4525 total=20390 loaded=3782 empty=717 unavailable=26 failed=0 rows=0
2026-09-21 18:46:47,960 INFO atx_db.fundamentals: companyfacts processed=4550 total=20390 loaded=3807 empty=717 unavailable=26 failed=0 rows=0
2026-09-21 18:46:50,435 INFO atx_db.fundamentals: companyfacts processed=4575 total=20390 loaded=3828 empty=720 unavailable=27 failed=0 rows=0
2026-09-21 18:46:54,324 INFO atx_db.fundamentals: companyfacts processed=4600 total=20390 loaded=3849 empty=724 unavailable=27 failed=0 rows=0
2026-09-21 18:46:56,663 INFO atx_db.fundamentals: companyfacts processed=4625 total=20390 loaded=3872 empty=726 unavailable=27 failed=0 rows=0
2026-09-21 18:47:00,088 INFO atx_db.fundamentals: companyfacts processed=4650 total=20390 loaded=3896 empty=727 unavailable=27 failed=0 rows=0
2026-09-21 18:47:03,988 INFO atx_db.fundamentals: companyfacts processed=4675 total=20390 loaded=3919 empty=729 unavailable=27 failed=0 rows=0
2026-09-21 18:47:08,071 INFO atx_db.fundamentals: companyfacts processed=4700 total=20390 loaded=3942 empty=731 unavailable=27 failed=0 rows=0
2026-09-21 18:47:11,022 INFO atx_db.fundamentals: companyfacts processed=4725 total=20390 loaded=3963 empty=735 unavailable=27 failed=0 rows=0
2026-09-21 18:47:14,282 INFO atx_db.fundamentals: companyfacts processed=4750 total=20390 loaded=3984 empty=739 unavailable=27 failed=0 rows=0
2026-09-21 18:47:16,647 INFO atx_db.fundamentals: companyfacts processed=4775 total=20390 loaded=4004 empty=744 unavailable=27 failed=0 rows=0
2026-09-21 18:47:19,882 INFO atx_db.fundamentals: companyfacts processed=4800 total=20390 loaded=4027 empty=746 unavailable=27 failed=0 rows=0
2026-09-21 18:47:22,125 INFO atx_db.fundamentals: companyfacts processed=4825 total=20390 loaded=4050 empty=748 unavailable=27 failed=0 rows=0
2026-09-21 18:47:25,265 INFO atx_db.fundamentals: companyfacts processed=4850 total=20390 loaded=4073 empty=750 unavailable=27 failed=0 rows=0
2026-09-21 18:47:27,428 INFO atx_db.fundamentals: companyfacts processed=4875 total=20390 loaded=4094 empty=754 unavailable=27 failed=0 rows=0
2026-09-21 18:47:30,592 INFO atx_db.fundamentals: companyfacts processed=4900 total=20390 loaded=4100 empty=773 unavailable=27 failed=0 rows=0
2026-09-21 18:47:33,448 INFO atx_db.fundamentals: companyfacts processed=4925 total=20390 loaded=4123 empty=775 unavailable=27 failed=0 rows=0
2026-09-21 18:47:37,517 INFO atx_db.fundamentals: companyfacts processed=4950 total=20390 loaded=4144 empty=778 unavailable=28 failed=0 rows=0
2026-09-21 18:47:39,774 INFO atx_db.fundamentals: companyfacts processed=4975 total=20390 loaded=4166 empty=781 unavailable=28 failed=0 rows=0
2026-09-21 18:47:42,683 INFO atx_db.fundamentals: companyfacts processed=5000 total=20390 loaded=4191 empty=781 unavailable=28 failed=0 rows=0
2026-09-21 18:47:45,137 INFO atx_db.fundamentals: companyfacts processed=5025 total=20390 loaded=4213 empty=784 unavailable=28 failed=0 rows=0
2026-09-21 18:47:48,336 INFO atx_db.fundamentals: companyfacts processed=5050 total=20390 loaded=4238 empty=784 unavailable=28 failed=0 rows=0
2026-09-21 18:47:50,911 INFO atx_db.fundamentals: companyfacts processed=5075 total=20390 loaded=4261 empty=786 unavailable=28 failed=0 rows=0
2026-09-21 18:47:54,069 INFO atx_db.fundamentals: companyfacts processed=5100 total=20390 loaded=4285 empty=787 unavailable=28 failed=0 rows=0
2026-09-21 18:47:56,490 INFO atx_db.fundamentals: companyfacts processed=5125 total=20390 loaded=4304 empty=793 unavailable=28 failed=0 rows=0
2026-09-21 18:48:00,379 INFO atx_db.fundamentals: companyfacts processed=5150 total=20390 loaded=4326 empty=796 unavailable=28 failed=0 rows=0
2026-09-21 18:48:03,102 INFO atx_db.fundamentals: companyfacts processed=5175 total=20390 loaded=4347 empty=800 unavailable=28 failed=0 rows=0
2026-09-21 18:48:06,579 INFO atx_db.fundamentals: companyfacts processed=5200 total=20390 loaded=4368 empty=804 unavailable=28 failed=0 rows=0
2026-09-21 18:48:09,555 INFO atx_db.fundamentals: companyfacts processed=5225 total=20390 loaded=4392 empty=805 unavailable=28 failed=0 rows=0
2026-09-21 18:48:12,930 INFO atx_db.fundamentals: companyfacts processed=5250 total=20390 loaded=4416 empty=806 unavailable=28 failed=0 rows=0
2026-09-21 18:48:15,326 INFO atx_db.fundamentals: companyfacts processed=5275 total=20390 loaded=4437 empty=810 unavailable=28 failed=0 rows=0
2026-09-21 18:48:19,003 INFO atx_db.fundamentals: companyfacts processed=5300 total=20390 loaded=4459 empty=813 unavailable=28 failed=0 rows=0
2026-09-21 18:48:21,448 INFO atx_db.fundamentals: companyfacts processed=5325 total=20390 loaded=4480 empty=817 unavailable=28 failed=0 rows=0
2026-09-21 18:48:24,829 INFO atx_db.fundamentals: companyfacts processed=5350 total=20390 loaded=4503 empty=819 unavailable=28 failed=0 rows=0
2026-09-21 18:48:27,102 INFO atx_db.fundamentals: companyfacts processed=5375 total=20390 loaded=4526 empty=821 unavailable=28 failed=0 rows=0
2026-09-21 18:48:30,480 INFO atx_db.fundamentals: companyfacts processed=5400 total=20390 loaded=4545 empty=827 unavailable=28 failed=0 rows=0
2026-09-21 18:48:32,744 INFO atx_db.fundamentals: companyfacts processed=5425 total=20390 loaded=4569 empty=828 unavailable=28 failed=0 rows=0
2026-09-21 18:48:35,878 INFO atx_db.fundamentals: companyfacts processed=5450 total=20390 loaded=4593 empty=829 unavailable=28 failed=0 rows=0
2026-09-21 18:48:38,404 INFO atx_db.fundamentals: companyfacts processed=5475 total=20390 loaded=4616 empty=831 unavailable=28 failed=0 rows=0
2026-09-21 18:48:41,641 INFO atx_db.fundamentals: companyfacts processed=5500 total=20390 loaded=4639 empty=833 unavailable=28 failed=0 rows=0
2026-09-21 18:48:44,069 INFO atx_db.fundamentals: companyfacts processed=5525 total=20390 loaded=4663 empty=834 unavailable=28 failed=0 rows=0
2026-09-21 18:48:47,379 INFO atx_db.fundamentals: companyfacts processed=5550 total=20390 loaded=4685 empty=837 unavailable=28 failed=0 rows=0
2026-09-21 18:48:49,603 INFO atx_db.fundamentals: companyfacts processed=5575 total=20390 loaded=4709 empty=838 unavailable=28 failed=0 rows=0
2026-09-21 18:48:53,961 INFO atx_db.fundamentals: companyfacts processed=5600 total=20390 loaded=4733 empty=839 unavailable=28 failed=0 rows=0
2026-09-21 18:48:56,324 INFO atx_db.fundamentals: companyfacts processed=5625 total=20390 loaded=4758 empty=839 unavailable=28 failed=0 rows=0
2026-09-21 18:48:59,533 INFO atx_db.fundamentals: companyfacts processed=5650 total=20390 loaded=4780 empty=842 unavailable=28 failed=0 rows=0
2026-09-21 18:49:02,346 INFO atx_db.fundamentals: companyfacts processed=5675 total=20390 loaded=4804 empty=843 unavailable=28 failed=0 rows=0
2026-09-21 18:49:05,812 INFO atx_db.fundamentals: companyfacts processed=5700 total=20390 loaded=4827 empty=845 unavailable=28 failed=0 rows=0
2026-09-21 18:49:08,157 INFO atx_db.fundamentals: companyfacts processed=5725 total=20390 loaded=4852 empty=845 unavailable=28 failed=0 rows=0
2026-09-21 18:49:12,169 INFO atx_db.fundamentals: companyfacts processed=5750 total=20390 loaded=4876 empty=846 unavailable=28 failed=0 rows=0
2026-09-21 18:49:14,611 INFO atx_db.fundamentals: companyfacts processed=5775 total=20390 loaded=4898 empty=849 unavailable=28 failed=0 rows=0
2026-09-21 18:49:17,709 INFO atx_db.fundamentals: companyfacts processed=5800 total=20390 loaded=4922 empty=850 unavailable=28 failed=0 rows=0
2026-09-21 18:49:20,462 INFO atx_db.fundamentals: companyfacts processed=5825 total=20390 loaded=4943 empty=854 unavailable=28 failed=0 rows=0
2026-09-21 18:49:24,492 INFO atx_db.fundamentals: companyfacts processed=5850 total=20390 loaded=4967 empty=855 unavailable=28 failed=0 rows=0
2026-09-21 18:49:26,705 INFO atx_db.fundamentals: companyfacts processed=5875 total=20390 loaded=4987 empty=860 unavailable=28 failed=0 rows=0
2026-09-21 18:49:29,871 INFO atx_db.fundamentals: companyfacts processed=5900 total=20390 loaded=5011 empty=861 unavailable=28 failed=0 rows=0
2026-09-21 18:49:32,236 INFO atx_db.fundamentals: companyfacts processed=5925 total=20390 loaded=5033 empty=864 unavailable=28 failed=0 rows=0
2026-09-21 18:49:35,299 INFO atx_db.fundamentals: companyfacts processed=5950 total=20390 loaded=5043 empty=879 unavailable=28 failed=0 rows=0
2026-09-21 18:49:37,791 INFO atx_db.fundamentals: companyfacts processed=5975 total=20390 loaded=5066 empty=881 unavailable=28 failed=0 rows=0
2026-09-21 18:49:41,530 INFO atx_db.fundamentals: companyfacts processed=6000 total=20390 loaded=5088 empty=884 unavailable=28 failed=0 rows=0
2026-09-21 18:49:43,849 INFO atx_db.fundamentals: companyfacts processed=6025 total=20390 loaded=5109 empty=888 unavailable=28 failed=0 rows=0
2026-09-21 18:49:47,180 INFO atx_db.fundamentals: companyfacts processed=6050 total=20390 loaded=5134 empty=888 unavailable=28 failed=0 rows=0
2026-09-21 18:49:49,528 INFO atx_db.fundamentals: companyfacts processed=6075 total=20390 loaded=5156 empty=891 unavailable=28 failed=0 rows=0
2026-09-21 18:49:53,675 INFO atx_db.fundamentals: companyfacts processed=6100 total=20390 loaded=5177 empty=895 unavailable=28 failed=0 rows=0
2026-09-21 18:49:55,814 INFO atx_db.fundamentals: companyfacts processed=6125 total=20390 loaded=5199 empty=898 unavailable=28 failed=0 rows=0
2026-09-21 18:49:59,127 INFO atx_db.fundamentals: companyfacts processed=6150 total=20390 loaded=5218 empty=904 unavailable=28 failed=0 rows=0
2026-09-21 18:50:01,379 INFO atx_db.fundamentals: companyfacts processed=6175 total=20390 loaded=5241 empty=906 unavailable=28 failed=0 rows=0
2026-09-21 18:50:04,875 INFO atx_db.fundamentals: companyfacts processed=6200 total=20390 loaded=5262 empty=910 unavailable=28 failed=0 rows=0
2026-09-21 18:50:07,980 INFO atx_db.fundamentals: companyfacts processed=6225 total=20390 loaded=5282 empty=915 unavailable=28 failed=0 rows=0
2026-09-21 18:50:11,082 INFO atx_db.fundamentals: companyfacts processed=6250 total=20390 loaded=5306 empty=915 unavailable=29 failed=0 rows=0
2026-09-21 18:50:13,371 INFO atx_db.fundamentals: companyfacts processed=6275 total=20390 loaded=5330 empty=916 unavailable=29 failed=0 rows=0
2026-09-21 18:50:16,591 INFO atx_db.fundamentals: companyfacts processed=6300 total=20390 loaded=5351 empty=920 unavailable=29 failed=0 rows=0
2026-09-21 18:50:18,800 INFO atx_db.fundamentals: companyfacts processed=6325 total=20390 loaded=5374 empty=922 unavailable=29 failed=0 rows=0
2026-09-21 18:50:21,888 INFO atx_db.fundamentals: companyfacts processed=6350 total=20390 loaded=5398 empty=923 unavailable=29 failed=0 rows=0
2026-09-21 18:50:24,879 INFO atx_db.fundamentals: companyfacts processed=6375 total=20390 loaded=5419 empty=927 unavailable=29 failed=0 rows=0
2026-09-21 18:50:28,947 INFO atx_db.fundamentals: companyfacts processed=6400 total=20390 loaded=5440 empty=931 unavailable=29 failed=0 rows=0
2026-09-21 18:50:31,242 INFO atx_db.fundamentals: companyfacts processed=6425 total=20390 loaded=5462 empty=934 unavailable=29 failed=0 rows=0
2026-09-21 18:50:34,539 INFO atx_db.fundamentals: companyfacts processed=6450 total=20390 loaded=5481 empty=940 unavailable=29 failed=0 rows=0
2026-09-21 18:50:37,867 INFO atx_db.fundamentals: companyfacts processed=6475 total=20390 loaded=5504 empty=942 unavailable=29 failed=0 rows=0
2026-09-21 18:50:41,225 INFO atx_db.fundamentals: companyfacts processed=6500 total=20390 loaded=5528 empty=943 unavailable=29 failed=0 rows=0
2026-09-21 18:50:43,276 INFO atx_db.fundamentals: companyfacts processed=6525 total=20390 loaded=5550 empty=945 unavailable=30 failed=0 rows=0
2026-09-21 18:50:45,426 INFO atx_db.fundamentals: companyfacts processed=6550 total=20390 loaded=5566 empty=953 unavailable=31 failed=0 rows=0
2026-09-21 18:50:48,628 INFO atx_db.fundamentals: companyfacts processed=6575 total=20390 loaded=5590 empty=954 unavailable=31 failed=0 rows=0
2026-09-21 18:50:50,917 INFO atx_db.fundamentals: companyfacts processed=6600 total=20390 loaded=5612 empty=957 unavailable=31 failed=0 rows=0
2026-09-21 18:50:53,679 INFO atx_db.fundamentals: companyfacts processed=6625 total=20390 loaded=5632 empty=961 unavailable=32 failed=0 rows=0
2026-09-21 18:50:56,022 INFO atx_db.fundamentals: companyfacts processed=6650 total=20390 loaded=5650 empty=968 unavailable=32 failed=0 rows=0
2026-09-21 18:50:59,762 INFO atx_db.fundamentals: companyfacts processed=6675 total=20390 loaded=5671 empty=972 unavailable=32 failed=0 rows=0
2026-09-21 18:51:02,232 INFO atx_db.fundamentals: companyfacts processed=6700 total=20390 loaded=5687 empty=980 unavailable=33 failed=0 rows=0
2026-09-21 18:51:06,287 INFO atx_db.fundamentals: companyfacts processed=6725 total=20390 loaded=5702 empty=989 unavailable=34 failed=0 rows=0
2026-09-21 18:51:08,755 INFO atx_db.fundamentals: companyfacts processed=6750 total=20390 loaded=5722 empty=994 unavailable=34 failed=0 rows=0
2026-09-21 18:51:12,282 INFO atx_db.fundamentals: companyfacts processed=6775 total=20390 loaded=5743 empty=998 unavailable=34 failed=0 rows=0
2026-09-21 18:51:14,650 INFO atx_db.fundamentals: companyfacts processed=6800 total=20390 loaded=5765 empty=1001 unavailable=34 failed=0 rows=0
2026-09-21 18:51:19,081 INFO atx_db.fundamentals: companyfacts processed=6825 total=20390 loaded=5782 empty=1009 unavailable=34 failed=0 rows=0
2026-09-21 18:51:21,477 INFO atx_db.fundamentals: companyfacts processed=6850 total=20390 loaded=5802 empty=1014 unavailable=34 failed=0 rows=0
2026-09-21 18:51:25,154 INFO atx_db.fundamentals: companyfacts processed=6875 total=20390 loaded=5821 empty=1019 unavailable=35 failed=0 rows=0
2026-09-21 18:51:27,786 INFO atx_db.fundamentals: companyfacts processed=6900 total=20390 loaded=5841 empty=1024 unavailable=35 failed=0 rows=0
2026-09-21 18:51:30,869 INFO atx_db.fundamentals: companyfacts processed=6925 total=20390 loaded=5859 empty=1031 unavailable=35 failed=0 rows=0
2026-09-21 18:51:33,117 INFO atx_db.fundamentals: companyfacts processed=6950 total=20390 loaded=5881 empty=1034 unavailable=35 failed=0 rows=0
2026-09-21 18:51:36,128 INFO atx_db.fundamentals: companyfacts processed=6975 total=20390 loaded=5905 empty=1035 unavailable=35 failed=0 rows=0
2026-09-21 18:51:38,339 INFO atx_db.fundamentals: companyfacts processed=7000 total=20390 loaded=5926 empty=1039 unavailable=35 failed=0 rows=0
2026-09-21 18:51:41,305 INFO atx_db.fundamentals: companyfacts processed=7025 total=20390 loaded=5948 empty=1042 unavailable=35 failed=0 rows=0
2026-09-21 18:51:43,452 INFO atx_db.fundamentals: companyfacts processed=7050 total=20390 loaded=5971 empty=1044 unavailable=35 failed=0 rows=0
2026-09-21 18:51:46,398 INFO atx_db.fundamentals: companyfacts processed=7075 total=20390 loaded=5993 empty=1047 unavailable=35 failed=0 rows=0
2026-09-21 18:51:49,021 INFO atx_db.fundamentals: companyfacts processed=7100 total=20390 loaded=6015 empty=1050 unavailable=35 failed=0 rows=0
2026-09-21 18:51:51,884 INFO atx_db.fundamentals: companyfacts processed=7125 total=20390 loaded=6037 empty=1053 unavailable=35 failed=0 rows=0
2026-09-21 18:51:54,103 INFO atx_db.fundamentals: companyfacts processed=7150 total=20390 loaded=6059 empty=1056 unavailable=35 failed=0 rows=0
2026-09-21 18:51:57,061 INFO atx_db.fundamentals: companyfacts processed=7175 total=20390 loaded=6076 empty=1064 unavailable=35 failed=0 rows=0
2026-09-21 18:51:59,120 INFO atx_db.fundamentals: companyfacts processed=7200 total=20390 loaded=6100 empty=1065 unavailable=35 failed=0 rows=0
2026-09-21 18:52:02,136 INFO atx_db.fundamentals: companyfacts processed=7225 total=20390 loaded=6122 empty=1068 unavailable=35 failed=0 rows=0
2026-09-21 18:52:04,336 INFO atx_db.fundamentals: companyfacts processed=7250 total=20390 loaded=6145 empty=1069 unavailable=36 failed=0 rows=0
2026-09-21 18:52:06,533 INFO atx_db.fundamentals: companyfacts processed=7275 total=20390 loaded=6166 empty=1073 unavailable=36 failed=0 rows=0
2026-09-21 18:52:10,031 INFO atx_db.fundamentals: companyfacts processed=7300 total=20390 loaded=6188 empty=1076 unavailable=36 failed=0 rows=0
2026-09-21 18:52:12,419 INFO atx_db.fundamentals: companyfacts processed=7325 total=20390 loaded=6210 empty=1079 unavailable=36 failed=0 rows=0
2026-09-21 18:52:15,306 INFO atx_db.fundamentals: companyfacts processed=7350 total=20390 loaded=6233 empty=1081 unavailable=36 failed=0 rows=0
2026-09-21 18:52:17,441 INFO atx_db.fundamentals: companyfacts processed=7375 total=20390 loaded=6257 empty=1082 unavailable=36 failed=0 rows=0
2026-09-21 18:52:20,377 INFO atx_db.fundamentals: companyfacts processed=7400 total=20390 loaded=6281 empty=1083 unavailable=36 failed=0 rows=0
2026-09-21 18:52:22,564 INFO atx_db.fundamentals: companyfacts processed=7425 total=20390 loaded=6303 empty=1084 unavailable=38 failed=0 rows=0
2026-09-21 18:52:26,336 INFO atx_db.fundamentals: companyfacts processed=7450 total=20390 loaded=6327 empty=1085 unavailable=38 failed=0 rows=0
2026-09-21 18:52:28,409 INFO atx_db.fundamentals: companyfacts processed=7475 total=20390 loaded=6350 empty=1087 unavailable=38 failed=0 rows=0
2026-09-21 18:52:31,532 INFO atx_db.fundamentals: companyfacts processed=7500 total=20390 loaded=6372 empty=1089 unavailable=39 failed=0 rows=0
2026-09-21 18:52:33,792 INFO atx_db.fundamentals: companyfacts processed=7525 total=20390 loaded=6395 empty=1091 unavailable=39 failed=0 rows=0
2026-09-21 18:52:36,870 INFO atx_db.fundamentals: companyfacts processed=7550 total=20390 loaded=6415 empty=1096 unavailable=39 failed=0 rows=0
2026-09-21 18:52:39,009 INFO atx_db.fundamentals: companyfacts processed=7575 total=20390 loaded=6439 empty=1097 unavailable=39 failed=0 rows=0
2026-09-21 18:52:42,251 INFO atx_db.fundamentals: companyfacts processed=7600 total=20390 loaded=6456 empty=1105 unavailable=39 failed=0 rows=0
2026-09-21 18:52:44,512 INFO atx_db.fundamentals: companyfacts processed=7625 total=20390 loaded=6480 empty=1106 unavailable=39 failed=0 rows=0
2026-09-21 18:52:47,436 INFO atx_db.fundamentals: companyfacts processed=7650 total=20390 loaded=6505 empty=1106 unavailable=39 failed=0 rows=0
2026-09-21 18:52:49,666 INFO atx_db.fundamentals: companyfacts processed=7675 total=20390 loaded=6529 empty=1107 unavailable=39 failed=0 rows=0
2026-09-21 18:52:52,569 INFO atx_db.fundamentals: companyfacts processed=7700 total=20390 loaded=6554 empty=1107 unavailable=39 failed=0 rows=0
2026-09-21 18:52:54,771 INFO atx_db.fundamentals: companyfacts processed=7725 total=20390 loaded=6576 empty=1110 unavailable=39 failed=0 rows=0
2026-09-21 18:52:58,466 INFO atx_db.fundamentals: companyfacts processed=7750 total=20390 loaded=6596 empty=1115 unavailable=39 failed=0 rows=0
2026-09-21 18:53:00,751 INFO atx_db.fundamentals: companyfacts processed=7775 total=20390 loaded=6620 empty=1116 unavailable=39 failed=0 rows=0
2026-09-21 18:53:04,704 INFO atx_db.fundamentals: companyfacts processed=7800 total=20390 loaded=6644 empty=1117 unavailable=39 failed=0 rows=0
2026-09-21 18:53:08,031 INFO atx_db.fundamentals: companyfacts processed=7825 total=20390 loaded=6668 empty=1118 unavailable=39 failed=0 rows=0
2026-09-21 18:53:11,688 INFO atx_db.fundamentals: companyfacts processed=7850 total=20390 loaded=6689 empty=1122 unavailable=39 failed=0 rows=0
2026-09-21 18:53:13,976 INFO atx_db.fundamentals: companyfacts processed=7875 total=20390 loaded=6712 empty=1124 unavailable=39 failed=0 rows=0
2026-09-21 18:53:17,180 INFO atx_db.fundamentals: companyfacts processed=7900 total=20390 loaded=6736 empty=1125 unavailable=39 failed=0 rows=0
2026-09-21 18:53:19,467 INFO atx_db.fundamentals: companyfacts processed=7925 total=20390 loaded=6760 empty=1126 unavailable=39 failed=0 rows=0
2026-09-21 18:53:22,206 INFO atx_db.fundamentals: companyfacts processed=7950 total=20390 loaded=6784 empty=1127 unavailable=39 failed=0 rows=0
2026-09-21 18:53:29,404 INFO atx_db.fundamentals: companyfacts processed=7975 total=20390 loaded=6807 empty=1129 unavailable=39 failed=0 rows=1270
2026-09-21 18:54:05,809 INFO atx_db.fundamentals: companyfacts processed=8000 total=20390 loaded=6830 empty=1131 unavailable=39 failed=0 rows=74708
2026-09-21 18:54:45,182 INFO atx_db.fundamentals: companyfacts processed=8025 total=20390 loaded=6853 empty=1133 unavailable=39 failed=0 rows=163362
2026-09-21 18:55:23,352 INFO atx_db.fundamentals: companyfacts processed=8050 total=20390 loaded=6874 empty=1137 unavailable=39 failed=0 rows=229126
2026-09-21 18:56:03,725 INFO atx_db.fundamentals: companyfacts processed=8075 total=20390 loaded=6898 empty=1138 unavailable=39 failed=0 rows=281856
2026-09-21 18:56:42,614 INFO atx_db.fundamentals: companyfacts processed=8100 total=20390 loaded=6921 empty=1140 unavailable=39 failed=0 rows=336733
2026-09-21 18:57:47,447 INFO atx_db.fundamentals: companyfacts processed=8125 total=20390 loaded=6946 empty=1140 unavailable=39 failed=0 rows=437509
2026-09-21 18:58:44,346 INFO atx_db.fundamentals: companyfacts processed=8150 total=20390 loaded=6969 empty=1142 unavailable=39 failed=0 rows=526309
2026-09-21 18:59:28,650 INFO atx_db.fundamentals: companyfacts processed=8175 total=20390 loaded=6990 empty=1146 unavailable=39 failed=0 rows=606956
2026-09-21 19:00:34,885 INFO atx_db.fundamentals: companyfacts processed=8200 total=20390 loaded=7014 empty=1147 unavailable=39 failed=0 rows=721307
2026-09-21 19:01:17,983 INFO atx_db.fundamentals: companyfacts processed=8225 total=20390 loaded=7038 empty=1148 unavailable=39 failed=0 rows=799046
2026-09-21 19:02:06,177 INFO atx_db.fundamentals: companyfacts processed=8250 total=20390 loaded=7059 empty=1152 unavailable=39 failed=0 rows=890506
2026-09-21 19:02:41,060 INFO atx_db.fundamentals: companyfacts processed=8275 total=20390 loaded=7084 empty=1152 unavailable=39 failed=0 rows=964936
2026-09-21 19:03:25,694 INFO atx_db.fundamentals: companyfacts processed=8300 total=20390 loaded=7109 empty=1152 unavailable=39 failed=0 rows=1043493
2026-09-21 19:04:00,884 INFO atx_db.fundamentals: companyfacts processed=8325 total=20390 loaded=7133 empty=1153 unavailable=39 failed=0 rows=1099511
2026-09-21 19:04:50,135 INFO atx_db.fundamentals: companyfacts processed=8350 total=20390 loaded=7157 empty=1154 unavailable=39 failed=0 rows=1171168
2026-09-21 19:05:31,411 INFO atx_db.fundamentals: companyfacts processed=8375 total=20390 loaded=7182 empty=1154 unavailable=39 failed=0 rows=1259329
2026-09-21 19:06:16,673 INFO atx_db.fundamentals: companyfacts processed=8400 total=20390 loaded=7207 empty=1154 unavailable=39 failed=0 rows=1321001
2026-09-21 19:07:21,316 INFO atx_db.fundamentals: companyfacts processed=8425 total=20390 loaded=7232 empty=1154 unavailable=39 failed=0 rows=1394508
2026-09-21 19:08:17,150 INFO atx_db.fundamentals: companyfacts processed=8450 total=20390 loaded=7255 empty=1156 unavailable=39 failed=0 rows=1459756
2026-09-21 19:09:31,804 INFO atx_db.fundamentals: companyfacts processed=8475 total=20390 loaded=7280 empty=1156 unavailable=39 failed=0 rows=1544102
2026-09-21 19:10:29,147 INFO atx_db.fundamentals: companyfacts processed=8500 total=20390 loaded=7301 empty=1160 unavailable=39 failed=0 rows=1609080
2026-09-21 19:11:25,333 INFO atx_db.fundamentals: companyfacts processed=8525 total=20390 loaded=7322 empty=1164 unavailable=39 failed=0 rows=1693623
2026-09-21 19:11:53,761 INFO atx_db.fundamentals: companyfacts processed=8550 total=20390 loaded=7342 empty=1169 unavailable=39 failed=0 rows=1731089
2026-09-21 19:12:26,377 INFO atx_db.fundamentals: companyfacts processed=8575 total=20390 loaded=7364 empty=1172 unavailable=39 failed=0 rows=1787285
2026-09-21 19:12:53,593 INFO atx_db.fundamentals: companyfacts processed=8600 total=20390 loaded=7388 empty=1173 unavailable=39 failed=0 rows=1833293
2026-09-21 19:13:38,272 INFO atx_db.fundamentals: companyfacts processed=8625 total=20390 loaded=7413 empty=1173 unavailable=39 failed=0 rows=1892613
2026-09-21 19:14:25,099 INFO atx_db.fundamentals: companyfacts processed=8650 total=20390 loaded=7436 empty=1175 unavailable=39 failed=0 rows=1976165
2026-09-21 19:15:24,469 INFO atx_db.fundamentals: companyfacts processed=8675 total=20390 loaded=7460 empty=1176 unavailable=39 failed=0 rows=2051565
2026-09-21 19:16:27,137 INFO atx_db.fundamentals: companyfacts processed=8700 total=20390 loaded=7485 empty=1176 unavailable=39 failed=0 rows=2123841
2026-09-21 19:17:14,022 INFO atx_db.fundamentals: companyfacts processed=8725 total=20390 loaded=7508 empty=1178 unavailable=39 failed=0 rows=2191181
2026-09-21 19:17:55,619 INFO atx_db.fundamentals: companyfacts processed=8750 total=20390 loaded=7531 empty=1180 unavailable=39 failed=0 rows=2258355
2026-09-21 19:18:34,336 INFO atx_db.fundamentals: companyfacts processed=8775 total=20390 loaded=7555 empty=1181 unavailable=39 failed=0 rows=2323086
2026-09-21 19:19:36,280 INFO atx_db.fundamentals: companyfacts processed=8800 total=20390 loaded=7577 empty=1184 unavailable=39 failed=0 rows=2390618
2026-09-21 19:20:57,564 INFO atx_db.fundamentals: companyfacts processed=8825 total=20390 loaded=7600 empty=1186 unavailable=39 failed=0 rows=2486194
2026-09-21 19:21:41,752 INFO atx_db.fundamentals: companyfacts processed=8850 total=20390 loaded=7621 empty=1190 unavailable=39 failed=0 rows=2537233
2026-09-21 19:22:32,784 INFO atx_db.fundamentals: companyfacts processed=8875 total=20390 loaded=7642 empty=1193 unavailable=40 failed=0 rows=2621277
2026-09-21 19:23:14,851 INFO atx_db.fundamentals: companyfacts processed=8900 total=20390 loaded=7664 empty=1196 unavailable=40 failed=0 rows=2685813
2026-09-21 19:23:48,592 INFO atx_db.fundamentals: companyfacts processed=8925 total=20390 loaded=7687 empty=1198 unavailable=40 failed=0 rows=2747040
2026-09-21 19:24:20,361 INFO atx_db.fundamentals: companyfacts processed=8950 total=20390 loaded=7711 empty=1199 unavailable=40 failed=0 rows=2805982
2026-09-21 19:25:05,905 INFO atx_db.fundamentals: companyfacts processed=8975 total=20390 loaded=7734 empty=1201 unavailable=40 failed=0 rows=2889930
2026-09-21 19:25:47,474 INFO atx_db.fundamentals: companyfacts processed=9000 total=20390 loaded=7757 empty=1203 unavailable=40 failed=0 rows=2954116
2026-09-21 19:26:28,332 INFO atx_db.fundamentals: companyfacts processed=9025 total=20390 loaded=7777 empty=1208 unavailable=40 failed=0 rows=3030970
2026-09-21 19:27:05,405 INFO atx_db.fundamentals: companyfacts processed=9050 total=20390 loaded=7801 empty=1209 unavailable=40 failed=0 rows=3095696
2026-09-21 19:27:33,051 INFO atx_db.fundamentals: companyfacts processed=9075 total=20390 loaded=7819 empty=1216 unavailable=40 failed=0 rows=3147095
2026-09-21 19:28:09,285 INFO atx_db.fundamentals: companyfacts processed=9100 total=20390 loaded=7843 empty=1217 unavailable=40 failed=0 rows=3194621
2026-09-21 19:28:50,392 INFO atx_db.fundamentals: companyfacts processed=9125 total=20390 loaded=7866 empty=1219 unavailable=40 failed=0 rows=3266568
2026-09-21 19:29:45,617 INFO atx_db.fundamentals: companyfacts processed=9150 total=20390 loaded=7888 empty=1222 unavailable=40 failed=0 rows=3360318
2026-09-21 19:30:19,334 INFO atx_db.fundamentals: companyfacts processed=9175 total=20390 loaded=7913 empty=1222 unavailable=40 failed=0 rows=3424398
2026-09-21 19:31:09,113 INFO atx_db.fundamentals: companyfacts processed=9200 total=20390 loaded=7937 empty=1223 unavailable=40 failed=0 rows=3502461
2026-09-21 19:31:57,030 INFO atx_db.fundamentals: companyfacts processed=9225 total=20390 loaded=7962 empty=1223 unavailable=40 failed=0 rows=3585763
2026-09-21 19:32:53,878 INFO atx_db.fundamentals: companyfacts processed=9250 total=20390 loaded=7985 empty=1225 unavailable=40 failed=0 rows=3683089
2026-09-21 19:33:29,673 INFO atx_db.fundamentals: companyfacts processed=9275 total=20390 loaded=8007 empty=1228 unavailable=40 failed=0 rows=3756886
2026-09-21 19:34:14,525 INFO atx_db.fundamentals: companyfacts processed=9300 total=20390 loaded=8031 empty=1228 unavailable=41 failed=0 rows=3822106
2026-09-21 19:34:47,819 INFO atx_db.fundamentals: companyfacts processed=9325 total=20390 loaded=8055 empty=1229 unavailable=41 failed=0 rows=3869708
2026-09-21 19:35:24,909 INFO atx_db.fundamentals: companyfacts processed=9350 total=20390 loaded=8078 empty=1231 unavailable=41 failed=0 rows=3934452
2026-09-21 19:35:58,920 INFO atx_db.fundamentals: companyfacts processed=9375 total=20390 loaded=8101 empty=1233 unavailable=41 failed=0 rows=3998102
2026-09-21 19:36:35,419 INFO atx_db.fundamentals: companyfacts processed=9400 total=20390 loaded=8125 empty=1234 unavailable=41 failed=0 rows=4061739
2026-09-21 19:37:15,123 INFO atx_db.fundamentals: companyfacts processed=9425 total=20390 loaded=8149 empty=1235 unavailable=41 failed=0 rows=4121518
2026-09-21 19:38:08,682 INFO atx_db.fundamentals: companyfacts processed=9450 total=20390 loaded=8173 empty=1236 unavailable=41 failed=0 rows=4201441
2026-09-21 19:38:43,614 INFO atx_db.fundamentals: companyfacts processed=9475 total=20390 loaded=8198 empty=1236 unavailable=41 failed=0 rows=4252416
2026-09-21 19:39:15,414 INFO atx_db.fundamentals: companyfacts processed=9500 total=20390 loaded=8222 empty=1237 unavailable=41 failed=0 rows=4306843
2026-09-21 19:39:56,190 INFO atx_db.fundamentals: companyfacts processed=9525 total=20390 loaded=8246 empty=1238 unavailable=41 failed=0 rows=4369627
2026-09-21 19:40:59,728 INFO atx_db.fundamentals: companyfacts processed=9550 total=20390 loaded=8270 empty=1239 unavailable=41 failed=0 rows=4460778
2026-09-21 19:41:33,613 INFO atx_db.fundamentals: companyfacts processed=9575 total=20390 loaded=8294 empty=1240 unavailable=41 failed=0 rows=4505808
2026-09-21 19:42:21,000 INFO atx_db.fundamentals: companyfacts processed=9600 total=20390 loaded=8318 empty=1241 unavailable=41 failed=0 rows=4585548
2026-09-21 19:43:08,557 INFO atx_db.fundamentals: companyfacts processed=9625 total=20390 loaded=8342 empty=1242 unavailable=41 failed=0 rows=4649852
2026-09-21 19:44:01,676 INFO atx_db.fundamentals: companyfacts processed=9650 total=20390 loaded=8367 empty=1242 unavailable=41 failed=0 rows=4703956
2026-09-21 19:45:13,987 INFO atx_db.fundamentals: companyfacts processed=9675 total=20390 loaded=8391 empty=1243 unavailable=41 failed=0 rows=4767994
2026-09-21 19:45:49,571 INFO atx_db.fundamentals: companyfacts processed=9700 total=20390 loaded=8415 empty=1244 unavailable=41 failed=0 rows=4820605
2026-09-21 19:46:42,154 INFO atx_db.fundamentals: companyfacts processed=9725 total=20390 loaded=8439 empty=1245 unavailable=41 failed=0 rows=4894297
2026-09-21 19:47:27,582 INFO atx_db.fundamentals: companyfacts processed=9750 total=20390 loaded=8464 empty=1245 unavailable=41 failed=0 rows=4973690
2026-09-21 19:48:19,006 INFO atx_db.fundamentals: companyfacts processed=9775 total=20390 loaded=8487 empty=1247 unavailable=41 failed=0 rows=5052359
2026-09-21 19:49:23,141 INFO atx_db.fundamentals: companyfacts processed=9800 total=20390 loaded=8510 empty=1249 unavailable=41 failed=0 rows=5143260
2026-09-21 19:50:05,243 INFO atx_db.fundamentals: companyfacts processed=9825 total=20390 loaded=8534 empty=1250 unavailable=41 failed=0 rows=5187920
2026-09-21 19:51:00,214 INFO atx_db.fundamentals: companyfacts processed=9850 total=20390 loaded=8559 empty=1250 unavailable=41 failed=0 rows=5245853
2026-09-21 19:52:25,997 INFO atx_db.fundamentals: companyfacts processed=9875 total=20390 loaded=8584 empty=1250 unavailable=41 failed=0 rows=5331448
