2026-09-21 17:54:50,907 INFO atx_db.fundamentals: companyfacts resume verifying receipts and retained fact/point rows
2026-09-21 17:54:50,973 INFO atx_db._companyfacts_resume: companyfacts resume receipts=6570 lineage_runs=3; inventorying retained issuer counts
2026-09-21 17:54:52,604 INFO atx_db._companyfacts_resume: companyfacts resume aggregating retained fact fingerprints
2026-09-21 17:57:41,980 INFO atx_db._companyfacts_resume: companyfacts resume fact_identity_groups=10743; aggregating retained point fingerprints
2026-09-21 18:00:39,762 INFO atx_db._companyfacts_resume: companyfacts resume point_identity_groups=10743; recovering unresolved issuer summaries
2026-09-21 18:00:42,881 INFO atx_db.fundamentals: companyfacts resume verified targets=6570 rows=31008510
2026-09-21 18:00:42,882 INFO atx_db.fundamentals: companyfacts processed=0 total=20390 loaded=0 empty=0 unavailable=0 failed=0 rows=0
2026-09-21 18:00:44,648 INFO atx_db.fundamentals: companyfacts CIK inventory issuers=10743 spellings=10743 elapsed_seconds=1.558
2026-09-21 18:00:46,946 INFO atx_db.fundamentals: companyfacts processed=25 total=20390 loaded=19 empty=5 unavailable=1 failed=0 rows=0
2026-09-21 18:00:49,471 INFO atx_db.fundamentals: companyfacts processed=50 total=20390 loaded=40 empty=9 unavailable=1 failed=0 rows=0
2026-09-21 18:00:52,422 INFO atx_db.fundamentals: companyfacts processed=75 total=20390 loaded=64 empty=10 unavailable=1 failed=0 rows=0
2026-09-21 18:00:54,903 INFO atx_db.fundamentals: companyfacts processed=100 total=20390 loaded=87 empty=12 unavailable=1 failed=0 rows=0
2026-09-21 18:00:58,128 INFO atx_db.fundamentals: companyfacts processed=125 total=20390 loaded=107 empty=17 unavailable=1 failed=0 rows=0
2026-09-21 18:01:00,244 INFO atx_db.fundamentals: companyfacts processed=150 total=20390 loaded=130 empty=19 unavailable=1 failed=0 rows=0
2026-09-21 18:01:03,006 INFO atx_db.fundamentals: companyfacts processed=175 total=20390 loaded=154 empty=20 unavailable=1 failed=0 rows=0
2026-09-21 18:01:05,244 INFO atx_db.fundamentals: companyfacts processed=200 total=20390 loaded=178 empty=21 unavailable=1 failed=0 rows=0
2026-09-21 18:01:08,139 INFO atx_db.fundamentals: companyfacts processed=225 total=20390 loaded=202 empty=21 unavailable=2 failed=0 rows=0
2026-09-21 18:01:10,209 INFO atx_db.fundamentals: companyfacts processed=250 total=20390 loaded=224 empty=24 unavailable=2 failed=0 rows=0
2026-09-21 18:01:13,070 INFO atx_db.fundamentals: companyfacts processed=275 total=20390 loaded=245 empty=28 unavailable=2 failed=0 rows=0
2026-09-21 18:01:15,463 INFO atx_db.fundamentals: companyfacts processed=300 total=20390 loaded=266 empty=32 unavailable=2 failed=0 rows=0
2026-09-21 18:01:18,413 INFO atx_db.fundamentals: companyfacts processed=325 total=20390 loaded=289 empty=34 unavailable=2 failed=0 rows=0
2026-09-21 18:01:20,619 INFO atx_db.fundamentals: companyfacts processed=350 total=20390 loaded=309 empty=39 unavailable=2 failed=0 rows=0
2026-09-21 18:01:23,631 INFO atx_db.fundamentals: companyfacts processed=375 total=20390 loaded=331 empty=42 unavailable=2 failed=0 rows=0
2026-09-21 18:01:25,966 INFO atx_db.fundamentals: companyfacts processed=400 total=20390 loaded=353 empty=45 unavailable=2 failed=0 rows=0
2026-09-21 18:01:29,073 INFO atx_db.fundamentals: companyfacts processed=425 total=20390 loaded=374 empty=48 unavailable=3 failed=0 rows=0
2026-09-21 18:01:31,123 INFO atx_db.fundamentals: companyfacts processed=450 total=20390 loaded=397 empty=50 unavailable=3 failed=0 rows=0
2026-09-21 18:01:33,999 INFO atx_db.fundamentals: companyfacts processed=475 total=20390 loaded=419 empty=53 unavailable=3 failed=0 rows=0
2026-09-21 18:01:36,247 INFO atx_db.fundamentals: companyfacts processed=500 total=20390 loaded=444 empty=53 unavailable=3 failed=0 rows=0
2026-09-21 18:01:39,215 INFO atx_db.fundamentals: companyfacts processed=525 total=20390 loaded=467 empty=55 unavailable=3 failed=0 rows=0
2026-09-21 18:01:41,215 INFO atx_db.fundamentals: companyfacts processed=550 total=20390 loaded=490 empty=57 unavailable=3 failed=0 rows=0
2026-09-21 18:01:44,078 INFO atx_db.fundamentals: companyfacts processed=575 total=20390 loaded=512 empty=60 unavailable=3 failed=0 rows=0
2026-09-21 18:01:46,071 INFO atx_db.fundamentals: companyfacts processed=600 total=20390 loaded=537 empty=60 unavailable=3 failed=0 rows=0
2026-09-21 18:01:49,120 INFO atx_db.fundamentals: companyfacts processed=625 total=20390 loaded=559 empty=63 unavailable=3 failed=0 rows=0
2026-09-21 18:01:51,308 INFO atx_db.fundamentals: companyfacts processed=650 total=20390 loaded=581 empty=66 unavailable=3 failed=0 rows=0
2026-09-21 18:01:54,280 INFO atx_db.fundamentals: companyfacts processed=675 total=20390 loaded=604 empty=68 unavailable=3 failed=0 rows=0
2026-09-21 18:01:56,523 INFO atx_db.fundamentals: companyfacts processed=700 total=20390 loaded=625 empty=71 unavailable=4 failed=0 rows=0
2026-09-21 18:01:59,568 INFO atx_db.fundamentals: companyfacts processed=725 total=20390 loaded=638 empty=83 unavailable=4 failed=0 rows=0
2026-09-21 18:02:01,639 INFO atx_db.fundamentals: companyfacts processed=750 total=20390 loaded=662 empty=84 unavailable=4 failed=0 rows=0
2026-09-21 18:02:04,484 INFO atx_db.fundamentals: companyfacts processed=775 total=20390 loaded=681 empty=90 unavailable=4 failed=0 rows=0
2026-09-21 18:02:06,516 INFO atx_db.fundamentals: companyfacts processed=800 total=20390 loaded=703 empty=93 unavailable=4 failed=0 rows=0
2026-09-21 18:02:09,444 INFO atx_db.fundamentals: companyfacts processed=825 total=20390 loaded=728 empty=93 unavailable=4 failed=0 rows=0
2026-09-21 18:02:11,642 INFO atx_db.fundamentals: companyfacts processed=850 total=20390 loaded=752 empty=94 unavailable=4 failed=0 rows=0
2026-09-21 18:02:14,856 INFO atx_db.fundamentals: companyfacts processed=875 total=20390 loaded=774 empty=97 unavailable=4 failed=0 rows=0
2026-09-21 18:02:17,038 INFO atx_db.fundamentals: companyfacts processed=900 total=20390 loaded=796 empty=100 unavailable=4 failed=0 rows=0
2026-09-21 18:02:19,935 INFO atx_db.fundamentals: companyfacts processed=925 total=20390 loaded=814 empty=106 unavailable=5 failed=0 rows=0
2026-09-21 18:02:22,060 INFO atx_db.fundamentals: companyfacts processed=950 total=20390 loaded=837 empty=107 unavailable=6 failed=0 rows=0
2026-09-21 18:02:24,343 INFO atx_db.fundamentals: companyfacts processed=975 total=20390 loaded=860 empty=109 unavailable=6 failed=0 rows=0
2026-09-21 18:02:27,762 INFO atx_db.fundamentals: companyfacts processed=1000 total=20390 loaded=877 empty=116 unavailable=7 failed=0 rows=0
2026-09-21 18:02:30,010 INFO atx_db.fundamentals: companyfacts processed=1025 total=20390 loaded=894 empty=123 unavailable=8 failed=0 rows=0
2026-09-21 18:02:33,252 INFO atx_db.fundamentals: companyfacts processed=1050 total=20390 loaded=914 empty=128 unavailable=8 failed=0 rows=0
2026-09-21 18:02:35,383 INFO atx_db.fundamentals: companyfacts processed=1075 total=20390 loaded=934 empty=133 unavailable=8 failed=0 rows=0
2026-09-21 18:02:38,332 INFO atx_db.fundamentals: companyfacts processed=1100 total=20390 loaded=954 empty=138 unavailable=8 failed=0 rows=0
2026-09-21 18:02:40,564 INFO atx_db.fundamentals: companyfacts processed=1125 total=20390 loaded=973 empty=143 unavailable=9 failed=0 rows=0
2026-09-21 18:02:43,386 INFO atx_db.fundamentals: companyfacts processed=1150 total=20390 loaded=994 empty=147 unavailable=9 failed=0 rows=0
2026-09-21 18:02:45,471 INFO atx_db.fundamentals: companyfacts processed=1175 total=20390 loaded=1016 empty=150 unavailable=9 failed=0 rows=0
2026-09-21 18:02:48,250 INFO atx_db.fundamentals: companyfacts processed=1200 total=20390 loaded=1038 empty=153 unavailable=9 failed=0 rows=0
2026-09-21 18:02:50,560 INFO atx_db.fundamentals: companyfacts processed=1225 total=20390 loaded=1060 empty=156 unavailable=9 failed=0 rows=0
2026-09-21 18:02:53,507 INFO atx_db.fundamentals: companyfacts processed=1250 total=20390 loaded=1082 empty=158 unavailable=10 failed=0 rows=0
2026-09-21 18:02:55,627 INFO atx_db.fundamentals: companyfacts processed=1275 total=20390 loaded=1098 empty=167 unavailable=10 failed=0 rows=0
2026-09-21 18:02:58,626 INFO atx_db.fundamentals: companyfacts processed=1300 total=20390 loaded=1115 empty=175 unavailable=10 failed=0 rows=0
2026-09-21 18:03:00,800 INFO atx_db.fundamentals: companyfacts processed=1325 total=20390 loaded=1134 empty=181 unavailable=10 failed=0 rows=0
2026-09-21 18:03:03,064 INFO atx_db.fundamentals: companyfacts processed=1350 total=20390 loaded=1154 empty=185 unavailable=11 failed=0 rows=0
2026-09-21 18:03:06,058 INFO atx_db.fundamentals: companyfacts processed=1375 total=20390 loaded=1176 empty=188 unavailable=11 failed=0 rows=0
2026-09-21 18:03:08,298 INFO atx_db.fundamentals: companyfacts processed=1400 total=20390 loaded=1195 empty=194 unavailable=11 failed=0 rows=0
2026-09-21 18:03:11,268 INFO atx_db.fundamentals: companyfacts processed=1425 total=20390 loaded=1219 empty=195 unavailable=11 failed=0 rows=0
2026-09-21 18:03:13,459 INFO atx_db.fundamentals: companyfacts processed=1450 total=20390 loaded=1243 empty=196 unavailable=11 failed=0 rows=0
2026-09-21 18:03:16,730 INFO atx_db.fundamentals: companyfacts processed=1475 total=20390 loaded=1267 empty=197 unavailable=11 failed=0 rows=0
2026-09-21 18:03:19,011 INFO atx_db.fundamentals: companyfacts processed=1500 total=20390 loaded=1286 empty=202 unavailable=12 failed=0 rows=0
2026-09-21 18:03:22,119 INFO atx_db.fundamentals: companyfacts processed=1525 total=20390 loaded=1309 empty=204 unavailable=12 failed=0 rows=0
2026-09-21 18:03:24,401 INFO atx_db.fundamentals: companyfacts processed=1550 total=20390 loaded=1330 empty=208 unavailable=12 failed=0 rows=0
2026-09-21 18:03:27,853 INFO atx_db.fundamentals: companyfacts processed=1575 total=20390 loaded=1353 empty=210 unavailable=12 failed=0 rows=0
2026-09-21 18:03:30,022 INFO atx_db.fundamentals: companyfacts processed=1600 total=20390 loaded=1375 empty=213 unavailable=12 failed=0 rows=0
2026-09-21 18:03:32,808 INFO atx_db.fundamentals: companyfacts processed=1625 total=20390 loaded=1393 empty=220 unavailable=12 failed=0 rows=0
2026-09-21 18:03:35,055 INFO atx_db.fundamentals: companyfacts processed=1650 total=20390 loaded=1412 empty=226 unavailable=12 failed=0 rows=0
2026-09-21 18:03:37,940 INFO atx_db.fundamentals: companyfacts processed=1675 total=20390 loaded=1432 empty=230 unavailable=13 failed=0 rows=0
2026-09-21 18:03:40,024 INFO atx_db.fundamentals: companyfacts processed=1700 total=20390 loaded=1452 empty=234 unavailable=14 failed=0 rows=0
2026-09-21 18:03:42,847 INFO atx_db.fundamentals: companyfacts processed=1725 total=20390 loaded=1473 empty=237 unavailable=15 failed=0 rows=0
2026-09-21 18:03:44,901 INFO atx_db.fundamentals: companyfacts processed=1750 total=20390 loaded=1493 empty=242 unavailable=15 failed=0 rows=0
2026-09-21 18:03:47,954 INFO atx_db.fundamentals: companyfacts processed=1775 total=20390 loaded=1514 empty=246 unavailable=15 failed=0 rows=0
2026-09-21 18:03:50,254 INFO atx_db.fundamentals: companyfacts processed=1800 total=20390 loaded=1533 empty=250 unavailable=17 failed=0 rows=0
2026-09-21 18:03:52,551 INFO atx_db.fundamentals: companyfacts processed=1825 total=20390 loaded=1552 empty=256 unavailable=17 failed=0 rows=0
2026-09-21 18:03:55,602 INFO atx_db.fundamentals: companyfacts processed=1850 total=20390 loaded=1573 empty=260 unavailable=17 failed=0 rows=0
2026-09-21 18:03:57,829 INFO atx_db.fundamentals: companyfacts processed=1875 total=20390 loaded=1591 empty=267 unavailable=17 failed=0 rows=0
2026-09-21 18:04:01,029 INFO atx_db.fundamentals: companyfacts processed=1900 total=20390 loaded=1613 empty=270 unavailable=17 failed=0 rows=0
2026-09-21 18:04:03,333 INFO atx_db.fundamentals: companyfacts processed=1925 total=20390 loaded=1631 empty=276 unavailable=18 failed=0 rows=0
2026-09-21 18:04:06,367 INFO atx_db.fundamentals: companyfacts processed=1950 total=20390 loaded=1652 empty=280 unavailable=18 failed=0 rows=0
2026-09-21 18:04:08,825 INFO atx_db.fundamentals: companyfacts processed=1975 total=20390 loaded=1672 empty=285 unavailable=18 failed=0 rows=0
2026-09-21 18:04:12,771 INFO atx_db.fundamentals: companyfacts processed=2000 total=20390 loaded=1694 empty=288 unavailable=18 failed=0 rows=0
2026-09-21 18:04:15,682 INFO atx_db.fundamentals: companyfacts processed=2025 total=20390 loaded=1716 empty=291 unavailable=18 failed=0 rows=0
2026-09-21 18:04:18,982 INFO atx_db.fundamentals: companyfacts processed=2050 total=20390 loaded=1731 empty=301 unavailable=18 failed=0 rows=0
2026-09-21 18:04:21,347 INFO atx_db.fundamentals: companyfacts processed=2075 total=20390 loaded=1749 empty=308 unavailable=18 failed=0 rows=0
2026-09-21 18:04:24,684 INFO atx_db.fundamentals: companyfacts processed=2100 total=20390 loaded=1769 empty=312 unavailable=19 failed=0 rows=0
2026-09-21 18:04:26,921 INFO atx_db.fundamentals: companyfacts processed=2125 total=20390 loaded=1791 empty=315 unavailable=19 failed=0 rows=0
2026-09-21 18:04:29,187 INFO atx_db.fundamentals: companyfacts processed=2150 total=20390 loaded=1810 empty=319 unavailable=21 failed=0 rows=0
2026-09-21 18:04:32,401 INFO atx_db.fundamentals: companyfacts processed=2175 total=20390 loaded=1830 empty=324 unavailable=21 failed=0 rows=0
2026-09-21 18:04:34,554 INFO atx_db.fundamentals: companyfacts processed=2200 total=20390 loaded=1848 empty=329 unavailable=23 failed=0 rows=0
2026-09-21 18:04:37,383 INFO atx_db.fundamentals: companyfacts processed=2225 total=20390 loaded=1864 empty=338 unavailable=23 failed=0 rows=0
2026-09-21 18:04:39,916 INFO atx_db.fundamentals: companyfacts processed=2250 total=20390 loaded=1885 empty=342 unavailable=23 failed=0 rows=0
2026-09-21 18:04:42,895 INFO atx_db.fundamentals: companyfacts processed=2275 total=20390 loaded=1907 empty=345 unavailable=23 failed=0 rows=0
2026-09-21 18:04:45,437 INFO atx_db.fundamentals: companyfacts processed=2300 total=20390 loaded=1926 empty=351 unavailable=23 failed=0 rows=0
2026-09-21 18:04:48,465 INFO atx_db.fundamentals: companyfacts processed=2325 total=20390 loaded=1947 empty=355 unavailable=23 failed=0 rows=0
2026-09-21 18:04:50,669 INFO atx_db.fundamentals: companyfacts processed=2350 total=20390 loaded=1970 empty=357 unavailable=23 failed=0 rows=0
2026-09-21 18:04:53,725 INFO atx_db.fundamentals: companyfacts processed=2375 total=20390 loaded=1987 empty=364 unavailable=24 failed=0 rows=0
2026-09-21 18:04:55,978 INFO atx_db.fundamentals: companyfacts processed=2400 total=20390 loaded=2003 empty=372 unavailable=25 failed=0 rows=0
2026-09-21 18:04:59,668 INFO atx_db.fundamentals: companyfacts processed=2425 total=20390 loaded=2026 empty=374 unavailable=25 failed=0 rows=0
2026-09-21 18:05:01,694 INFO atx_db.fundamentals: companyfacts processed=2450 total=20390 loaded=2047 empty=378 unavailable=25 failed=0 rows=0
2026-09-21 18:05:04,523 INFO atx_db.fundamentals: companyfacts processed=2475 total=20390 loaded=2065 empty=385 unavailable=25 failed=0 rows=0
2026-09-21 18:05:06,549 INFO atx_db.fundamentals: companyfacts processed=2500 total=20390 loaded=2080 empty=395 unavailable=25 failed=0 rows=0
2026-09-21 18:05:09,452 INFO atx_db.fundamentals: companyfacts processed=2525 total=20390 loaded=2099 empty=401 unavailable=25 failed=0 rows=0
2026-09-21 18:05:11,587 INFO atx_db.fundamentals: companyfacts processed=2550 total=20390 loaded=2122 empty=403 unavailable=25 failed=0 rows=0
2026-09-21 18:05:14,412 INFO atx_db.fundamentals: companyfacts processed=2575 total=20390 loaded=2142 empty=408 unavailable=25 failed=0 rows=0
2026-09-21 18:05:16,522 INFO atx_db.fundamentals: companyfacts processed=2600 total=20390 loaded=2162 empty=413 unavailable=25 failed=0 rows=0
2026-09-21 18:05:19,612 INFO atx_db.fundamentals: companyfacts processed=2625 total=20390 loaded=2185 empty=415 unavailable=25 failed=0 rows=0
2026-09-21 18:05:21,579 INFO atx_db.fundamentals: companyfacts processed=2650 total=20390 loaded=2202 empty=423 unavailable=25 failed=0 rows=0
2026-09-21 18:05:24,372 INFO atx_db.fundamentals: companyfacts processed=2675 total=20390 loaded=2221 empty=429 unavailable=25 failed=0 rows=0
2026-09-21 18:05:26,606 INFO atx_db.fundamentals: companyfacts processed=2700 total=20390 loaded=2241 empty=434 unavailable=25 failed=0 rows=0
2026-09-21 18:05:30,448 INFO atx_db.fundamentals: companyfacts processed=2725 total=20390 loaded=2262 empty=438 unavailable=25 failed=0 rows=0
2026-09-21 18:05:32,968 INFO atx_db.fundamentals: companyfacts processed=2750 total=20390 loaded=2285 empty=440 unavailable=25 failed=0 rows=0
2026-09-21 18:05:37,117 INFO atx_db.fundamentals: companyfacts processed=2775 total=20390 loaded=2305 empty=445 unavailable=25 failed=0 rows=0
2026-09-21 18:05:39,249 INFO atx_db.fundamentals: companyfacts processed=2800 total=20390 loaded=2328 empty=447 unavailable=25 failed=0 rows=0
2026-09-21 18:05:42,646 INFO atx_db.fundamentals: companyfacts processed=2825 total=20390 loaded=2350 empty=450 unavailable=25 failed=0 rows=0
2026-09-21 18:05:45,451 INFO atx_db.fundamentals: companyfacts processed=2850 total=20390 loaded=2372 empty=453 unavailable=25 failed=0 rows=0
2026-09-21 18:05:48,942 INFO atx_db.fundamentals: companyfacts processed=2875 total=20390 loaded=2396 empty=454 unavailable=25 failed=0 rows=0
2026-09-21 18:05:51,402 INFO atx_db.fundamentals: companyfacts processed=2900 total=20390 loaded=2417 empty=458 unavailable=25 failed=0 rows=0
2026-09-21 18:05:54,614 INFO atx_db.fundamentals: companyfacts processed=2925 total=20390 loaded=2432 empty=468 unavailable=25 failed=0 rows=0
2026-09-21 18:05:56,707 INFO atx_db.fundamentals: companyfacts processed=2950 total=20390 loaded=2453 empty=472 unavailable=25 failed=0 rows=0
2026-09-21 18:05:59,731 INFO atx_db.fundamentals: companyfacts processed=2975 total=20390 loaded=2474 empty=476 unavailable=25 failed=0 rows=0
2026-09-21 18:06:01,813 INFO atx_db.fundamentals: companyfacts processed=3000 total=20390 loaded=2491 empty=484 unavailable=25 failed=0 rows=0
2026-09-21 18:06:06,026 INFO atx_db.fundamentals: companyfacts processed=3025 total=20390 loaded=2510 empty=490 unavailable=25 failed=0 rows=0
2026-09-21 18:06:08,600 INFO atx_db.fundamentals: companyfacts processed=3050 total=20390 loaded=2533 empty=492 unavailable=25 failed=0 rows=0
2026-09-21 18:06:11,721 INFO atx_db.fundamentals: companyfacts processed=3075 total=20390 loaded=2554 empty=496 unavailable=25 failed=0 rows=0
2026-09-21 18:06:14,726 INFO atx_db.fundamentals: companyfacts processed=3100 total=20390 loaded=2576 empty=499 unavailable=25 failed=0 rows=0
2026-09-21 18:06:18,914 INFO atx_db.fundamentals: companyfacts processed=3125 total=20390 loaded=2597 empty=503 unavailable=25 failed=0 rows=0
2026-09-21 18:06:22,346 INFO atx_db.fundamentals: companyfacts processed=3150 total=20390 loaded=2616 empty=509 unavailable=25 failed=0 rows=0
2026-09-21 18:06:26,488 INFO atx_db.fundamentals: companyfacts processed=3175 total=20390 loaded=2634 empty=516 unavailable=25 failed=0 rows=0
2026-09-21 18:06:28,988 INFO atx_db.fundamentals: companyfacts processed=3200 total=20390 loaded=2655 empty=520 unavailable=25 failed=0 rows=0
2026-09-21 18:06:33,073 INFO atx_db.fundamentals: companyfacts processed=3225 total=20390 loaded=2673 empty=527 unavailable=25 failed=0 rows=0
2026-09-21 18:06:35,469 INFO atx_db.fundamentals: companyfacts processed=3250 total=20390 loaded=2696 empty=529 unavailable=25 failed=0 rows=0
2026-09-21 18:06:39,473 INFO atx_db.fundamentals: companyfacts processed=3275 total=20390 loaded=2714 empty=536 unavailable=25 failed=0 rows=0
2026-09-21 18:06:41,992 INFO atx_db.fundamentals: companyfacts processed=3300 total=20390 loaded=2734 empty=541 unavailable=25 failed=0 rows=0
2026-09-21 18:06:45,507 INFO atx_db.fundamentals: companyfacts processed=3325 total=20390 loaded=2749 empty=551 unavailable=25 failed=0 rows=0
2026-09-21 18:06:47,721 INFO atx_db.fundamentals: companyfacts processed=3350 total=20390 loaded=2771 empty=554 unavailable=25 failed=0 rows=0
2026-09-21 18:06:50,675 INFO atx_db.fundamentals: companyfacts processed=3375 total=20390 loaded=2789 empty=561 unavailable=25 failed=0 rows=0
2026-09-21 18:06:52,985 INFO atx_db.fundamentals: companyfacts processed=3400 total=20390 loaded=2808 empty=567 unavailable=25 failed=0 rows=0
2026-09-21 18:06:56,025 INFO atx_db.fundamentals: companyfacts processed=3425 total=20390 loaded=2826 empty=574 unavailable=25 failed=0 rows=0
2026-09-21 18:06:58,468 INFO atx_db.fundamentals: companyfacts processed=3450 total=20390 loaded=2848 empty=577 unavailable=25 failed=0 rows=0
2026-09-21 18:07:01,889 INFO atx_db.fundamentals: companyfacts processed=3475 total=20390 loaded=2871 empty=579 unavailable=25 failed=0 rows=0
2026-09-21 18:07:04,173 INFO atx_db.fundamentals: companyfacts processed=3500 total=20390 loaded=2892 empty=583 unavailable=25 failed=0 rows=0
2026-09-21 18:07:07,782 INFO atx_db.fundamentals: companyfacts processed=3525 total=20390 loaded=2912 empty=588 unavailable=25 failed=0 rows=0
2026-09-21 18:07:09,993 INFO atx_db.fundamentals: companyfacts processed=3550 total=20390 loaded=2931 empty=594 unavailable=25 failed=0 rows=0
2026-09-21 18:07:12,776 INFO atx_db.fundamentals: companyfacts processed=3575 total=20390 loaded=2947 empty=603 unavailable=25 failed=0 rows=0
2026-09-21 18:07:14,949 INFO atx_db.fundamentals: companyfacts processed=3600 total=20390 loaded=2967 empty=608 unavailable=25 failed=0 rows=0
2026-09-21 18:07:18,018 INFO atx_db.fundamentals: companyfacts processed=3625 total=20390 loaded=2990 empty=610 unavailable=25 failed=0 rows=0
2026-09-21 18:07:20,623 INFO atx_db.fundamentals: companyfacts processed=3650 total=20390 loaded=3012 empty=613 unavailable=25 failed=0 rows=0
2026-09-21 18:07:23,535 INFO atx_db.fundamentals: companyfacts processed=3675 total=20390 loaded=3035 empty=615 unavailable=25 failed=0 rows=0
2026-09-21 18:07:26,762 INFO atx_db.fundamentals: companyfacts processed=3700 total=20390 loaded=3056 empty=619 unavailable=25 failed=0 rows=0
2026-09-21 18:07:31,069 INFO atx_db.fundamentals: companyfacts processed=3725 total=20390 loaded=3077 empty=623 unavailable=25 failed=0 rows=0
2026-09-21 18:07:34,041 INFO atx_db.fundamentals: companyfacts processed=3750 total=20390 loaded=3096 empty=629 unavailable=25 failed=0 rows=0
2026-09-21 18:07:38,234 INFO atx_db.fundamentals: companyfacts processed=3775 total=20390 loaded=3117 empty=633 unavailable=25 failed=0 rows=0
2026-09-21 18:07:40,831 INFO atx_db.fundamentals: companyfacts processed=3800 total=20390 loaded=3135 empty=640 unavailable=25 failed=0 rows=0
2026-09-21 18:07:45,043 INFO atx_db.fundamentals: companyfacts processed=3825 total=20390 loaded=3156 empty=644 unavailable=25 failed=0 rows=0
2026-09-21 18:07:47,369 INFO atx_db.fundamentals: companyfacts processed=3850 total=20390 loaded=3176 empty=649 unavailable=25 failed=0 rows=0
2026-09-21 18:07:50,404 INFO atx_db.fundamentals: companyfacts processed=3875 total=20390 loaded=3197 empty=653 unavailable=25 failed=0 rows=0
2026-09-21 18:07:52,674 INFO atx_db.fundamentals: companyfacts processed=3900 total=20390 loaded=3218 empty=656 unavailable=26 failed=0 rows=0
2026-09-21 18:07:54,869 INFO atx_db.fundamentals: companyfacts processed=3925 total=20390 loaded=3238 empty=661 unavailable=26 failed=0 rows=0
2026-09-21 18:07:58,023 INFO atx_db.fundamentals: companyfacts processed=3950 total=20390 loaded=3263 empty=661 unavailable=26 failed=0 rows=0
2026-09-21 18:08:00,476 INFO atx_db.fundamentals: companyfacts processed=3975 total=20390 loaded=3286 empty=663 unavailable=26 failed=0 rows=0
2026-09-21 18:08:03,488 INFO atx_db.fundamentals: companyfacts processed=4000 total=20390 loaded=3308 empty=666 unavailable=26 failed=0 rows=0
2026-09-21 18:08:05,807 INFO atx_db.fundamentals: companyfacts processed=4025 total=20390 loaded=3332 empty=667 unavailable=26 failed=0 rows=0
2026-09-21 18:08:08,912 INFO atx_db.fundamentals: companyfacts processed=4050 total=20390 loaded=3355 empty=669 unavailable=26 failed=0 rows=0
2026-09-21 18:08:11,418 INFO atx_db.fundamentals: companyfacts processed=4075 total=20390 loaded=3378 empty=671 unavailable=26 failed=0 rows=0
2026-09-21 18:08:14,921 INFO atx_db.fundamentals: companyfacts processed=4100 total=20390 loaded=3401 empty=673 unavailable=26 failed=0 rows=0
2026-09-21 18:08:17,120 INFO atx_db.fundamentals: companyfacts processed=4125 total=20390 loaded=3424 empty=675 unavailable=26 failed=0 rows=0
2026-09-21 18:08:20,257 INFO atx_db.fundamentals: companyfacts processed=4150 total=20390 loaded=3446 empty=678 unavailable=26 failed=0 rows=0
2026-09-21 18:08:22,751 INFO atx_db.fundamentals: companyfacts processed=4175 total=20390 loaded=3470 empty=679 unavailable=26 failed=0 rows=0
2026-09-21 18:08:26,507 INFO atx_db.fundamentals: companyfacts processed=4200 total=20390 loaded=3494 empty=680 unavailable=26 failed=0 rows=0
2026-09-21 18:08:29,277 INFO atx_db.fundamentals: companyfacts processed=4225 total=20390 loaded=3516 empty=683 unavailable=26 failed=0 rows=0
2026-09-21 18:08:32,728 INFO atx_db.fundamentals: companyfacts processed=4250 total=20390 loaded=3535 empty=689 unavailable=26 failed=0 rows=0
2026-09-21 18:08:34,831 INFO atx_db.fundamentals: companyfacts processed=4275 total=20390 loaded=3559 empty=690 unavailable=26 failed=0 rows=0
2026-09-21 18:08:37,632 INFO atx_db.fundamentals: companyfacts processed=4300 total=20390 loaded=3583 empty=691 unavailable=26 failed=0 rows=0
2026-09-21 18:08:39,824 INFO atx_db.fundamentals: companyfacts processed=4325 total=20390 loaded=3604 empty=695 unavailable=26 failed=0 rows=0
2026-09-21 18:08:42,507 INFO atx_db.fundamentals: companyfacts processed=4350 total=20390 loaded=3629 empty=695 unavailable=26 failed=0 rows=0
2026-09-21 18:08:44,813 INFO atx_db.fundamentals: companyfacts processed=4375 total=20390 loaded=3652 empty=697 unavailable=26 failed=0 rows=0
2026-09-21 18:08:47,528 INFO atx_db.fundamentals: companyfacts processed=4400 total=20390 loaded=3675 empty=699 unavailable=26 failed=0 rows=0
2026-09-21 18:08:49,771 INFO atx_db.fundamentals: companyfacts processed=4425 total=20390 loaded=3694 empty=705 unavailable=26 failed=0 rows=0
2026-09-21 18:08:52,639 INFO atx_db.fundamentals: companyfacts processed=4450 total=20390 loaded=3716 empty=708 unavailable=26 failed=0 rows=0
2026-09-21 18:08:54,564 INFO atx_db.fundamentals: companyfacts processed=4475 total=20390 loaded=3738 empty=711 unavailable=26 failed=0 rows=0
2026-09-21 18:08:57,488 INFO atx_db.fundamentals: companyfacts processed=4500 total=20390 loaded=3758 empty=716 unavailable=26 failed=0 rows=0
2026-09-21 18:08:59,431 INFO atx_db.fundamentals: companyfacts processed=4525 total=20390 loaded=3782 empty=717 unavailable=26 failed=0 rows=0
2026-09-21 18:09:02,144 INFO atx_db.fundamentals: companyfacts processed=4550 total=20390 loaded=3807 empty=717 unavailable=26 failed=0 rows=0
2026-09-21 18:09:04,133 INFO atx_db.fundamentals: companyfacts processed=4575 total=20390 loaded=3828 empty=720 unavailable=27 failed=0 rows=0
2026-09-21 18:09:07,243 INFO atx_db.fundamentals: companyfacts processed=4600 total=20390 loaded=3849 empty=724 unavailable=27 failed=0 rows=0
2026-09-21 18:09:09,949 INFO atx_db.fundamentals: companyfacts processed=4625 total=20390 loaded=3872 empty=726 unavailable=27 failed=0 rows=0
2026-09-21 18:09:14,194 INFO atx_db.fundamentals: companyfacts processed=4650 total=20390 loaded=3896 empty=727 unavailable=27 failed=0 rows=0
2026-09-21 18:09:16,459 INFO atx_db.fundamentals: companyfacts processed=4675 total=20390 loaded=3919 empty=729 unavailable=27 failed=0 rows=0
2026-09-21 18:09:19,727 INFO atx_db.fundamentals: companyfacts processed=4700 total=20390 loaded=3942 empty=731 unavailable=27 failed=0 rows=0
2026-09-21 18:09:21,921 INFO atx_db.fundamentals: companyfacts processed=4725 total=20390 loaded=3963 empty=735 unavailable=27 failed=0 rows=0
2026-09-21 18:09:25,267 INFO atx_db.fundamentals: companyfacts processed=4750 total=20390 loaded=3984 empty=739 unavailable=27 failed=0 rows=0
2026-09-21 18:09:27,486 INFO atx_db.fundamentals: companyfacts processed=4775 total=20390 loaded=4004 empty=744 unavailable=27 failed=0 rows=0
2026-09-21 18:09:31,067 INFO atx_db.fundamentals: companyfacts processed=4800 total=20390 loaded=4027 empty=746 unavailable=27 failed=0 rows=0
2026-09-21 18:09:33,670 INFO atx_db.fundamentals: companyfacts processed=4825 total=20390 loaded=4050 empty=748 unavailable=27 failed=0 rows=0
2026-09-21 18:09:37,115 INFO atx_db.fundamentals: companyfacts processed=4850 total=20390 loaded=4073 empty=750 unavailable=27 failed=0 rows=0
2026-09-21 18:09:39,820 INFO atx_db.fundamentals: companyfacts processed=4875 total=20390 loaded=4094 empty=754 unavailable=27 failed=0 rows=0
2026-09-21 18:09:44,291 INFO atx_db.fundamentals: companyfacts processed=4900 total=20390 loaded=4100 empty=773 unavailable=27 failed=0 rows=0
2026-09-21 18:09:47,487 INFO atx_db.fundamentals: companyfacts processed=4925 total=20390 loaded=4123 empty=775 unavailable=27 failed=0 rows=0
2026-09-21 18:09:51,504 INFO atx_db.fundamentals: companyfacts processed=4950 total=20390 loaded=4144 empty=778 unavailable=28 failed=0 rows=0
2026-09-21 18:09:53,861 INFO atx_db.fundamentals: companyfacts processed=4975 total=20390 loaded=4166 empty=781 unavailable=28 failed=0 rows=0
2026-09-21 18:09:57,126 INFO atx_db.fundamentals: companyfacts processed=5000 total=20390 loaded=4191 empty=781 unavailable=28 failed=0 rows=0
2026-09-21 18:09:59,782 INFO atx_db.fundamentals: companyfacts processed=5025 total=20390 loaded=4213 empty=784 unavailable=28 failed=0 rows=0
2026-09-21 18:10:02,937 INFO atx_db.fundamentals: companyfacts processed=5050 total=20390 loaded=4238 empty=784 unavailable=28 failed=0 rows=0
2026-09-21 18:10:05,252 INFO atx_db.fundamentals: companyfacts processed=5075 total=20390 loaded=4261 empty=786 unavailable=28 failed=0 rows=0
2026-09-21 18:10:08,245 INFO atx_db.fundamentals: companyfacts processed=5100 total=20390 loaded=4285 empty=787 unavailable=28 failed=0 rows=0
2026-09-21 18:10:10,411 INFO atx_db.fundamentals: companyfacts processed=5125 total=20390 loaded=4304 empty=793 unavailable=28 failed=0 rows=0
2026-09-21 18:10:13,794 INFO atx_db.fundamentals: companyfacts processed=5150 total=20390 loaded=4326 empty=796 unavailable=28 failed=0 rows=0
2026-09-21 18:10:16,167 INFO atx_db.fundamentals: companyfacts processed=5175 total=20390 loaded=4347 empty=800 unavailable=28 failed=0 rows=0
2026-09-21 18:10:19,222 INFO atx_db.fundamentals: companyfacts processed=5200 total=20390 loaded=4368 empty=804 unavailable=28 failed=0 rows=0
2026-09-21 18:10:21,502 INFO atx_db.fundamentals: companyfacts processed=5225 total=20390 loaded=4392 empty=805 unavailable=28 failed=0 rows=0
2026-09-21 18:10:24,625 INFO atx_db.fundamentals: companyfacts processed=5250 total=20390 loaded=4416 empty=806 unavailable=28 failed=0 rows=0
2026-09-21 18:10:27,917 INFO atx_db.fundamentals: companyfacts processed=5275 total=20390 loaded=4437 empty=810 unavailable=28 failed=0 rows=0
2026-09-21 18:10:31,727 INFO atx_db.fundamentals: companyfacts processed=5300 total=20390 loaded=4459 empty=813 unavailable=28 failed=0 rows=0
2026-09-21 18:10:35,351 INFO atx_db.fundamentals: companyfacts processed=5325 total=20390 loaded=4480 empty=817 unavailable=28 failed=0 rows=0
2026-09-21 18:10:40,319 INFO atx_db.fundamentals: companyfacts processed=5350 total=20390 loaded=4503 empty=819 unavailable=28 failed=0 rows=0
2026-09-21 18:10:43,135 INFO atx_db.fundamentals: companyfacts processed=5375 total=20390 loaded=4526 empty=821 unavailable=28 failed=0 rows=0
2026-09-21 18:10:47,001 INFO atx_db.fundamentals: companyfacts processed=5400 total=20390 loaded=4545 empty=827 unavailable=28 failed=0 rows=0
2026-09-21 18:10:49,812 INFO atx_db.fundamentals: companyfacts processed=5425 total=20390 loaded=4569 empty=828 unavailable=28 failed=0 rows=0
2026-09-21 18:10:53,794 INFO atx_db.fundamentals: companyfacts processed=5450 total=20390 loaded=4593 empty=829 unavailable=28 failed=0 rows=0
2026-09-21 18:10:56,934 INFO atx_db.fundamentals: companyfacts processed=5475 total=20390 loaded=4616 empty=831 unavailable=28 failed=0 rows=0
2026-09-21 18:11:03,815 INFO atx_db.fundamentals: companyfacts processed=5500 total=20390 loaded=4639 empty=833 unavailable=28 failed=0 rows=0
2026-09-21 18:11:07,562 INFO atx_db.fundamentals: companyfacts processed=5525 total=20390 loaded=4663 empty=834 unavailable=28 failed=0 rows=0
2026-09-21 18:11:13,220 INFO atx_db.fundamentals: companyfacts processed=5550 total=20390 loaded=4685 empty=837 unavailable=28 failed=0 rows=0
2026-09-21 18:11:16,507 INFO atx_db.fundamentals: companyfacts processed=5575 total=20390 loaded=4709 empty=838 unavailable=28 failed=0 rows=0
2026-09-21 18:11:20,870 INFO atx_db.fundamentals: companyfacts processed=5600 total=20390 loaded=4733 empty=839 unavailable=28 failed=0 rows=0
2026-09-21 18:11:23,837 INFO atx_db.fundamentals: companyfacts processed=5625 total=20390 loaded=4758 empty=839 unavailable=28 failed=0 rows=0
2026-09-21 18:11:28,877 INFO atx_db.fundamentals: companyfacts processed=5650 total=20390 loaded=4780 empty=842 unavailable=28 failed=0 rows=0
2026-09-21 18:11:31,571 INFO atx_db.fundamentals: companyfacts processed=5675 total=20390 loaded=4804 empty=843 unavailable=28 failed=0 rows=0
2026-09-21 18:11:35,643 INFO atx_db.fundamentals: companyfacts processed=5700 total=20390 loaded=4827 empty=845 unavailable=28 failed=0 rows=0
2026-09-21 18:11:38,341 INFO atx_db.fundamentals: companyfacts processed=5725 total=20390 loaded=4852 empty=845 unavailable=28 failed=0 rows=0
2026-09-21 18:11:41,887 INFO atx_db.fundamentals: companyfacts processed=5750 total=20390 loaded=4876 empty=846 unavailable=28 failed=0 rows=0
2026-09-21 18:11:44,767 INFO atx_db.fundamentals: companyfacts processed=5775 total=20390 loaded=4898 empty=849 unavailable=28 failed=0 rows=0
2026-09-21 18:11:48,770 INFO atx_db.fundamentals: companyfacts processed=5800 total=20390 loaded=4922 empty=850 unavailable=28 failed=0 rows=0
2026-09-21 18:11:52,145 INFO atx_db.fundamentals: companyfacts processed=5825 total=20390 loaded=4943 empty=854 unavailable=28 failed=0 rows=0
2026-09-21 18:11:55,900 INFO atx_db.fundamentals: companyfacts processed=5850 total=20390 loaded=4967 empty=855 unavailable=28 failed=0 rows=0
2026-09-21 18:11:59,311 INFO atx_db.fundamentals: companyfacts processed=5875 total=20390 loaded=4987 empty=860 unavailable=28 failed=0 rows=0
2026-09-21 18:12:03,156 INFO atx_db.fundamentals: companyfacts processed=5900 total=20390 loaded=5011 empty=861 unavailable=28 failed=0 rows=0
2026-09-21 18:12:06,638 INFO atx_db.fundamentals: companyfacts processed=5925 total=20390 loaded=5033 empty=864 unavailable=28 failed=0 rows=0
2026-09-21 18:12:11,112 INFO atx_db.fundamentals: companyfacts processed=5950 total=20390 loaded=5043 empty=879 unavailable=28 failed=0 rows=0
2026-09-21 18:12:13,681 INFO atx_db.fundamentals: companyfacts processed=5975 total=20390 loaded=5066 empty=881 unavailable=28 failed=0 rows=0
2026-09-21 18:12:16,907 INFO atx_db.fundamentals: companyfacts processed=6000 total=20390 loaded=5088 empty=884 unavailable=28 failed=0 rows=0
2026-09-21 18:12:20,701 INFO atx_db.fundamentals: companyfacts processed=6025 total=20390 loaded=5109 empty=888 unavailable=28 failed=0 rows=0
2026-09-21 18:12:24,078 INFO atx_db.fundamentals: companyfacts processed=6050 total=20390 loaded=5134 empty=888 unavailable=28 failed=0 rows=0
2026-09-21 18:12:26,476 INFO atx_db.fundamentals: companyfacts processed=6075 total=20390 loaded=5156 empty=891 unavailable=28 failed=0 rows=0
2026-09-21 18:12:29,919 INFO atx_db.fundamentals: companyfacts processed=6100 total=20390 loaded=5177 empty=895 unavailable=28 failed=0 rows=0
2026-09-21 18:12:33,326 INFO atx_db.fundamentals: companyfacts processed=6125 total=20390 loaded=5199 empty=898 unavailable=28 failed=0 rows=0
2026-09-21 18:12:36,772 INFO atx_db.fundamentals: companyfacts processed=6150 total=20390 loaded=5218 empty=904 unavailable=28 failed=0 rows=0
2026-09-21 18:12:39,519 INFO atx_db.fundamentals: companyfacts processed=6175 total=20390 loaded=5241 empty=906 unavailable=28 failed=0 rows=0
2026-09-21 18:12:43,150 INFO atx_db.fundamentals: companyfacts processed=6200 total=20390 loaded=5262 empty=910 unavailable=28 failed=0 rows=0
2026-09-21 18:12:45,767 INFO atx_db.fundamentals: companyfacts processed=6225 total=20390 loaded=5282 empty=915 unavailable=28 failed=0 rows=0
2026-09-21 18:12:48,956 INFO atx_db.fundamentals: companyfacts processed=6250 total=20390 loaded=5306 empty=915 unavailable=29 failed=0 rows=0
2026-09-21 18:12:51,371 INFO atx_db.fundamentals: companyfacts processed=6275 total=20390 loaded=5330 empty=916 unavailable=29 failed=0 rows=0
2026-09-21 18:12:54,727 INFO atx_db.fundamentals: companyfacts processed=6300 total=20390 loaded=5351 empty=920 unavailable=29 failed=0 rows=0
2026-09-21 18:12:57,246 INFO atx_db.fundamentals: companyfacts processed=6325 total=20390 loaded=5374 empty=922 unavailable=29 failed=0 rows=0
2026-09-21 18:13:01,814 INFO atx_db.fundamentals: companyfacts processed=6350 total=20390 loaded=5398 empty=923 unavailable=29 failed=0 rows=0
2026-09-21 18:13:04,115 INFO atx_db.fundamentals: companyfacts processed=6375 total=20390 loaded=5419 empty=927 unavailable=29 failed=0 rows=0
2026-09-21 18:13:07,268 INFO atx_db.fundamentals: companyfacts processed=6400 total=20390 loaded=5440 empty=931 unavailable=29 failed=0 rows=0
2026-09-21 18:13:09,670 INFO atx_db.fundamentals: companyfacts processed=6425 total=20390 loaded=5462 empty=934 unavailable=29 failed=0 rows=0
2026-09-21 18:13:13,245 INFO atx_db.fundamentals: companyfacts processed=6450 total=20390 loaded=5481 empty=940 unavailable=29 failed=0 rows=0
2026-09-21 18:13:15,457 INFO atx_db.fundamentals: companyfacts processed=6475 total=20390 loaded=5504 empty=942 unavailable=29 failed=0 rows=0
2026-09-21 18:13:19,323 INFO atx_db.fundamentals: companyfacts processed=6500 total=20390 loaded=5528 empty=943 unavailable=29 failed=0 rows=0
2026-09-21 18:13:21,951 INFO atx_db.fundamentals: companyfacts processed=6525 total=20390 loaded=5550 empty=945 unavailable=30 failed=0 rows=0
2026-09-21 18:13:24,351 INFO atx_db.fundamentals: companyfacts processed=6550 total=20390 loaded=5566 empty=953 unavailable=31 failed=0 rows=0
2026-09-21 18:13:28,019 INFO atx_db.fundamentals: companyfacts processed=6575 total=20390 loaded=5590 empty=954 unavailable=31 failed=0 rows=0
2026-09-21 18:13:31,327 INFO atx_db.fundamentals: companyfacts processed=6600 total=20390 loaded=5612 empty=957 unavailable=31 failed=0 rows=0
2026-09-21 18:13:35,686 INFO atx_db.fundamentals: companyfacts processed=6625 total=20390 loaded=5632 empty=961 unavailable=32 failed=0 rows=0
2026-09-21 18:13:38,578 INFO atx_db.fundamentals: companyfacts processed=6650 total=20390 loaded=5650 empty=968 unavailable=32 failed=0 rows=0
2026-09-21 18:13:42,556 INFO atx_db.fundamentals: companyfacts processed=6675 total=20390 loaded=5671 empty=972 unavailable=32 failed=0 rows=0
2026-09-21 18:13:46,309 INFO atx_db.fundamentals: companyfacts processed=6700 total=20390 loaded=5687 empty=980 unavailable=33 failed=0 rows=0
2026-09-21 18:13:50,648 INFO atx_db.fundamentals: companyfacts processed=6725 total=20390 loaded=5702 empty=989 unavailable=34 failed=0 rows=0
2026-09-21 18:13:53,274 INFO atx_db.fundamentals: companyfacts processed=6750 total=20390 loaded=5722 empty=994 unavailable=34 failed=0 rows=0
2026-09-21 18:13:57,208 INFO atx_db.fundamentals: companyfacts processed=6775 total=20390 loaded=5743 empty=998 unavailable=34 failed=0 rows=0
2026-09-21 18:14:00,074 INFO atx_db.fundamentals: companyfacts processed=6800 total=20390 loaded=5765 empty=1001 unavailable=34 failed=0 rows=0
2026-09-21 18:14:04,135 INFO atx_db.fundamentals: companyfacts processed=6825 total=20390 loaded=5782 empty=1009 unavailable=34 failed=0 rows=0
2026-09-21 18:14:06,746 INFO atx_db.fundamentals: companyfacts processed=6850 total=20390 loaded=5802 empty=1014 unavailable=34 failed=0 rows=0
2026-09-21 18:14:11,313 INFO atx_db.fundamentals: companyfacts processed=6875 total=20390 loaded=5821 empty=1019 unavailable=35 failed=0 rows=0
2026-09-21 18:14:14,980 INFO atx_db.fundamentals: companyfacts processed=6900 total=20390 loaded=5841 empty=1024 unavailable=35 failed=0 rows=0
2026-09-21 18:14:19,746 INFO atx_db.fundamentals: companyfacts processed=6925 total=20390 loaded=5859 empty=1031 unavailable=35 failed=0 rows=0
2026-09-21 18:14:22,470 INFO atx_db.fundamentals: companyfacts processed=6950 total=20390 loaded=5881 empty=1034 unavailable=35 failed=0 rows=0
2026-09-21 18:14:26,260 INFO atx_db.fundamentals: companyfacts processed=6975 total=20390 loaded=5905 empty=1035 unavailable=35 failed=0 rows=0
2026-09-21 18:14:28,819 INFO atx_db.fundamentals: companyfacts processed=7000 total=20390 loaded=5926 empty=1039 unavailable=35 failed=0 rows=0
2026-09-21 18:14:32,076 INFO atx_db.fundamentals: companyfacts processed=7025 total=20390 loaded=5948 empty=1042 unavailable=35 failed=0 rows=0
2026-09-21 18:14:34,448 INFO atx_db.fundamentals: companyfacts processed=7050 total=20390 loaded=5971 empty=1044 unavailable=35 failed=0 rows=0
2026-09-21 18:14:38,250 INFO atx_db.fundamentals: companyfacts processed=7075 total=20390 loaded=5993 empty=1047 unavailable=35 failed=0 rows=0
2026-09-21 18:14:41,039 INFO atx_db.fundamentals: companyfacts processed=7100 total=20390 loaded=6015 empty=1050 unavailable=35 failed=0 rows=0
2026-09-21 18:14:44,929 INFO atx_db.fundamentals: companyfacts processed=7125 total=20390 loaded=6037 empty=1053 unavailable=35 failed=0 rows=0
2026-09-21 18:14:47,445 INFO atx_db.fundamentals: companyfacts processed=7150 total=20390 loaded=6059 empty=1056 unavailable=35 failed=0 rows=0
2026-09-21 18:14:51,283 INFO atx_db.fundamentals: companyfacts processed=7175 total=20390 loaded=6076 empty=1064 unavailable=35 failed=0 rows=0
2026-09-21 18:14:53,807 INFO atx_db.fundamentals: companyfacts processed=7200 total=20390 loaded=6100 empty=1065 unavailable=35 failed=0 rows=0
2026-09-21 18:14:57,381 INFO atx_db.fundamentals: companyfacts processed=7225 total=20390 loaded=6122 empty=1068 unavailable=35 failed=0 rows=0
2026-09-21 18:15:00,159 INFO atx_db.fundamentals: companyfacts processed=7250 total=20390 loaded=6145 empty=1069 unavailable=36 failed=0 rows=0
2026-09-21 18:15:03,741 INFO atx_db.fundamentals: companyfacts processed=7275 total=20390 loaded=6166 empty=1073 unavailable=36 failed=0 rows=0
2026-09-21 18:15:07,698 INFO atx_db.fundamentals: companyfacts processed=7300 total=20390 loaded=6188 empty=1076 unavailable=36 failed=0 rows=0
2026-09-21 18:15:10,457 INFO atx_db.fundamentals: companyfacts processed=7325 total=20390 loaded=6210 empty=1079 unavailable=36 failed=0 rows=0
2026-09-21 18:15:13,805 INFO atx_db.fundamentals: companyfacts processed=7350 total=20390 loaded=6233 empty=1081 unavailable=36 failed=0 rows=0
2026-09-21 18:15:16,256 INFO atx_db.fundamentals: companyfacts processed=7375 total=20390 loaded=6257 empty=1082 unavailable=36 failed=0 rows=0
2026-09-21 18:15:19,824 INFO atx_db.fundamentals: companyfacts processed=7400 total=20390 loaded=6281 empty=1083 unavailable=36 failed=0 rows=0
2026-09-21 18:15:22,109 INFO atx_db.fundamentals: companyfacts processed=7425 total=20390 loaded=6303 empty=1084 unavailable=38 failed=0 rows=0
2026-09-21 18:15:25,164 INFO atx_db.fundamentals: companyfacts processed=7450 total=20390 loaded=6327 empty=1085 unavailable=38 failed=0 rows=0
2026-09-21 18:15:27,543 INFO atx_db.fundamentals: companyfacts processed=7475 total=20390 loaded=6350 empty=1087 unavailable=38 failed=0 rows=0
2026-09-21 18:15:31,425 INFO atx_db.fundamentals: companyfacts processed=7500 total=20390 loaded=6372 empty=1089 unavailable=39 failed=0 rows=0
2026-09-21 18:15:33,753 INFO atx_db.fundamentals: companyfacts processed=7525 total=20390 loaded=6395 empty=1091 unavailable=39 failed=0 rows=0
2026-09-21 18:15:37,025 INFO atx_db.fundamentals: companyfacts processed=7550 total=20390 loaded=6415 empty=1096 unavailable=39 failed=0 rows=0
2026-09-21 18:15:39,323 INFO atx_db.fundamentals: companyfacts processed=7575 total=20390 loaded=6439 empty=1097 unavailable=39 failed=0 rows=0
2026-09-21 18:15:42,931 INFO atx_db.fundamentals: companyfacts processed=7600 total=20390 loaded=6456 empty=1105 unavailable=39 failed=0 rows=0
2026-09-21 18:15:45,651 INFO atx_db.fundamentals: companyfacts processed=7625 total=20390 loaded=6480 empty=1106 unavailable=39 failed=0 rows=0
2026-09-21 18:15:48,684 INFO atx_db.fundamentals: companyfacts processed=7650 total=20390 loaded=6505 empty=1106 unavailable=39 failed=0 rows=0
2026-09-21 18:15:50,961 INFO atx_db.fundamentals: companyfacts processed=7675 total=20390 loaded=6529 empty=1107 unavailable=39 failed=0 rows=0
2026-09-21 18:15:54,149 INFO atx_db.fundamentals: companyfacts processed=7700 total=20390 loaded=6554 empty=1107 unavailable=39 failed=0 rows=0
2026-09-21 18:16:01,496 INFO atx_db.fundamentals: companyfacts processed=7725 total=20390 loaded=6576 empty=1110 unavailable=39 failed=0 rows=11062
2026-09-21 18:16:46,801 INFO atx_db.fundamentals: companyfacts processed=7750 total=20390 loaded=6596 empty=1115 unavailable=39 failed=0 rows=65068
2026-09-21 18:17:43,614 INFO atx_db.fundamentals: companyfacts processed=7775 total=20390 loaded=6620 empty=1116 unavailable=39 failed=0 rows=152789
2026-09-21 18:18:32,301 INFO atx_db.fundamentals: companyfacts processed=7800 total=20390 loaded=6644 empty=1117 unavailable=39 failed=0 rows=246798
2026-09-21 18:19:05,365 INFO atx_db.fundamentals: companyfacts processed=7825 total=20390 loaded=6668 empty=1118 unavailable=39 failed=0 rows=309301
2026-09-21 18:19:39,307 INFO atx_db.fundamentals: companyfacts processed=7850 total=20390 loaded=6689 empty=1122 unavailable=39 failed=0 rows=375007
2026-09-21 18:20:15,244 INFO atx_db.fundamentals: companyfacts processed=7875 total=20390 loaded=6712 empty=1124 unavailable=39 failed=0 rows=442567
2026-09-21 18:21:07,002 INFO atx_db.fundamentals: companyfacts processed=7900 total=20390 loaded=6736 empty=1125 unavailable=39 failed=0 rows=523217
2026-09-21 18:21:40,502 INFO atx_db.fundamentals: companyfacts processed=7925 total=20390 loaded=6760 empty=1126 unavailable=39 failed=0 rows=588739
2026-09-21 18:22:20,796 INFO atx_db.fundamentals: companyfacts processed=7950 total=20390 loaded=6784 empty=1127 unavailable=39 failed=0 rows=643388
