2026-09-24 20:53:53,609 INFO atx_db.fundamentals: companyfacts resume verifying receipts and retained fact/point rows
2026-09-24 20:53:53,746 INFO atx_db._companyfacts_resume: companyfacts resume receipts=9462 lineage_runs=16; inventorying retained issuer counts
2026-09-24 20:53:58,960 INFO atx_db._companyfacts_resume: companyfacts resume aggregating retained fact fingerprints
2026-09-24 20:58:05,452 INFO atx_db._companyfacts_resume: companyfacts resume fact_identity_groups=12959; aggregating retained point fingerprints
2026-09-24 21:02:36,554 INFO atx_db._companyfacts_resume: companyfacts resume point_identity_groups=12959; recovering unresolved issuer summaries
2026-09-24 21:02:41,663 INFO atx_db.fundamentals: companyfacts resume verified targets=9462 rows=39457715
2026-09-24 21:02:41,663 INFO atx_db.fundamentals: companyfacts processed=0 total=20390 loaded=0 empty=0 unavailable=0 failed=0 rows=0
2026-09-24 21:02:43,923 INFO atx_db.fundamentals: companyfacts CIK inventory issuers=12959 spellings=12959 elapsed_seconds=2.004
2026-09-24 21:02:44,532 INFO atx_db.fundamentals: companyfacts processed=25 total=20390 loaded=19 empty=5 unavailable=1 failed=0 rows=0
2026-09-24 21:02:45,303 INFO atx_db.fundamentals: companyfacts processed=50 total=20390 loaded=40 empty=9 unavailable=1 failed=0 rows=0
2026-09-24 21:02:49,385 INFO atx_db.fundamentals: companyfacts processed=75 total=20390 loaded=64 empty=10 unavailable=1 failed=0 rows=0
2026-09-24 21:02:50,163 INFO atx_db.fundamentals: companyfacts processed=100 total=20390 loaded=87 empty=12 unavailable=1 failed=0 rows=0
2026-09-24 21:02:50,912 INFO atx_db.fundamentals: companyfacts processed=125 total=20390 loaded=107 empty=17 unavailable=1 failed=0 rows=0
2026-09-24 21:02:51,701 INFO atx_db.fundamentals: companyfacts processed=150 total=20390 loaded=130 empty=19 unavailable=1 failed=0 rows=0
2026-09-24 21:02:55,914 INFO atx_db.fundamentals: companyfacts processed=175 total=20390 loaded=154 empty=20 unavailable=1 failed=0 rows=0
2026-09-24 21:02:56,758 INFO atx_db.fundamentals: companyfacts processed=200 total=20390 loaded=178 empty=21 unavailable=1 failed=0 rows=0
2026-09-24 21:02:57,563 INFO atx_db.fundamentals: companyfacts processed=225 total=20390 loaded=202 empty=21 unavailable=2 failed=0 rows=0
2026-09-24 21:02:58,370 INFO atx_db.fundamentals: companyfacts processed=250 total=20390 loaded=224 empty=24 unavailable=2 failed=0 rows=0
2026-09-24 21:02:59,211 INFO atx_db.fundamentals: companyfacts processed=275 total=20390 loaded=245 empty=28 unavailable=2 failed=0 rows=0
2026-09-24 21:03:03,798 INFO atx_db.fundamentals: companyfacts processed=300 total=20390 loaded=266 empty=32 unavailable=2 failed=0 rows=0
2026-09-24 21:03:04,642 INFO atx_db.fundamentals: companyfacts processed=325 total=20390 loaded=289 empty=34 unavailable=2 failed=0 rows=0
2026-09-24 21:03:05,564 INFO atx_db.fundamentals: companyfacts processed=350 total=20390 loaded=309 empty=39 unavailable=2 failed=0 rows=0
2026-09-24 21:03:09,316 INFO atx_db.fundamentals: companyfacts processed=375 total=20390 loaded=331 empty=42 unavailable=2 failed=0 rows=0
2026-09-24 21:03:10,100 INFO atx_db.fundamentals: companyfacts processed=400 total=20390 loaded=353 empty=45 unavailable=2 failed=0 rows=0
2026-09-24 21:03:10,890 INFO atx_db.fundamentals: companyfacts processed=425 total=20390 loaded=374 empty=48 unavailable=3 failed=0 rows=0
2026-09-24 21:03:14,486 INFO atx_db.fundamentals: companyfacts processed=450 total=20390 loaded=397 empty=50 unavailable=3 failed=0 rows=0
2026-09-24 21:03:15,163 INFO atx_db.fundamentals: companyfacts processed=475 total=20390 loaded=419 empty=53 unavailable=3 failed=0 rows=0
2026-09-24 21:03:15,881 INFO atx_db.fundamentals: companyfacts processed=500 total=20390 loaded=444 empty=53 unavailable=3 failed=0 rows=0
2026-09-24 21:03:16,597 INFO atx_db.fundamentals: companyfacts processed=525 total=20390 loaded=467 empty=55 unavailable=3 failed=0 rows=0
2026-09-24 21:03:17,481 INFO atx_db.fundamentals: companyfacts processed=550 total=20390 loaded=490 empty=57 unavailable=3 failed=0 rows=0
2026-09-24 21:03:21,284 INFO atx_db.fundamentals: companyfacts processed=575 total=20390 loaded=512 empty=60 unavailable=3 failed=0 rows=0
2026-09-24 21:03:22,104 INFO atx_db.fundamentals: companyfacts processed=600 total=20390 loaded=537 empty=60 unavailable=3 failed=0 rows=0
2026-09-24 21:03:22,822 INFO atx_db.fundamentals: companyfacts processed=625 total=20390 loaded=559 empty=63 unavailable=3 failed=0 rows=0
2026-09-24 21:03:23,570 INFO atx_db.fundamentals: companyfacts processed=650 total=20390 loaded=581 empty=66 unavailable=3 failed=0 rows=0
2026-09-24 21:03:27,446 INFO atx_db.fundamentals: companyfacts processed=675 total=20390 loaded=604 empty=68 unavailable=3 failed=0 rows=0
2026-09-24 21:03:28,205 INFO atx_db.fundamentals: companyfacts processed=700 total=20390 loaded=625 empty=71 unavailable=4 failed=0 rows=0
2026-09-24 21:03:32,253 INFO atx_db.fundamentals: companyfacts processed=725 total=20390 loaded=638 empty=83 unavailable=4 failed=0 rows=0
2026-09-24 21:03:33,010 INFO atx_db.fundamentals: companyfacts processed=750 total=20390 loaded=662 empty=84 unavailable=4 failed=0 rows=0
2026-09-24 21:03:36,467 INFO atx_db.fundamentals: companyfacts processed=775 total=20390 loaded=681 empty=90 unavailable=4 failed=0 rows=0
2026-09-24 21:03:37,213 INFO atx_db.fundamentals: companyfacts processed=800 total=20390 loaded=703 empty=93 unavailable=4 failed=0 rows=0
2026-09-24 21:03:37,983 INFO atx_db.fundamentals: companyfacts processed=825 total=20390 loaded=728 empty=93 unavailable=4 failed=0 rows=0
2026-09-24 21:03:38,746 INFO atx_db.fundamentals: companyfacts processed=850 total=20390 loaded=752 empty=94 unavailable=4 failed=0 rows=0
2026-09-24 21:03:42,678 INFO atx_db.fundamentals: companyfacts processed=875 total=20390 loaded=774 empty=97 unavailable=4 failed=0 rows=0
2026-09-24 21:03:43,437 INFO atx_db.fundamentals: companyfacts processed=900 total=20390 loaded=796 empty=100 unavailable=4 failed=0 rows=0
2026-09-24 21:03:47,150 INFO atx_db.fundamentals: companyfacts processed=925 total=20390 loaded=814 empty=106 unavailable=5 failed=0 rows=0
2026-09-24 21:03:48,015 INFO atx_db.fundamentals: companyfacts processed=950 total=20390 loaded=837 empty=107 unavailable=6 failed=0 rows=0
2026-09-24 21:03:48,866 INFO atx_db.fundamentals: companyfacts processed=975 total=20390 loaded=860 empty=109 unavailable=6 failed=0 rows=0
2026-09-24 21:03:52,478 INFO atx_db.fundamentals: companyfacts processed=1000 total=20390 loaded=877 empty=116 unavailable=7 failed=0 rows=0
2026-09-24 21:03:53,134 INFO atx_db.fundamentals: companyfacts processed=1025 total=20390 loaded=894 empty=123 unavailable=8 failed=0 rows=0
2026-09-24 21:03:56,309 INFO atx_db.fundamentals: companyfacts processed=1050 total=20390 loaded=914 empty=128 unavailable=8 failed=0 rows=0
2026-09-24 21:03:57,041 INFO atx_db.fundamentals: companyfacts processed=1075 total=20390 loaded=934 empty=133 unavailable=8 failed=0 rows=0
2026-09-24 21:04:00,564 INFO atx_db.fundamentals: companyfacts processed=1100 total=20390 loaded=954 empty=138 unavailable=8 failed=0 rows=0
2026-09-24 21:04:01,267 INFO atx_db.fundamentals: companyfacts processed=1125 total=20390 loaded=973 empty=143 unavailable=9 failed=0 rows=0
2026-09-24 21:04:04,766 INFO atx_db.fundamentals: companyfacts processed=1150 total=20390 loaded=994 empty=147 unavailable=9 failed=0 rows=0
2026-09-24 21:04:05,592 INFO atx_db.fundamentals: companyfacts processed=1175 total=20390 loaded=1016 empty=150 unavailable=9 failed=0 rows=0
2026-09-24 21:04:06,381 INFO atx_db.fundamentals: companyfacts processed=1200 total=20390 loaded=1038 empty=153 unavailable=9 failed=0 rows=0
2026-09-24 21:04:10,049 INFO atx_db.fundamentals: companyfacts processed=1225 total=20390 loaded=1060 empty=156 unavailable=9 failed=0 rows=0
2026-09-24 21:04:10,852 INFO atx_db.fundamentals: companyfacts processed=1250 total=20390 loaded=1082 empty=158 unavailable=10 failed=0 rows=0
2026-09-24 21:04:14,252 INFO atx_db.fundamentals: companyfacts processed=1275 total=20390 loaded=1098 empty=167 unavailable=10 failed=0 rows=0
2026-09-24 21:04:15,027 INFO atx_db.fundamentals: companyfacts processed=1300 total=20390 loaded=1115 empty=175 unavailable=10 failed=0 rows=0
2026-09-24 21:04:18,703 INFO atx_db.fundamentals: companyfacts processed=1325 total=20390 loaded=1134 empty=181 unavailable=10 failed=0 rows=0
2026-09-24 21:04:19,344 INFO atx_db.fundamentals: companyfacts processed=1350 total=20390 loaded=1154 empty=185 unavailable=11 failed=0 rows=0
2026-09-24 21:04:22,732 INFO atx_db.fundamentals: companyfacts processed=1375 total=20390 loaded=1176 empty=188 unavailable=11 failed=0 rows=0
2026-09-24 21:04:23,452 INFO atx_db.fundamentals: companyfacts processed=1400 total=20390 loaded=1195 empty=194 unavailable=11 failed=0 rows=0
2026-09-24 21:04:24,354 INFO atx_db.fundamentals: companyfacts processed=1425 total=20390 loaded=1219 empty=195 unavailable=11 failed=0 rows=0
2026-09-24 21:04:28,226 INFO atx_db.fundamentals: companyfacts processed=1450 total=20390 loaded=1243 empty=196 unavailable=11 failed=0 rows=0
2026-09-24 21:04:29,146 INFO atx_db.fundamentals: companyfacts processed=1475 total=20390 loaded=1267 empty=197 unavailable=11 failed=0 rows=0
2026-09-24 21:04:30,004 INFO atx_db.fundamentals: companyfacts processed=1500 total=20390 loaded=1286 empty=202 unavailable=12 failed=0 rows=0
2026-09-24 21:04:30,837 INFO atx_db.fundamentals: companyfacts processed=1525 total=20390 loaded=1309 empty=204 unavailable=12 failed=0 rows=0
2026-09-24 21:04:34,447 INFO atx_db.fundamentals: companyfacts processed=1550 total=20390 loaded=1330 empty=208 unavailable=12 failed=0 rows=0
2026-09-24 21:04:35,275 INFO atx_db.fundamentals: companyfacts processed=1575 total=20390 loaded=1353 empty=210 unavailable=12 failed=0 rows=0
2026-09-24 21:04:36,082 INFO atx_db.fundamentals: companyfacts processed=1600 total=20390 loaded=1375 empty=213 unavailable=12 failed=0 rows=0
2026-09-24 21:04:39,792 INFO atx_db.fundamentals: companyfacts processed=1625 total=20390 loaded=1393 empty=220 unavailable=12 failed=0 rows=0
2026-09-24 21:04:43,304 INFO atx_db.fundamentals: companyfacts processed=1650 total=20390 loaded=1412 empty=226 unavailable=12 failed=0 rows=0
2026-09-24 21:04:44,157 INFO atx_db.fundamentals: companyfacts processed=1675 total=20390 loaded=1432 empty=230 unavailable=13 failed=0 rows=0
2026-09-24 21:04:44,924 INFO atx_db.fundamentals: companyfacts processed=1700 total=20390 loaded=1452 empty=234 unavailable=14 failed=0 rows=0
2026-09-24 21:04:48,329 INFO atx_db.fundamentals: companyfacts processed=1725 total=20390 loaded=1473 empty=237 unavailable=15 failed=0 rows=0
2026-09-24 21:04:49,053 INFO atx_db.fundamentals: companyfacts processed=1750 total=20390 loaded=1493 empty=242 unavailable=15 failed=0 rows=0
2026-09-24 21:04:52,243 INFO atx_db.fundamentals: companyfacts processed=1775 total=20390 loaded=1514 empty=246 unavailable=15 failed=0 rows=0
2026-09-24 21:04:53,002 INFO atx_db.fundamentals: companyfacts processed=1800 total=20390 loaded=1533 empty=250 unavailable=17 failed=0 rows=0
2026-09-24 21:04:56,493 INFO atx_db.fundamentals: companyfacts processed=1825 total=20390 loaded=1552 empty=256 unavailable=17 failed=0 rows=0
2026-09-24 21:04:57,144 INFO atx_db.fundamentals: companyfacts processed=1850 total=20390 loaded=1573 empty=260 unavailable=17 failed=0 rows=0
2026-09-24 21:05:00,595 INFO atx_db.fundamentals: companyfacts processed=1875 total=20390 loaded=1591 empty=267 unavailable=17 failed=0 rows=0
2026-09-24 21:05:01,477 INFO atx_db.fundamentals: companyfacts processed=1900 total=20390 loaded=1613 empty=270 unavailable=17 failed=0 rows=0
2026-09-24 21:05:05,050 INFO atx_db.fundamentals: companyfacts processed=1925 total=20390 loaded=1631 empty=276 unavailable=18 failed=0 rows=0
2026-09-24 21:05:05,820 INFO atx_db.fundamentals: companyfacts processed=1950 total=20390 loaded=1652 empty=280 unavailable=18 failed=0 rows=0
2026-09-24 21:05:06,539 INFO atx_db.fundamentals: companyfacts processed=1975 total=20390 loaded=1672 empty=285 unavailable=18 failed=0 rows=0
2026-09-24 21:05:10,116 INFO atx_db.fundamentals: companyfacts processed=2000 total=20390 loaded=1694 empty=288 unavailable=18 failed=0 rows=0
2026-09-24 21:05:10,845 INFO atx_db.fundamentals: companyfacts processed=2025 total=20390 loaded=1716 empty=291 unavailable=18 failed=0 rows=0
2026-09-24 21:05:14,636 INFO atx_db.fundamentals: companyfacts processed=2050 total=20390 loaded=1731 empty=301 unavailable=18 failed=0 rows=0
2026-09-24 21:05:18,252 INFO atx_db.fundamentals: companyfacts processed=2075 total=20390 loaded=1749 empty=308 unavailable=18 failed=0 rows=0
2026-09-24 21:05:19,116 INFO atx_db.fundamentals: companyfacts processed=2100 total=20390 loaded=1769 empty=312 unavailable=19 failed=0 rows=0
2026-09-24 21:05:19,819 INFO atx_db.fundamentals: companyfacts processed=2125 total=20390 loaded=1791 empty=315 unavailable=19 failed=0 rows=0
2026-09-24 21:05:23,824 INFO atx_db.fundamentals: companyfacts processed=2150 total=20390 loaded=1810 empty=319 unavailable=21 failed=0 rows=0
2026-09-24 21:05:24,706 INFO atx_db.fundamentals: companyfacts processed=2175 total=20390 loaded=1830 empty=324 unavailable=21 failed=0 rows=0
2026-09-24 21:05:28,588 INFO atx_db.fundamentals: companyfacts processed=2200 total=20390 loaded=1848 empty=329 unavailable=23 failed=0 rows=0
2026-09-24 21:05:32,650 INFO atx_db.fundamentals: companyfacts processed=2225 total=20390 loaded=1864 empty=338 unavailable=23 failed=0 rows=0
2026-09-24 21:05:33,338 INFO atx_db.fundamentals: companyfacts processed=2250 total=20390 loaded=1885 empty=342 unavailable=23 failed=0 rows=0
2026-09-24 21:05:34,031 INFO atx_db.fundamentals: companyfacts processed=2275 total=20390 loaded=1907 empty=345 unavailable=23 failed=0 rows=0
2026-09-24 21:05:37,427 INFO atx_db.fundamentals: companyfacts processed=2300 total=20390 loaded=1926 empty=351 unavailable=23 failed=0 rows=0
2026-09-24 21:05:38,073 INFO atx_db.fundamentals: companyfacts processed=2325 total=20390 loaded=1947 empty=355 unavailable=23 failed=0 rows=0
2026-09-24 21:05:41,521 INFO atx_db.fundamentals: companyfacts processed=2350 total=20390 loaded=1970 empty=357 unavailable=23 failed=0 rows=0
2026-09-24 21:05:42,643 INFO atx_db.fundamentals: companyfacts processed=2375 total=20390 loaded=1987 empty=364 unavailable=24 failed=0 rows=0
2026-09-24 21:05:45,868 INFO atx_db.fundamentals: companyfacts processed=2400 total=20390 loaded=2003 empty=372 unavailable=25 failed=0 rows=0
2026-09-24 21:05:46,561 INFO atx_db.fundamentals: companyfacts processed=2425 total=20390 loaded=2026 empty=374 unavailable=25 failed=0 rows=0
2026-09-24 21:05:49,913 INFO atx_db.fundamentals: companyfacts processed=2450 total=20390 loaded=2047 empty=378 unavailable=25 failed=0 rows=0
2026-09-24 21:05:50,535 INFO atx_db.fundamentals: companyfacts processed=2475 total=20390 loaded=2065 empty=385 unavailable=25 failed=0 rows=0
2026-09-24 21:05:53,905 INFO atx_db.fundamentals: companyfacts processed=2500 total=20390 loaded=2080 empty=395 unavailable=25 failed=0 rows=0
2026-09-24 21:05:57,271 INFO atx_db.fundamentals: companyfacts processed=2525 total=20390 loaded=2099 empty=401 unavailable=25 failed=0 rows=0
2026-09-24 21:05:57,922 INFO atx_db.fundamentals: companyfacts processed=2550 total=20390 loaded=2122 empty=403 unavailable=25 failed=0 rows=0
2026-09-24 21:06:01,292 INFO atx_db.fundamentals: companyfacts processed=2575 total=20390 loaded=2142 empty=408 unavailable=25 failed=0 rows=0
2026-09-24 21:06:01,915 INFO atx_db.fundamentals: companyfacts processed=2600 total=20390 loaded=2162 empty=413 unavailable=25 failed=0 rows=0
2026-09-24 21:06:02,764 INFO atx_db.fundamentals: companyfacts processed=2625 total=20390 loaded=2185 empty=415 unavailable=25 failed=0 rows=0
2026-09-24 21:06:06,413 INFO atx_db.fundamentals: companyfacts processed=2650 total=20390 loaded=2202 empty=423 unavailable=25 failed=0 rows=0
2026-09-24 21:06:09,567 INFO atx_db.fundamentals: companyfacts processed=2675 total=20390 loaded=2221 empty=429 unavailable=25 failed=0 rows=0
2026-09-24 21:06:10,222 INFO atx_db.fundamentals: companyfacts processed=2700 total=20390 loaded=2241 empty=434 unavailable=25 failed=0 rows=0
2026-09-24 21:06:13,978 INFO atx_db.fundamentals: companyfacts processed=2725 total=20390 loaded=2262 empty=438 unavailable=25 failed=0 rows=0
2026-09-24 21:06:14,654 INFO atx_db.fundamentals: companyfacts processed=2750 total=20390 loaded=2285 empty=440 unavailable=25 failed=0 rows=0
2026-09-24 21:06:15,408 INFO atx_db.fundamentals: companyfacts processed=2775 total=20390 loaded=2305 empty=445 unavailable=25 failed=0 rows=0
2026-09-24 21:06:19,558 INFO atx_db.fundamentals: companyfacts processed=2800 total=20390 loaded=2328 empty=447 unavailable=25 failed=0 rows=0
2026-09-24 21:06:20,262 INFO atx_db.fundamentals: companyfacts processed=2825 total=20390 loaded=2350 empty=450 unavailable=25 failed=0 rows=0
2026-09-24 21:06:20,958 INFO atx_db.fundamentals: companyfacts processed=2850 total=20390 loaded=2372 empty=453 unavailable=25 failed=0 rows=0
2026-09-24 21:06:21,692 INFO atx_db.fundamentals: companyfacts processed=2875 total=20390 loaded=2396 empty=454 unavailable=25 failed=0 rows=0
2026-09-24 21:06:25,797 INFO atx_db.fundamentals: companyfacts processed=2900 total=20390 loaded=2417 empty=458 unavailable=25 failed=0 rows=0
2026-09-24 21:06:29,919 INFO atx_db.fundamentals: companyfacts processed=2925 total=20390 loaded=2432 empty=468 unavailable=25 failed=0 rows=0
2026-09-24 21:06:31,821 INFO atx_db.fundamentals: companyfacts processed=2950 total=20390 loaded=2453 empty=472 unavailable=25 failed=0 rows=0
2026-09-24 21:06:42,373 INFO atx_db.fundamentals: companyfacts processed=2975 total=20390 loaded=2474 empty=476 unavailable=25 failed=0 rows=0
2026-09-24 21:06:44,928 INFO atx_db.fundamentals: companyfacts processed=3000 total=20390 loaded=2491 empty=484 unavailable=25 failed=0 rows=0
2026-09-24 21:06:54,866 INFO atx_db.fundamentals: companyfacts processed=3025 total=20390 loaded=2510 empty=490 unavailable=25 failed=0 rows=0
2026-09-24 21:06:56,349 INFO atx_db.fundamentals: companyfacts processed=3050 total=20390 loaded=2533 empty=492 unavailable=25 failed=0 rows=0
2026-09-24 21:07:01,839 INFO atx_db.fundamentals: companyfacts processed=3075 total=20390 loaded=2554 empty=496 unavailable=25 failed=0 rows=0
2026-09-24 21:07:03,033 INFO atx_db.fundamentals: companyfacts processed=3100 total=20390 loaded=2576 empty=499 unavailable=25 failed=0 rows=0
2026-09-24 21:07:03,852 INFO atx_db.fundamentals: companyfacts processed=3125 total=20390 loaded=2597 empty=503 unavailable=25 failed=0 rows=0
2026-09-24 21:07:08,886 INFO atx_db.fundamentals: companyfacts processed=3150 total=20390 loaded=2616 empty=509 unavailable=25 failed=0 rows=0
2026-09-24 21:07:15,898 INFO atx_db.fundamentals: companyfacts processed=3175 total=20390 loaded=2634 empty=516 unavailable=25 failed=0 rows=0
2026-09-24 21:07:17,827 INFO atx_db.fundamentals: companyfacts processed=3200 total=20390 loaded=2655 empty=520 unavailable=25 failed=0 rows=0
2026-09-24 21:07:24,303 INFO atx_db.fundamentals: companyfacts processed=3225 total=20390 loaded=2673 empty=527 unavailable=25 failed=0 rows=0
2026-09-24 21:07:25,974 INFO atx_db.fundamentals: companyfacts processed=3250 total=20390 loaded=2696 empty=529 unavailable=25 failed=0 rows=0
2026-09-24 21:07:32,492 INFO atx_db.fundamentals: companyfacts processed=3275 total=20390 loaded=2714 empty=536 unavailable=25 failed=0 rows=0
2026-09-24 21:07:33,663 INFO atx_db.fundamentals: companyfacts processed=3300 total=20390 loaded=2734 empty=541 unavailable=25 failed=0 rows=0
2026-09-24 21:07:40,038 INFO atx_db.fundamentals: companyfacts processed=3325 total=20390 loaded=2749 empty=551 unavailable=25 failed=0 rows=0
2026-09-24 21:07:41,681 INFO atx_db.fundamentals: companyfacts processed=3350 total=20390 loaded=2771 empty=554 unavailable=25 failed=0 rows=0
2026-09-24 21:07:47,318 INFO atx_db.fundamentals: companyfacts processed=3375 total=20390 loaded=2789 empty=561 unavailable=25 failed=0 rows=0
2026-09-24 21:07:52,187 INFO atx_db.fundamentals: companyfacts processed=3400 total=20390 loaded=2808 empty=567 unavailable=25 failed=0 rows=0
2026-09-24 21:07:53,527 INFO atx_db.fundamentals: companyfacts processed=3425 total=20390 loaded=2826 empty=574 unavailable=25 failed=0 rows=0
2026-09-24 21:07:59,268 INFO atx_db.fundamentals: companyfacts processed=3450 total=20390 loaded=2848 empty=577 unavailable=25 failed=0 rows=0
2026-09-24 21:08:00,014 INFO atx_db.fundamentals: companyfacts processed=3475 total=20390 loaded=2871 empty=579 unavailable=25 failed=0 rows=0
2026-09-24 21:08:00,841 INFO atx_db.fundamentals: companyfacts processed=3500 total=20390 loaded=2892 empty=583 unavailable=25 failed=0 rows=0
2026-09-24 21:08:05,786 INFO atx_db.fundamentals: companyfacts processed=3525 total=20390 loaded=2912 empty=588 unavailable=25 failed=0 rows=0
2026-09-24 21:08:06,730 INFO atx_db.fundamentals: companyfacts processed=3550 total=20390 loaded=2931 empty=594 unavailable=25 failed=0 rows=0
2026-09-24 21:08:11,601 INFO atx_db.fundamentals: companyfacts processed=3575 total=20390 loaded=2947 empty=603 unavailable=25 failed=0 rows=0
2026-09-24 21:08:15,315 INFO atx_db.fundamentals: companyfacts processed=3600 total=20390 loaded=2967 empty=608 unavailable=25 failed=0 rows=0
2026-09-24 21:08:15,988 INFO atx_db.fundamentals: companyfacts processed=3625 total=20390 loaded=2990 empty=610 unavailable=25 failed=0 rows=0
2026-09-24 21:08:16,709 INFO atx_db.fundamentals: companyfacts processed=3650 total=20390 loaded=3012 empty=613 unavailable=25 failed=0 rows=0
2026-09-24 21:08:17,405 INFO atx_db.fundamentals: companyfacts processed=3675 total=20390 loaded=3035 empty=615 unavailable=25 failed=0 rows=0
2026-09-24 21:08:21,631 INFO atx_db.fundamentals: companyfacts processed=3700 total=20390 loaded=3056 empty=619 unavailable=25 failed=0 rows=0
2026-09-24 21:08:22,460 INFO atx_db.fundamentals: companyfacts processed=3725 total=20390 loaded=3077 empty=623 unavailable=25 failed=0 rows=0
2026-09-24 21:08:26,408 INFO atx_db.fundamentals: companyfacts processed=3750 total=20390 loaded=3096 empty=629 unavailable=25 failed=0 rows=0
2026-09-24 21:08:27,067 INFO atx_db.fundamentals: companyfacts processed=3775 total=20390 loaded=3117 empty=633 unavailable=25 failed=0 rows=0
2026-09-24 21:08:31,318 INFO atx_db.fundamentals: companyfacts processed=3800 total=20390 loaded=3135 empty=640 unavailable=25 failed=0 rows=0
2026-09-24 21:08:31,999 INFO atx_db.fundamentals: companyfacts processed=3825 total=20390 loaded=3156 empty=644 unavailable=25 failed=0 rows=0
2026-09-24 21:08:35,825 INFO atx_db.fundamentals: companyfacts processed=3850 total=20390 loaded=3176 empty=649 unavailable=25 failed=0 rows=0
2026-09-24 21:08:36,559 INFO atx_db.fundamentals: companyfacts processed=3875 total=20390 loaded=3197 empty=653 unavailable=25 failed=0 rows=0
2026-09-24 21:08:40,760 INFO atx_db.fundamentals: companyfacts processed=3900 total=20390 loaded=3218 empty=656 unavailable=26 failed=0 rows=0
2026-09-24 21:08:41,491 INFO atx_db.fundamentals: companyfacts processed=3925 total=20390 loaded=3238 empty=661 unavailable=26 failed=0 rows=0
2026-09-24 21:08:42,266 INFO atx_db.fundamentals: companyfacts processed=3950 total=20390 loaded=3263 empty=661 unavailable=26 failed=0 rows=0
2026-09-24 21:08:42,980 INFO atx_db.fundamentals: companyfacts processed=3975 total=20390 loaded=3286 empty=663 unavailable=26 failed=0 rows=0
2026-09-24 21:08:47,082 INFO atx_db.fundamentals: companyfacts processed=4000 total=20390 loaded=3308 empty=666 unavailable=26 failed=0 rows=0
2026-09-24 21:08:47,869 INFO atx_db.fundamentals: companyfacts processed=4025 total=20390 loaded=3332 empty=667 unavailable=26 failed=0 rows=0
2026-09-24 21:08:48,606 INFO atx_db.fundamentals: companyfacts processed=4050 total=20390 loaded=3355 empty=669 unavailable=26 failed=0 rows=0
2026-09-24 21:08:49,332 INFO atx_db.fundamentals: companyfacts processed=4075 total=20390 loaded=3378 empty=671 unavailable=26 failed=0 rows=0
2026-09-24 21:08:53,626 INFO atx_db.fundamentals: companyfacts processed=4100 total=20390 loaded=3401 empty=673 unavailable=26 failed=0 rows=0
2026-09-24 21:08:54,323 INFO atx_db.fundamentals: companyfacts processed=4125 total=20390 loaded=3424 empty=675 unavailable=26 failed=0 rows=0
2026-09-24 21:08:54,978 INFO atx_db.fundamentals: companyfacts processed=4150 total=20390 loaded=3446 empty=678 unavailable=26 failed=0 rows=0
2026-09-24 21:08:55,654 INFO atx_db.fundamentals: companyfacts processed=4175 total=20390 loaded=3470 empty=679 unavailable=26 failed=0 rows=0
2026-09-24 21:08:56,385 INFO atx_db.fundamentals: companyfacts processed=4200 total=20390 loaded=3494 empty=680 unavailable=26 failed=0 rows=0
2026-09-24 21:09:00,307 INFO atx_db.fundamentals: companyfacts processed=4225 total=20390 loaded=3516 empty=683 unavailable=26 failed=0 rows=0
2026-09-24 21:09:01,346 INFO atx_db.fundamentals: companyfacts processed=4250 total=20390 loaded=3535 empty=689 unavailable=26 failed=0 rows=0
2026-09-24 21:09:06,988 INFO atx_db.fundamentals: companyfacts processed=4275 total=20390 loaded=3559 empty=690 unavailable=26 failed=0 rows=0
2026-09-24 21:09:08,270 INFO atx_db.fundamentals: companyfacts processed=4300 total=20390 loaded=3583 empty=691 unavailable=26 failed=0 rows=0
2026-09-24 21:09:09,111 INFO atx_db.fundamentals: companyfacts processed=4325 total=20390 loaded=3604 empty=695 unavailable=26 failed=0 rows=0
2026-09-24 21:09:09,985 INFO atx_db.fundamentals: companyfacts processed=4350 total=20390 loaded=3629 empty=695 unavailable=26 failed=0 rows=0
2026-09-24 21:09:10,822 INFO atx_db.fundamentals: companyfacts processed=4375 total=20390 loaded=3652 empty=697 unavailable=26 failed=0 rows=0
2026-09-24 21:09:14,707 INFO atx_db.fundamentals: companyfacts processed=4400 total=20390 loaded=3675 empty=699 unavailable=26 failed=0 rows=0
2026-09-24 21:09:16,109 INFO atx_db.fundamentals: companyfacts processed=4425 total=20390 loaded=3694 empty=705 unavailable=26 failed=0 rows=0
2026-09-24 21:09:20,554 INFO atx_db.fundamentals: companyfacts processed=4450 total=20390 loaded=3716 empty=708 unavailable=26 failed=0 rows=0
2026-09-24 21:09:21,334 INFO atx_db.fundamentals: companyfacts processed=4475 total=20390 loaded=3738 empty=711 unavailable=26 failed=0 rows=0
2026-09-24 21:09:22,139 INFO atx_db.fundamentals: companyfacts processed=4500 total=20390 loaded=3758 empty=716 unavailable=26 failed=0 rows=0
2026-09-24 21:09:25,734 INFO atx_db.fundamentals: companyfacts processed=4525 total=20390 loaded=3782 empty=717 unavailable=26 failed=0 rows=0
2026-09-24 21:09:26,521 INFO atx_db.fundamentals: companyfacts processed=4550 total=20390 loaded=3807 empty=717 unavailable=26 failed=0 rows=0
2026-09-24 21:09:27,319 INFO atx_db.fundamentals: companyfacts processed=4575 total=20390 loaded=3828 empty=720 unavailable=27 failed=0 rows=0
2026-09-24 21:09:28,456 INFO atx_db.fundamentals: companyfacts processed=4600 total=20390 loaded=3849 empty=724 unavailable=27 failed=0 rows=0
2026-09-24 21:09:32,783 INFO atx_db.fundamentals: companyfacts processed=4625 total=20390 loaded=3872 empty=726 unavailable=27 failed=0 rows=0
2026-09-24 21:09:33,802 INFO atx_db.fundamentals: companyfacts processed=4650 total=20390 loaded=3896 empty=727 unavailable=27 failed=0 rows=0
2026-09-24 21:09:34,725 INFO atx_db.fundamentals: companyfacts processed=4675 total=20390 loaded=3919 empty=729 unavailable=27 failed=0 rows=0
2026-09-24 21:09:35,488 INFO atx_db.fundamentals: companyfacts processed=4700 total=20390 loaded=3942 empty=731 unavailable=27 failed=0 rows=0
2026-09-24 21:09:39,191 INFO atx_db.fundamentals: companyfacts processed=4725 total=20390 loaded=3963 empty=735 unavailable=27 failed=0 rows=0
2026-09-24 21:09:39,927 INFO atx_db.fundamentals: companyfacts processed=4750 total=20390 loaded=3984 empty=739 unavailable=27 failed=0 rows=0
2026-09-24 21:09:44,245 INFO atx_db.fundamentals: companyfacts processed=4775 total=20390 loaded=4004 empty=744 unavailable=27 failed=0 rows=0
2026-09-24 21:09:45,493 INFO atx_db.fundamentals: companyfacts processed=4800 total=20390 loaded=4027 empty=746 unavailable=27 failed=0 rows=0
2026-09-24 21:09:46,677 INFO atx_db.fundamentals: companyfacts processed=4825 total=20390 loaded=4050 empty=748 unavailable=27 failed=0 rows=0
2026-09-24 21:09:47,484 INFO atx_db.fundamentals: companyfacts processed=4850 total=20390 loaded=4073 empty=750 unavailable=27 failed=0 rows=0
2026-09-24 21:09:51,670 INFO atx_db.fundamentals: companyfacts processed=4875 total=20390 loaded=4094 empty=754 unavailable=27 failed=0 rows=0
2026-09-24 21:09:56,966 INFO atx_db.fundamentals: companyfacts processed=4900 total=20390 loaded=4100 empty=773 unavailable=27 failed=0 rows=0
2026-09-24 21:10:03,723 INFO atx_db.fundamentals: companyfacts processed=4925 total=20390 loaded=4123 empty=775 unavailable=27 failed=0 rows=0
2026-09-24 21:10:05,314 INFO atx_db.fundamentals: companyfacts processed=4950 total=20390 loaded=4144 empty=778 unavailable=28 failed=0 rows=0
2026-09-24 21:10:06,230 INFO atx_db.fundamentals: companyfacts processed=4975 total=20390 loaded=4166 empty=781 unavailable=28 failed=0 rows=0
2026-09-24 21:10:07,514 INFO atx_db.fundamentals: companyfacts processed=5000 total=20390 loaded=4191 empty=781 unavailable=28 failed=0 rows=0
2026-09-24 21:10:12,056 INFO atx_db.fundamentals: companyfacts processed=5025 total=20390 loaded=4213 empty=784 unavailable=28 failed=0 rows=0
2026-09-24 21:10:13,411 INFO atx_db.fundamentals: companyfacts processed=5050 total=20390 loaded=4238 empty=784 unavailable=28 failed=0 rows=0
2026-09-24 21:10:14,862 INFO atx_db.fundamentals: companyfacts processed=5075 total=20390 loaded=4261 empty=786 unavailable=28 failed=0 rows=0
2026-09-24 21:10:16,217 INFO atx_db.fundamentals: companyfacts processed=5100 total=20390 loaded=4285 empty=787 unavailable=28 failed=0 rows=0
2026-09-24 21:10:20,101 INFO atx_db.fundamentals: companyfacts processed=5125 total=20390 loaded=4304 empty=793 unavailable=28 failed=0 rows=0
2026-09-24 21:10:20,895 INFO atx_db.fundamentals: companyfacts processed=5150 total=20390 loaded=4326 empty=796 unavailable=28 failed=0 rows=0
2026-09-24 21:10:21,695 INFO atx_db.fundamentals: companyfacts processed=5175 total=20390 loaded=4347 empty=800 unavailable=28 failed=0 rows=0
2026-09-24 21:10:26,039 INFO atx_db.fundamentals: companyfacts processed=5200 total=20390 loaded=4368 empty=804 unavailable=28 failed=0 rows=0
2026-09-24 21:10:27,257 INFO atx_db.fundamentals: companyfacts processed=5225 total=20390 loaded=4392 empty=805 unavailable=28 failed=0 rows=0
2026-09-24 21:10:28,275 INFO atx_db.fundamentals: companyfacts processed=5250 total=20390 loaded=4416 empty=806 unavailable=28 failed=0 rows=0
2026-09-24 21:10:29,257 INFO atx_db.fundamentals: companyfacts processed=5275 total=20390 loaded=4437 empty=810 unavailable=28 failed=0 rows=0
2026-09-24 21:10:33,771 INFO atx_db.fundamentals: companyfacts processed=5300 total=20390 loaded=4459 empty=813 unavailable=28 failed=0 rows=0
2026-09-24 21:10:34,609 INFO atx_db.fundamentals: companyfacts processed=5325 total=20390 loaded=4480 empty=817 unavailable=28 failed=0 rows=0
2026-09-24 21:10:35,590 INFO atx_db.fundamentals: companyfacts processed=5350 total=20390 loaded=4503 empty=819 unavailable=28 failed=0 rows=0
2026-09-24 21:10:39,800 INFO atx_db.fundamentals: companyfacts processed=5375 total=20390 loaded=4526 empty=821 unavailable=28 failed=0 rows=0
2026-09-24 21:10:41,000 INFO atx_db.fundamentals: companyfacts processed=5400 total=20390 loaded=4545 empty=827 unavailable=28 failed=0 rows=0
2026-09-24 21:10:42,479 INFO atx_db.fundamentals: companyfacts processed=5425 total=20390 loaded=4569 empty=828 unavailable=28 failed=0 rows=0
2026-09-24 21:10:43,428 INFO atx_db.fundamentals: companyfacts processed=5450 total=20390 loaded=4593 empty=829 unavailable=28 failed=0 rows=0
2026-09-24 21:10:47,934 INFO atx_db.fundamentals: companyfacts processed=5475 total=20390 loaded=4616 empty=831 unavailable=28 failed=0 rows=0
2026-09-24 21:10:49,305 INFO atx_db.fundamentals: companyfacts processed=5500 total=20390 loaded=4639 empty=833 unavailable=28 failed=0 rows=0
2026-09-24 21:10:50,368 INFO atx_db.fundamentals: companyfacts processed=5525 total=20390 loaded=4663 empty=834 unavailable=28 failed=0 rows=0
2026-09-24 21:10:51,850 INFO atx_db.fundamentals: companyfacts processed=5550 total=20390 loaded=4685 empty=837 unavailable=28 failed=0 rows=0
2026-09-24 21:10:55,845 INFO atx_db.fundamentals: companyfacts processed=5575 total=20390 loaded=4709 empty=838 unavailable=28 failed=0 rows=0
2026-09-24 21:10:56,719 INFO atx_db.fundamentals: companyfacts processed=5600 total=20390 loaded=4733 empty=839 unavailable=28 failed=0 rows=0
2026-09-24 21:10:57,550 INFO atx_db.fundamentals: companyfacts processed=5625 total=20390 loaded=4758 empty=839 unavailable=28 failed=0 rows=0
2026-09-24 21:10:58,352 INFO atx_db.fundamentals: companyfacts processed=5650 total=20390 loaded=4780 empty=842 unavailable=28 failed=0 rows=0
2026-09-24 21:10:59,037 INFO atx_db.fundamentals: companyfacts processed=5675 total=20390 loaded=4804 empty=843 unavailable=28 failed=0 rows=0
2026-09-24 21:11:02,036 INFO atx_db.fundamentals: companyfacts processed=5700 total=20390 loaded=4827 empty=845 unavailable=28 failed=0 rows=0
2026-09-24 21:11:02,727 INFO atx_db.fundamentals: companyfacts processed=5725 total=20390 loaded=4852 empty=845 unavailable=28 failed=0 rows=0
2026-09-24 21:11:03,378 INFO atx_db.fundamentals: companyfacts processed=5750 total=20390 loaded=4876 empty=846 unavailable=28 failed=0 rows=0
2026-09-24 21:11:04,004 INFO atx_db.fundamentals: companyfacts processed=5775 total=20390 loaded=4898 empty=849 unavailable=28 failed=0 rows=0
2026-09-24 21:11:07,135 INFO atx_db.fundamentals: companyfacts processed=5800 total=20390 loaded=4922 empty=850 unavailable=28 failed=0 rows=0
2026-09-24 21:11:07,806 INFO atx_db.fundamentals: companyfacts processed=5825 total=20390 loaded=4943 empty=854 unavailable=28 failed=0 rows=0
2026-09-24 21:11:08,502 INFO atx_db.fundamentals: companyfacts processed=5850 total=20390 loaded=4967 empty=855 unavailable=28 failed=0 rows=0
2026-09-24 21:11:12,163 INFO atx_db.fundamentals: companyfacts processed=5875 total=20390 loaded=4987 empty=860 unavailable=28 failed=0 rows=0
2026-09-24 21:11:12,999 INFO atx_db.fundamentals: companyfacts processed=5900 total=20390 loaded=5011 empty=861 unavailable=28 failed=0 rows=0
2026-09-24 21:11:13,658 INFO atx_db.fundamentals: companyfacts processed=5925 total=20390 loaded=5033 empty=864 unavailable=28 failed=0 rows=0
2026-09-24 21:11:19,167 INFO atx_db.fundamentals: companyfacts processed=5950 total=20390 loaded=5043 empty=879 unavailable=28 failed=0 rows=0
2026-09-24 21:11:19,844 INFO atx_db.fundamentals: companyfacts processed=5975 total=20390 loaded=5066 empty=881 unavailable=28 failed=0 rows=0
2026-09-24 21:11:20,564 INFO atx_db.fundamentals: companyfacts processed=6000 total=20390 loaded=5088 empty=884 unavailable=28 failed=0 rows=0
2026-09-24 21:11:21,211 INFO atx_db.fundamentals: companyfacts processed=6025 total=20390 loaded=5109 empty=888 unavailable=28 failed=0 rows=0
2026-09-24 21:11:21,885 INFO atx_db.fundamentals: companyfacts processed=6050 total=20390 loaded=5134 empty=888 unavailable=28 failed=0 rows=0
2026-09-24 21:11:24,935 INFO atx_db.fundamentals: companyfacts processed=6075 total=20390 loaded=5156 empty=891 unavailable=28 failed=0 rows=0
2026-09-24 21:11:25,677 INFO atx_db.fundamentals: companyfacts processed=6100 total=20390 loaded=5177 empty=895 unavailable=28 failed=0 rows=0
2026-09-24 21:11:26,744 INFO atx_db.fundamentals: companyfacts processed=6125 total=20390 loaded=5199 empty=898 unavailable=28 failed=0 rows=0
2026-09-24 21:11:29,717 INFO atx_db.fundamentals: companyfacts processed=6150 total=20390 loaded=5218 empty=904 unavailable=28 failed=0 rows=0
2026-09-24 21:11:30,402 INFO atx_db.fundamentals: companyfacts processed=6175 total=20390 loaded=5241 empty=906 unavailable=28 failed=0 rows=0
2026-09-24 21:11:33,585 INFO atx_db.fundamentals: companyfacts processed=6200 total=20390 loaded=5262 empty=910 unavailable=28 failed=0 rows=0
2026-09-24 21:11:34,196 INFO atx_db.fundamentals: companyfacts processed=6225 total=20390 loaded=5282 empty=915 unavailable=28 failed=0 rows=0
2026-09-24 21:11:34,970 INFO atx_db.fundamentals: companyfacts processed=6250 total=20390 loaded=5306 empty=915 unavailable=29 failed=0 rows=0
2026-09-24 21:11:35,792 INFO atx_db.fundamentals: companyfacts processed=6275 total=20390 loaded=5330 empty=916 unavailable=29 failed=0 rows=0
2026-09-24 21:11:40,183 INFO atx_db.fundamentals: companyfacts processed=6300 total=20390 loaded=5351 empty=920 unavailable=29 failed=0 rows=0
2026-09-24 21:11:41,184 INFO atx_db.fundamentals: companyfacts processed=6325 total=20390 loaded=5374 empty=922 unavailable=29 failed=0 rows=0
2026-09-24 21:11:42,180 INFO atx_db.fundamentals: companyfacts processed=6350 total=20390 loaded=5398 empty=923 unavailable=29 failed=0 rows=0
