{
  "summary": [
    {
      "path": "src/atx_db/_fundamental_publication.py",
      "baseline": 0,
      "current": 0,
      "added": 0
    },
    {
      "path": "src/atx_db/_bulk_publication.py",
      "baseline": 0,
      "current": 0,
      "added": 0
    },
    {
      "path": "src/atx_db/_standardization_set_based.py",
      "baseline": 0,
      "current": 0,
      "added": 0
    },
    {
      "path": "src/atx_db/calendarization.py",
      "baseline": 1,
      "current": 1,
      "added": 0
    },
    {
      "path": "src/atx_db/fundamental_statements.py",
      "baseline": 0,
      "current": 0,
      "added": 0
    },
    {
      "path": "src/atx_db/fundamentals.py",
      "baseline": 0,
      "current": 0,
      "added": 0
    },
    {
      "path": "src/atx_db/migrations/bodies_0318.py",
      "baseline": 0,
      "current": 0,
      "added": 0
    },
    {
      "path": "src/atx_db/migrations/registry.py",
      "baseline": 0,
      "current": 0,
      "added": 0
    },
    {
      "path": "src/atx_db/migrations/__init__.py",
      "baseline": 0,
      "current": 0,
      "added": 0
    },
    {
      "path": "src/atx_db/schema.py",
      "baseline": 1,
      "current": 1,
      "added": 0
    },
    {
      "path": "tests/test_fundamental_publication.py",
      "baseline": 0,
      "current": 0,
      "added": 0
    }
  ],
  "new_findings": []
}
