src\atx_db\fundamental_xbrl_metrics.py:31: error: Module "atx_db.fundamental_statements" does not explicitly export attribute "FundamentalStatementMapRow"  [attr-defined]
src\atx_db\fundamental_xbrl_metrics.py:100: error: "object" has no attribute "__iter__"; maybe "__dir__" or "__str__"? (not iterable)  [attr-defined]
src\atx_db\features.py:334: error: No overload variant of "isna" matches argument type "object"  [call-overload]
src\atx_db\features.py:334: note: Possible overload variants:
src\atx_db\features.py:334: note:     def isna(obj: DataFrame) -> DataFrame
src\atx_db\features.py:334: note:     def isna(obj: Series[Any]) -> Series[bool]
src\atx_db\features.py:334: note:     def [ScalarT: str | bytes | date | datetime | timedelta | <7 more items> | complex | integer[Any] | floating[Any] | complexfloating[Any, Any]] isna(obj: Index[Any] | ExtensionArray | list[ScalarT]) -> ndarray[tuple[int], dtype[numpy.bool[builtins.bool]]]
src\atx_db\features.py:334: note:     def [ShapeT: tuple[int, ...]] isna(obj: ndarray[ShapeT, dtype[Any]]) -> ndarray[ShapeT, dtype[numpy.bool[builtins.bool]]]
src\atx_db\features.py:334: note:     def isna(obj: list[Any]) -> ndarray[tuple[Any, ...], dtype[numpy.bool[builtins.bool]]]
src\atx_db\features.py:334: note:     def isna(obj: str | bytes | date | datetime | timedelta | <7 more items> | complex | integer[Any] | floating[Any] | complexfloating[Any, Any] | NaTType | NAType | None) -> TypeIs[NaTType | NAType | None]
src\atx_db\features.py:402: error: Argument 1 to "int" has incompatible type "str | bytes | date | timedelta | datetime64[Any] | <7 more items>"; expected "str | Buffer | SupportsInt | SupportsIndex | SupportsTrunc"  [arg-type]
src\atx_db\features.py:444: error: Incompatible types in assignment (expression has type "str | bytes | date | datetime | timedelta | <7 more items> | complex | integer[Any] | floating[Any] | complexfloating[Any, Any]", variable has type "str")  [assignment]
src\atx_db\features.py:790: error: Value of type "tuple[Any, ...] | None" is not indexable  [index]
src\atx_db\estimates\measure_actuals.py:6: error: Name "_MEASURE_ROWS" already defined (possibly by an import)  [no-redef]
src\atx_db\asof\fundamentals.py:3: error: Module "atx_db.asof._common" does not explicitly export attribute "DEFAULT_DB_PATH"  [attr-defined]
src\atx_db\asof\fundamentals.py:3: error: Module "atx_db.asof._common" does not explicitly export attribute "Path"  [attr-defined]
src\atx_db\asof\fundamentals.py:3: error: Module "atx_db.asof._common" does not explicitly export attribute "connect"  [attr-defined]
src\atx_db\asof\fundamentals.py:3: error: Module "atx_db.asof._common" does not explicitly export attribute "dt"  [attr-defined]
src\atx_db\asof\fundamentals.py:3: error: Module "atx_db.asof._common" does not explicitly export attribute "pd"  [attr-defined]
src\atx_db\fundamentals.py:1108: error: Need type annotation for "verified_members" (hint: "verified_members: dict[<type>, <type>] = ...")  [var-annotated]
src\atx_db\fundamentals.py:1274: error: Incompatible types in assignment (expression has type "None", variable has type "str")  [assignment]
src\atx_db\fundamentals.py:1276: error: Value of type "dict[str, Any] | _CompanyFactsArchivePlaceholder | None" is not indexable  [index]
src\atx_db\fundamentals.py:1315: error: Argument 1 to "_companyfacts_archive_identity" has incompatible type "Path | None"; expected "Path"  [arg-type]
Found 16 errors in 5 files (checked 8 source files)
