{
  "train_complete": 48,
  "validation_started": 14,
  "validation_complete": 13,
  "common_candidates": 10,
  "baseline_truncated_csv_rows_excluded": 1,
  "comparable_values": 62376,
  "nonzero_differences": 0,
  "maximum_absolute_ic_difference": 0.0,
  "paired_candidate_seconds": {
    "before": 84.7718953,
    "after": 24.0903013
  },
  "train_wall_seconds": 131.6661917,
  "train_stage_seconds": {
    "composition": 13.259457000000001,
    "ic": 77.44069409999999,
    "label_preparation": 1.1703374,
    "load": 7.8141655,
    "vm": 29.358694900000003
  },
  "orientations_sha256": "5106fdc13fc5347c9c2c670714c134a1978e6b7a0d2d2b5dd79bacb7dfb782d6"
}
{
  "mean_monthly_turnover": 0.3532054315137483,
  "max_monthly_turnover": 0.8008264904139168,
  "initial_deployment_included": true,
  "deployment_turnover": 0.25000000000000044,
  "mean_gross": 0.9012115324648939,
  "minimum_gross": 0.24913279037914118,
  "maximum_absolute_net": 0.06453410730515528,
  "mean_contribution_fraction": 0.8979565726629679,
  "interpretation": "planned sum(abs(weight change)); no price drift, executed trades, costs or capacity"
}
